
> greglite@0.1.0 test:run D:\Projects\GregLite\app
> vitest run


[1m[46m RUN [49m[22m [36mv4.0.17 [39m[90mD:/Projects/GregLite/app[39m

[90mstderr[2m | lib/ghost/__tests__/watcher-bridge.test.ts[2m > [22m[2mwatcher-bridge[2m > [22m[2mstartWatching[2m > [22m[2mdoes not throw when invoke fails
[22m[39m[ghost] startWatching failed: Error: Tauri not available
    at D:/Projects/GregLite/app/lib/ghost/__tests__/watcher-bridge.test.ts:135:42
    at [90mfile:///D:/Projects/GregLite/app/[39mnode_modules/[4m.pnpm[24m/@vitest+runner@4.0.17/node_modules/[4m@vitest[24m/runner/dist/index.js:145:11
    at [90mfile:///D:/Projects/GregLite/app/[39mnode_modules/[4m.pnpm[24m/@vitest+runner@4.0.17/node_modules/[4m@vitest[24m/runner/dist/index.js:915:26
    at [90mfile:///D:/Projects/GregLite/app/[39mnode_modules/[4m.pnpm[24m/@vitest+runner@4.0.17/node_modules/[4m@vitest[24m/runner/dist/index.js:1243:20
    at new Promise (<anonymous>)
    at runWithTimeout [90m(file:///D:/Projects/GregLite/app/[39mnode_modules/[4m.pnpm[24m/@vitest+runner@4.0.17/node_modules/[4m@vitest[24m/runner/dist/index.js:1209:10[90m)[39m
    at [90mfile:///D:/Projects/GregLite/app/[39mnode_modules/[4m.pnpm[24m/@vitest+runner@4.0.17/node_modules/[4m@vitest[24m/runner/dist/index.js:1653:37
    at Traces.$ [90m(file:///D:/Projects/GregLite/app/[39mnode_modules/[4m.pnpm[24m/vitest@4.0.17_@opentelemetr_6311d9b92db8bd24cb6d85320592a23a/node_modules/[4mvitest[24m/dist/chunks/traces.CCmnQaNT.js:142:27[90m)[39m
    at trace [90m(file:///D:/Projects/GregLite/app/[39mnode_modules/[4m.pnpm[24m/vitest@4.0.17_@opentelemetr_6311d9b92db8bd24cb6d85320592a23a/node_modules/[4mvitest[24m/dist/chunks/test.B8ej_ZHS.js:239:21[90m)[39m
    at runTest [90m(file:///D:/Projects/GregLite/app/[39mnode_modules/[4m.pnpm[24m/@vitest+runner@4.0.17/node_modules/[4m@vitest[24m/runner/dist/index.js:1653:12[90m)[39m

[90mstderr[2m | lib/ghost/__tests__/watcher-bridge.test.ts[2m > [22m[2mwatcher-bridge[2m > [22m[2mstopWatching[2m > [22m[2mdoes not throw when invoke fails
[22m[39m[ghost] stopWatching failed: Error: Tauri not available
    at D:/Projects/GregLite/app/lib/ghost/__tests__/watcher-bridge.test.ts:149:42
    at [90mfile:///D:/Projects/GregLite/app/[39mnode_modules/[4m.pnpm[24m/@vitest+runner@4.0.17/node_modules/[4m@vitest[24m/runner/dist/index.js:145:11
    at [90mfile:///D:/Projects/GregLite/app/[39mnode_modules/[4m.pnpm[24m/@vitest+runner@4.0.17/node_modules/[4m@vitest[24m/runner/dist/index.js:915:26
    at [90mfile:///D:/Projects/GregLite/app/[39mnode_modules/[4m.pnpm[24m/@vitest+runner@4.0.17/node_modules/[4m@vitest[24m/runner/dist/index.js:1243:20
    at new Promise (<anonymous>)
    at runWithTimeout [90m(file:///D:/Projects/GregLite/app/[39mnode_modules/[4m.pnpm[24m/@vitest+runner@4.0.17/node_modules/[4m@vitest[24m/runner/dist/index.js:1209:10[90m)[39m
    at [90mfile:///D:/Projects/GregLite/app/[39mnode_modules/[4m.pnpm[24m/@vitest+runner@4.0.17/node_modules/[4m@vitest[24m/runner/dist/index.js:1653:37
    at Traces.$ [90m(file:///D:/Projects/GregLite/app/[39mnode_modules/[4m.pnpm[24m/vitest@4.0.17_@opentelemetr_6311d9b92db8bd24cb6d85320592a23a/node_modules/[4mvitest[24m/dist/chunks/traces.CCmnQaNT.js:142:27[90m)[39m
    at trace [90m(file:///D:/Projects/GregLite/app/[39mnode_modules/[4m.pnpm[24m/vitest@4.0.17_@opentelemetr_6311d9b92db8bd24cb6d85320592a23a/node_modules/[4mvitest[24m/dist/chunks/test.B8ej_ZHS.js:239:21[90m)[39m
    at runTest [90m(file:///D:/Projects/GregLite/app/[39mnode_modules/[4m.pnpm[24m/@vitest+runner@4.0.17/node_modules/[4m@vitest[24m/runner/dist/index.js:1653:12[90m)[39m

 [32m✓[39m lib/__tests__/unit/hot-cache.test.ts [2m([22m[2m18 tests[22m[2m)[22m[32m 116[2mms[22m[39m
[90mstderr[2m | lib/agent-sdk/__tests__/cost-accounting.test.ts[2m > [22m[2mcalculateCost[2m > [22m[2mreturns 0 for unknown model (never crashes)
[22m[39m[cost-calculator] No pricing for model: "unknown-model-xyz". Cost will be $0.00.

[90mstderr[2m | lib/agent-sdk/__tests__/cost-accounting.test.ts[2m > [22m[2mgetPricingForModel[2m > [22m[2munknown model returns zero rates
[22m[39m[cost-calculator] No pricing for model: "does-not-exist". Cost will be $0.00.

 [32m✓[39m lib/agent-sdk/__tests__/error-handling.test.ts [2m([22m[2m38 tests[22m[2m)[22m[32m 72[2mms[22m[39m
 [32m✓[39m lib/agent-sdk/__tests__/cost-accounting.test.ts [2m([22m[2m33 tests[22m[2m)[22m[32m 61[2mms[22m[39m
[90mstdout[2m | lib/ghost/__tests__/lifecycle.test.ts[2m > [22m[2mGhost Lifecycle[2m > [22m[2mstartGhost[2m > [22m[2mcalls all components in the correct startup order
[22m[39m[ghost/lifecycle] Starting Ghost...
[ghost/lifecycle] Watch paths: (none configured)

[90mstdout[2m | lib/ghost/__tests__/lifecycle.test.ts[2m > [22m[2mGhost Lifecycle[2m > [22m[2mstartGhost[2m > [22m[2mcalls all components in the correct startup order
[22m[39m[ghost/lifecycle] Ghost started (state: running)

[90mstdout[2m | lib/ghost/__tests__/lifecycle.test.ts[2m > [22m[2mGhost Lifecycle[2m > [22m[2mstartGhost[2m > [22m[2memits state: "running" when all steps succeed
[22m[39m[ghost/lifecycle] Starting Ghost...
[ghost/lifecycle] Watch paths: (none configured)

[90mstdout[2m | lib/ghost/__tests__/lifecycle.test.ts[2m > [22m[2mGhost Lifecycle[2m > [22m[2mstartGhost[2m > [22m[2memits state: "running" when all steps succeed
[22m[39m[ghost/lifecycle] Ghost started (state: running)

[90mstdout[2m | lib/ghost/__tests__/lifecycle.test.ts[2m > [22m[2mGhost Lifecycle[2m > [22m[2mstartGhost[2m > [22m[2memits state: "starting" then "running"
[22m[39m[ghost/lifecycle] Starting Ghost...
[ghost/lifecycle] Watch paths: (none configured)

[90mstdout[2m | lib/ghost/__tests__/lifecycle.test.ts[2m > [22m[2mGhost Lifecycle[2m > [22m[2mstartGhost[2m > [22m[2memits state: "starting" then "running"
[22m[39m[ghost/lifecycle] Ghost started (state: running)

[90mstdout[2m | lib/ghost/__tests__/lifecycle.test.ts[2m > [22m[2mGhost Lifecycle[2m > [22m[2mstartGhost[2m > [22m[2mis idempotent — calling twice does not double-start components
[22m[39m[ghost/lifecycle] Starting Ghost...
[ghost/lifecycle] Watch paths: (none configured)

[90mstdout[2m | lib/ghost/__tests__/lifecycle.test.ts[2m > [22m[2mGhost Lifecycle[2m > [22m[2mstartGhost[2m > [22m[2mis idempotent — calling twice does not double-start components
[22m[39m[ghost/lifecycle] Ghost started (state: running)

[90mstdout[2m | lib/ghost/__tests__/lifecycle.test.ts[2m > [22m[2mGhost Lifecycle[2m > [22m[2mdegraded mode[2m > [22m[2mcontinues startup when one component throws
[22m[39m[ghost/lifecycle] Starting Ghost...
[ghost/lifecycle] Watch paths: (none configured)

[90mstderr[2m | lib/ghost/__tests__/lifecycle.test.ts[2m > [22m[2mGhost Lifecycle[2m > [22m[2mdegraded mode[2m > [22m[2mcontinues startup when one component throws
[22m[39m[ghost/lifecycle] Startup step "email-poller" failed: OAuth expired

[90mstdout[2m | lib/ghost/__tests__/lifecycle.test.ts[2m > [22m[2mGhost Lifecycle[2m > [22m[2mdegraded mode[2m > [22m[2mcontinues startup when one component throws
[22m[39m[ghost/lifecycle] Ghost started (state: degraded)

[90mstdout[2m | lib/ghost/__tests__/lifecycle.test.ts[2m > [22m[2mGhost Lifecycle[2m > [22m[2mdegraded mode[2m > [22m[2memits state: "degraded" when a component fails
[22m[39m[ghost/lifecycle] Starting Ghost...
[ghost/lifecycle] Watch paths: (none configured)

[90mstderr[2m | lib/ghost/__tests__/lifecycle.test.ts[2m > [22m[2mGhost Lifecycle[2m > [22m[2mdegraded mode[2m > [22m[2memits state: "degraded" when a component fails
[22m[39m[ghost/lifecycle] Startup step "watcher" failed: Tauri IPC unavailable

[90mstdout[2m | lib/ghost/__tests__/lifecycle.test.ts[2m > [22m[2mGhost Lifecycle[2m > [22m[2mdegraded mode[2m > [22m[2memits state: "degraded" when a component fails
[22m[39m[ghost/lifecycle] Ghost started (state: degraded)

[90mstdout[2m | lib/ghost/__tests__/lifecycle.test.ts[2m > [22m[2mGhost Lifecycle[2m > [22m[2mdegraded mode[2m > [22m[2memits ghost:error for the failing component
[22m[39m[ghost/lifecycle] Starting Ghost...
[ghost/lifecycle] Watch paths: (none configured)

[90mstderr[2m | lib/ghost/__tests__/lifecycle.test.ts[2m > [22m[2mGhost Lifecycle[2m > [22m[2mdegraded mode[2m > [22m[2memits ghost:error for the failing component
[22m[39m[ghost/lifecycle] Startup step "email-poller" failed: Connector auth failed

[90mstdout[2m | lib/ghost/__tests__/lifecycle.test.ts[2m > [22m[2mGhost Lifecycle[2m > [22m[2mdegraded mode[2m > [22m[2memits ghost:error for the failing component
[22m[39m[ghost/lifecycle] Ghost started (state: degraded)

[90mstdout[2m | lib/ghost/__tests__/lifecycle.test.ts[2m > [22m[2mGhost Lifecycle[2m > [22m[2mstopGhost[2m > [22m[2mstops components in reverse startup order
[22m[39m[ghost/lifecycle] Starting Ghost...
[ghost/lifecycle] Watch paths: (none configured)

[90mstdout[2m | lib/ghost/__tests__/lifecycle.test.ts[2m > [22m[2mGhost Lifecycle[2m > [22m[2mstopGhost[2m > [22m[2mstops components in reverse startup order
[22m[39m[ghost/lifecycle] Ghost started (state: running)

[90mstdout[2m | lib/ghost/__tests__/lifecycle.test.ts[2m > [22m[2mGhost Lifecycle[2m > [22m[2mstopGhost[2m > [22m[2mstops components in reverse startup order
[22m[39m[ghost/lifecycle] Stopping Ghost...

[90mstdout[2m | lib/ghost/__tests__/lifecycle.test.ts[2m > [22m[2mGhost Lifecycle[2m > [22m[2mstopGhost[2m > [22m[2mstops components in reverse startup order
[22m[39m[ghost/lifecycle] Ghost stopped

[90mstdout[2m | lib/ghost/__tests__/lifecycle.test.ts[2m > [22m[2mGhost Lifecycle[2m > [22m[2mstopGhost[2m > [22m[2memits state: "stopped" after shutdown
[22m[39m[ghost/lifecycle] Starting Ghost...
[ghost/lifecycle] Watch paths: (none configured)

[90mstdout[2m | lib/ghost/__tests__/lifecycle.test.ts[2m > [22m[2mGhost Lifecycle[2m > [22m[2mstopGhost[2m > [22m[2memits state: "stopped" after shutdown
[22m[39m[ghost/lifecycle] Ghost started (state: running)

[90mstdout[2m | lib/ghost/__tests__/lifecycle.test.ts[2m > [22m[2mGhost Lifecycle[2m > [22m[2mstopGhost[2m > [22m[2memits state: "stopped" after shutdown
[22m[39m[ghost/lifecycle] Stopping Ghost...

[90mstdout[2m | lib/ghost/__tests__/lifecycle.test.ts[2m > [22m[2mGhost Lifecycle[2m > [22m[2mstopGhost[2m > [22m[2memits state: "stopped" after shutdown
[22m[39m[ghost/lifecycle] Ghost stopped

[90mstdout[2m | lib/ghost/__tests__/lifecycle.test.ts[2m > [22m[2mGhost Lifecycle[2m > [22m[2mstopGhost[2m > [22m[2mis idempotent — calling twice does not error
[22m[39m[ghost/lifecycle] Starting Ghost...
[ghost/lifecycle] Watch paths: (none configured)

[90mstdout[2m | lib/ghost/__tests__/lifecycle.test.ts[2m > [22m[2mGhost Lifecycle[2m > [22m[2mstopGhost[2m > [22m[2mis idempotent — calling twice does not error
[22m[39m[ghost/lifecycle] Ghost started (state: running)

[90mstdout[2m | lib/ghost/__tests__/lifecycle.test.ts[2m > [22m[2mGhost Lifecycle[2m > [22m[2mstopGhost[2m > [22m[2mis idempotent — calling twice does not error
[22m[39m[ghost/lifecycle] Stopping Ghost...

[90mstdout[2m | lib/ghost/__tests__/lifecycle.test.ts[2m > [22m[2mGhost Lifecycle[2m > [22m[2mstopGhost[2m > [22m[2mis idempotent — calling twice does not error
[22m[39m[ghost/lifecycle] Ghost stopped

[90mstdout[2m | lib/ghost/__tests__/lifecycle.test.ts[2m > [22m[2mGhost Lifecycle[2m > [22m[2mstopGhost[2m > [22m[2mresolves within 5 seconds even if watcher hangs
[22m[39m[ghost/lifecycle] Starting Ghost...
[ghost/lifecycle] Watch paths: (none configured)

[90mstdout[2m | lib/ghost/__tests__/lifecycle.test.ts[2m > [22m[2mGhost Lifecycle[2m > [22m[2mstopGhost[2m > [22m[2mresolves within 5 seconds even if watcher hangs
[22m[39m[ghost/lifecycle] Ghost started (state: running)

[90mstdout[2m | lib/ghost/__tests__/lifecycle.test.ts[2m > [22m[2mGhost Lifecycle[2m > [22m[2mstopGhost[2m > [22m[2mresolves within 5 seconds even if watcher hangs
[22m[39m[ghost/lifecycle] Stopping Ghost...

[90mstderr[2m | lib/ghost/__tests__/lifecycle.test.ts[2m > [22m[2mGhost Lifecycle[2m > [22m[2mstopGhost[2m > [22m[2mresolves within 5 seconds even if watcher hangs
[22m[39m[ghost/lifecycle] Shutdown timeout (5s) — forcing close

[90mstdout[2m | lib/ghost/__tests__/lifecycle.test.ts[2m > [22m[2mGhost Lifecycle[2m > [22m[2mstopGhost[2m > [22m[2mresolves within 5 seconds even if watcher hangs
[22m[39m[ghost/lifecycle] Ghost stopped

[90mstdout[2m | lib/ghost/__tests__/lifecycle.test.ts[2m > [22m[2mGhost Lifecycle[2m > [22m[2mpauseGhost / resumeGhost[2m > [22m[2mpauses email poller and ingest queue
[22m[39m[ghost/lifecycle] Starting Ghost...
[ghost/lifecycle] Watch paths: (none configured)

[90mstdout[2m | lib/ghost/__tests__/lifecycle.test.ts[2m > [22m[2mGhost Lifecycle[2m > [22m[2mpauseGhost / resumeGhost[2m > [22m[2mpauses email poller and ingest queue
[22m[39m[ghost/lifecycle] Ghost started (state: running)

[90mstdout[2m | lib/ghost/__tests__/lifecycle.test.ts[2m > [22m[2mGhost Lifecycle[2m > [22m[2mpauseGhost / resumeGhost[2m > [22m[2mpauses email poller and ingest queue
[22m[39m[ghost/lifecycle] Pausing Ghost components...

[90mstdout[2m | lib/ghost/__tests__/lifecycle.test.ts[2m > [22m[2mGhost Lifecycle[2m > [22m[2mpauseGhost / resumeGhost[2m > [22m[2memits state: "paused" after pause
[22m[39m[ghost/lifecycle] Starting Ghost...
[ghost/lifecycle] Watch paths: (none configured)

[90mstdout[2m | lib/ghost/__tests__/lifecycle.test.ts[2m > [22m[2mGhost Lifecycle[2m > [22m[2mpauseGhost / resumeGhost[2m > [22m[2memits state: "paused" after pause
[22m[39m[ghost/lifecycle] Ghost started (state: running)

[90mstdout[2m | lib/ghost/__tests__/lifecycle.test.ts[2m > [22m[2mGhost Lifecycle[2m > [22m[2mpauseGhost / resumeGhost[2m > [22m[2memits state: "paused" after pause
[22m[39m[ghost/lifecycle] Pausing Ghost components...

[90mstdout[2m | lib/ghost/__tests__/lifecycle.test.ts[2m > [22m[2mGhost Lifecycle[2m > [22m[2mpauseGhost / resumeGhost[2m > [22m[2mis idempotent — calling pauseGhost twice only pauses once
[22m[39m[ghost/lifecycle] Starting Ghost...
[ghost/lifecycle] Watch paths: (none configured)

[90mstdout[2m | lib/ghost/__tests__/lifecycle.test.ts[2m > [22m[2mGhost Lifecycle[2m > [22m[2mpauseGhost / resumeGhost[2m > [22m[2mis idempotent — calling pauseGhost twice only pauses once
[22m[39m[ghost/lifecycle] Ghost started (state: running)

[90mstdout[2m | lib/ghost/__tests__/lifecycle.test.ts[2m > [22m[2mGhost Lifecycle[2m > [22m[2mpauseGhost / resumeGhost[2m > [22m[2mis idempotent — calling pauseGhost twice only pauses once
[22m[39m[ghost/lifecycle] Pausing Ghost components...

 [32m✓[39m lib/__tests__/unit/decision-gate.test.ts [2m([22m[2m43 tests[22m[2m)[22m[32m 75[2mms[22m[39m
[90mstdout[2m | lib/ghost/__tests__/lifecycle.test.ts[2m > [22m[2mGhost Lifecycle[2m > [22m[2mpauseGhost / resumeGhost[2m > [22m[2mresumes email poller and ingest queue
[22m[39m[ghost/lifecycle] Starting Ghost...
[ghost/lifecycle] Watch paths: (none configured)

[90mstdout[2m | lib/ghost/__tests__/lifecycle.test.ts[2m > [22m[2mGhost Lifecycle[2m > [22m[2mpauseGhost / resumeGhost[2m > [22m[2mresumes email poller and ingest queue
[22m[39m[ghost/lifecycle] Ghost started (state: running)

[90mstdout[2m | lib/ghost/__tests__/lifecycle.test.ts[2m > [22m[2mGhost Lifecycle[2m > [22m[2mpauseGhost / resumeGhost[2m > [22m[2mresumes email poller and ingest queue
[22m[39m[ghost/lifecycle] Pausing Ghost components...
[ghost/lifecycle] Resuming Ghost components...

[90mstdout[2m | lib/ghost/__tests__/lifecycle.test.ts[2m > [22m[2mGhost Lifecycle[2m > [22m[2mpauseGhost / resumeGhost[2m > [22m[2memits state: "running" after resume (no errors)
[22m[39m[ghost/lifecycle] Starting Ghost...
[ghost/lifecycle] Watch paths: (none configured)

[90mstdout[2m | lib/ghost/__tests__/lifecycle.test.ts[2m > [22m[2mGhost Lifecycle[2m > [22m[2mpauseGhost / resumeGhost[2m > [22m[2memits state: "running" after resume (no errors)
[22m[39m[ghost/lifecycle] Ghost started (state: running)

[90mstdout[2m | lib/ghost/__tests__/lifecycle.test.ts[2m > [22m[2mGhost Lifecycle[2m > [22m[2mpauseGhost / resumeGhost[2m > [22m[2memits state: "running" after resume (no errors)
[22m[39m[ghost/lifecycle] Pausing Ghost components...
[ghost/lifecycle] Resuming Ghost components...

[90mstdout[2m | lib/ghost/__tests__/lifecycle.test.ts[2m > [22m[2mGhost Lifecycle[2m > [22m[2mpauseGhost / resumeGhost[2m > [22m[2mis idempotent — calling resumeGhost when not paused is a no-op
[22m[39m[ghost/lifecycle] Starting Ghost...
[ghost/lifecycle] Watch paths: (none configured)

[90mstdout[2m | lib/ghost/__tests__/lifecycle.test.ts[2m > [22m[2mGhost Lifecycle[2m > [22m[2mpauseGhost / resumeGhost[2m > [22m[2mis idempotent — calling resumeGhost when not paused is a no-op
[22m[39m[ghost/lifecycle] Ghost started (state: running)

[90mstdout[2m | lib/ghost/__tests__/lifecycle.test.ts[2m > [22m[2mGhost Lifecycle[2m > [22m[2mstate flags[2m > [22m[2misGhostRunning returns true after startGhost
[22m[39m[ghost/lifecycle] Starting Ghost...
[ghost/lifecycle] Watch paths: (none configured)

[90mstdout[2m | lib/ghost/__tests__/lifecycle.test.ts[2m > [22m[2mGhost Lifecycle[2m > [22m[2mstate flags[2m > [22m[2misGhostRunning returns true after startGhost
[22m[39m[ghost/lifecycle] Ghost started (state: running)

[90mstdout[2m | lib/ghost/__tests__/lifecycle.test.ts[2m > [22m[2mGhost Lifecycle[2m > [22m[2mstate flags[2m > [22m[2misGhostRunning returns false after stopGhost
[22m[39m[ghost/lifecycle] Starting Ghost...
[ghost/lifecycle] Watch paths: (none configured)

[90mstdout[2m | lib/ghost/__tests__/lifecycle.test.ts[2m > [22m[2mGhost Lifecycle[2m > [22m[2mstate flags[2m > [22m[2misGhostRunning returns false after stopGhost
[22m[39m[ghost/lifecycle] Ghost started (state: running)

[90mstdout[2m | lib/ghost/__tests__/lifecycle.test.ts[2m > [22m[2mGhost Lifecycle[2m > [22m[2mstate flags[2m > [22m[2misGhostRunning returns false after stopGhost
[22m[39m[ghost/lifecycle] Stopping Ghost...

[90mstdout[2m | lib/ghost/__tests__/lifecycle.test.ts[2m > [22m[2mGhost Lifecycle[2m > [22m[2mstate flags[2m > [22m[2misGhostRunning returns false after stopGhost
[22m[39m[ghost/lifecycle] Ghost stopped

[90mstdout[2m | lib/ghost/__tests__/lifecycle.test.ts[2m > [22m[2mGhost Lifecycle[2m > [22m[2mstate flags[2m > [22m[2misGhostPaused returns false before any pause
[22m[39m[ghost/lifecycle] Starting Ghost...
[ghost/lifecycle] Watch paths: (none configured)

[90mstdout[2m | lib/ghost/__tests__/lifecycle.test.ts[2m > [22m[2mGhost Lifecycle[2m > [22m[2mstate flags[2m > [22m[2misGhostPaused returns false before any pause
[22m[39m[ghost/lifecycle] Ghost started (state: running)

[90mstdout[2m | lib/ghost/__tests__/lifecycle.test.ts[2m > [22m[2mGhost Lifecycle[2m > [22m[2mstate flags[2m > [22m[2misGhostPaused returns true after pauseGhost
[22m[39m[ghost/lifecycle] Starting Ghost...
[ghost/lifecycle] Watch paths: (none configured)

[90mstdout[2m | lib/ghost/__tests__/lifecycle.test.ts[2m > [22m[2mGhost Lifecycle[2m > [22m[2mstate flags[2m > [22m[2misGhostPaused returns true after pauseGhost
[22m[39m[ghost/lifecycle] Ghost started (state: running)

[90mstdout[2m | lib/ghost/__tests__/lifecycle.test.ts[2m > [22m[2mGhost Lifecycle[2m > [22m[2mstate flags[2m > [22m[2misGhostPaused returns true after pauseGhost
[22m[39m[ghost/lifecycle] Pausing Ghost components...

[90mstdout[2m | lib/ghost/__tests__/lifecycle.test.ts[2m > [22m[2mGhost Lifecycle[2m > [22m[2mstate flags[2m > [22m[2misGhostPaused returns false after resumeGhost
[22m[39m[ghost/lifecycle] Starting Ghost...
[ghost/lifecycle] Watch paths: (none configured)

[90mstdout[2m | lib/ghost/__tests__/lifecycle.test.ts[2m > [22m[2mGhost Lifecycle[2m > [22m[2mstate flags[2m > [22m[2misGhostPaused returns false after resumeGhost
[22m[39m[ghost/lifecycle] Ghost started (state: running)

[90mstdout[2m | lib/ghost/__tests__/lifecycle.test.ts[2m > [22m[2mGhost Lifecycle[2m > [22m[2mstate flags[2m > [22m[2misGhostPaused returns false after resumeGhost
[22m[39m[ghost/lifecycle] Pausing Ghost components...
[ghost/lifecycle] Resuming Ghost components...

[90mstdout[2m | lib/ghost/__tests__/lifecycle.test.ts[2m > [22m[2mGhost Lifecycle[2m > [22m[2mrestartComponent[2m > [22m[2mcalls startFn after the 30-second delay
[22m[39m[ghost/lifecycle] Scheduling restart for "test-component" in 30s...

[90mstdout[2m | lib/ghost/__tests__/lifecycle.test.ts[2m > [22m[2mGhost Lifecycle[2m > [22m[2mrestartComponent[2m > [22m[2mcalls startFn after the 30-second delay
[22m[39m[ghost/lifecycle] Component "test-component" restarted successfully

[90mstdout[2m | lib/ghost/__tests__/lifecycle.test.ts[2m > [22m[2mGhost Lifecycle[2m > [22m[2mrestartComponent[2m > [22m[2mdoes not retry if first restart succeeds
[22m[39m[ghost/lifecycle] Scheduling restart for "scorer" in 30s...

[90mstdout[2m | lib/ghost/__tests__/lifecycle.test.ts[2m > [22m[2mGhost Lifecycle[2m > [22m[2mrestartComponent[2m > [22m[2mdoes not retry if first restart succeeds
[22m[39m[ghost/lifecycle] Component "scorer" restarted successfully

[90mstderr[2m | lib/ghost/__tests__/lifecycle.test.ts[2m > [22m[2mGhost Lifecycle[2m > [22m[2mrestartComponent[2m > [22m[2mdoes not retry if first restart succeeds
[22m[39m[ghost/lifecycle] Component "scorer" already exhausted restart — staying degraded

[90mstdout[2m | lib/ghost/__tests__/lifecycle.test.ts[2m > [22m[2mGhost Lifecycle[2m > [22m[2mrestartComponent[2m > [22m[2memits ghost:error if restart also fails
[22m[39m[ghost/lifecycle] Scheduling restart for "watcher" in 30s...

[90mstderr[2m | lib/ghost/__tests__/lifecycle.test.ts[2m > [22m[2mGhost Lifecycle[2m > [22m[2mrestartComponent[2m > [22m[2memits ghost:error if restart also fails
[22m[39m[ghost/lifecycle] Component "watcher" restart failed: Still broken

[90mstdout[2m | lib/ghost/__tests__/phase6-integration.test.ts[2m > [22m[2mGhost Lifecycle — integration[2m > [22m[2mstarts all components in the correct order
[22m[39m[ghost/lifecycle] Starting Ghost...
[ghost/lifecycle] Watch paths: (none configured)

 [32m✓[39m lib/ghost/__tests__/lifecycle.test.ts [2m([22m[2m26 tests[22m[2m)[22m[33m 619[2mms[22m[39m
       [33m[2m✓[22m[39m calls all components in the correct startup order [33m 529[2mms[22m[39m
[90mstdout[2m | lib/ghost/__tests__/phase6-integration.test.ts[2m > [22m[2mGhost Lifecycle — integration[2m > [22m[2mstarts all components in the correct order
[22m[39m[ghost/lifecycle] Ghost started (state: running)

[90mstdout[2m | lib/ghost/__tests__/phase6-integration.test.ts[2m > [22m[2mGhost Lifecycle — integration[2m > [22m[2mresolves stopGhost within 5 seconds even when watcher hangs
[22m[39m[ghost/lifecycle] Starting Ghost...
[ghost/lifecycle] Watch paths: (none configured)

[90mstdout[2m | lib/ghost/__tests__/phase6-integration.test.ts[2m > [22m[2mGhost Lifecycle — integration[2m > [22m[2mresolves stopGhost within 5 seconds even when watcher hangs
[22m[39m[ghost/lifecycle] Ghost started (state: running)

 [32m✓[39m lib/__tests__/unit/war-room.test.ts [2m([22m[2m21 tests[22m[2m)[22m[33m 571[2mms[22m[39m
       [33m[2m✓[22m[39m maps completed → complete [33m 434[2mms[22m[39m
[90mstdout[2m | lib/ghost/__tests__/phase6-integration.test.ts[2m > [22m[2mGhost Lifecycle — integration[2m > [22m[2mresolves stopGhost within 5 seconds even when watcher hangs
[22m[39m[ghost/lifecycle] Stopping Ghost...

[90mstderr[2m | lib/ghost/__tests__/phase6-integration.test.ts[2m > [22m[2mGhost Lifecycle — integration[2m > [22m[2mresolves stopGhost within 5 seconds even when watcher hangs
[22m[39m[ghost/lifecycle] Shutdown timeout (5s) — forcing close

[90mstdout[2m | lib/ghost/__tests__/phase6-integration.test.ts[2m > [22m[2mGhost Lifecycle — integration[2m > [22m[2mresolves stopGhost within 5 seconds even when watcher hangs
[22m[39m[ghost/lifecycle] Ghost stopped

[90mstdout[2m | lib/ghost/__tests__/phase6-integration.test.ts[2m > [22m[2mGhost Lifecycle — integration[2m > [22m[2mcontinues startup when one component fails (degraded mode)
[22m[39m[ghost/lifecycle] Starting Ghost...
[ghost/lifecycle] Watch paths: (none configured)

[90mstderr[2m | lib/ghost/__tests__/phase6-integration.test.ts[2m > [22m[2mGhost Lifecycle — integration[2m > [22m[2mcontinues startup when one component fails (degraded mode)
[22m[39m[ghost/lifecycle] Startup step "email-poller" failed: OAuth expired

[90mstdout[2m | lib/ghost/__tests__/phase6-integration.test.ts[2m > [22m[2mGhost Lifecycle — integration[2m > [22m[2mcontinues startup when one component fails (degraded mode)
[22m[39m[ghost/lifecycle] Ghost started (state: degraded)

[90mstdout[2m | lib/ghost/__tests__/phase6-integration.test.ts[2m > [22m[2mGhost Lifecycle — integration[2m > [22m[2mpauses all components on AEGIS PARALLEL_BUILD and resumes on resume
[22m[39m[ghost/lifecycle] Starting Ghost...
[ghost/lifecycle] Watch paths: (none configured)

[90mstdout[2m | lib/ghost/__tests__/phase6-integration.test.ts[2m > [22m[2mGhost Lifecycle — integration[2m > [22m[2mpauses all components on AEGIS PARALLEL_BUILD and resumes on resume
[22m[39m[ghost/lifecycle] Ghost started (state: running)

[90mstdout[2m | lib/ghost/__tests__/phase6-integration.test.ts[2m > [22m[2mGhost Lifecycle — integration[2m > [22m[2mpauses all components on AEGIS PARALLEL_BUILD and resumes on resume
[22m[39m[ghost/lifecycle] Pausing Ghost components...
[ghost/lifecycle] Resuming Ghost components...

 [32m✓[39m lib/__tests__/unit/indexer.test.ts [2m([22m[2m33 tests[22m[2m)[22m[33m 501[2mms[22m[39m
 [32m✓[39m lib/__tests__/unit/embeddings.test.ts [2m([22m[2m30 tests[22m[2m)[22m[33m 605[2mms[22m[39m
[90mstderr[2m | lib/__tests__/integration/phase5-integration.test.ts[2m > [22m[2mAgent SDK Gate[2m > [22m[2mjob marked FAILED when eos_required is true and health score < 70
[22m[39m[EoS gate] Job downgraded to FAILED — health score [33m45[39m < 70

 [32m✓[39m lib/__tests__/integration/phase5-integration.test.ts [2m([22m[2m31 tests[22m[2m)[22m[32m 121[2mms[22m[39m
[90mstdout[2m | lib/ghost/__tests__/watcher-bridge.test.ts[2m > [22m[2mAEGIS → Ghost integration[2m > [22m[2mcalls ghost_pause when AEGIS transitions to PARALLEL_BUILD
[22m[39m[ghost/lifecycle] Pausing Ghost components...

[90mstdout[2m | lib/ghost/__tests__/watcher-bridge.test.ts[2m > [22m[2mAEGIS → Ghost integration[2m > [22m[2mcalls ghost_resume when AEGIS transitions to IDLE
[22m[39m[ghost/lifecycle] Resuming Ghost components...

 [32m✓[39m lib/ghost/__tests__/watcher-bridge.test.ts [2m([22m[2m19 tests[22m[2m)[22m[33m 1771[2mms[22m[39m
     [33m[2m✓[22m[39m calls ghost_pause when AEGIS transitions to PARALLEL_BUILD [33m 1732[2mms[22m[39m
 [32m✓[39m lib/__tests__/unit/eos/fp-tracker.test.ts [2m([22m[2m11 tests[22m[2m)[22m[32m 50[2mms[22m[39m
[90mstderr[2m | lib/__tests__/unit/ui-store.test.ts[2m > [22m[2mUIStore[2m > [22m[2mSidebar[2m > [22m[2mshould toggle sidebar open/closed
[22m[39m[zustand persist middleware] Unable to update item 'gregore-ui-storage', the given storage is currently unavailable.

[90mstderr[2m | lib/__tests__/unit/ui-store.test.ts[2m > [22m[2mUIStore[2m > [22m[2mSidebar[2m > [22m[2mshould toggle sidebar open/closed
[22m[39m[zustand persist middleware] Unable to update item 'gregore-ui-storage', the given storage is currently unavailable.

[90mstderr[2m | lib/__tests__/unit/ui-store.test.ts[2m > [22m[2mUIStore[2m > [22m[2mSidebar[2m > [22m[2mshould set sidebar width with clamping
[22m[39m[zustand persist middleware] Unable to update item 'gregore-ui-storage', the given storage is currently unavailable.

[90mstderr[2m | lib/__tests__/unit/ui-store.test.ts[2m > [22m[2mUIStore[2m > [22m[2mSidebar[2m > [22m[2mshould set sidebar width with clamping
[22m[39m[zustand persist middleware] Unable to update item 'gregore-ui-storage', the given storage is currently unavailable.
[zustand persist middleware] Unable to update item 'gregore-ui-storage', the given storage is currently unavailable.
[zustand persist middleware] Unable to update item 'gregore-ui-storage', the given storage is currently unavailable.

[90mstderr[2m | lib/__tests__/unit/ui-store.test.ts[2m > [22m[2mUIStore[2m > [22m[2mSidebar[2m > [22m[2mshould toggle sidebar collapsed state
[22m[39m[zustand persist middleware] Unable to update item 'gregore-ui-storage', the given storage is currently unavailable.

[90mstderr[2m | lib/__tests__/unit/ui-store.test.ts[2m > [22m[2mUIStore[2m > [22m[2mSidebar[2m > [22m[2mshould toggle sidebar collapsed state
[22m[39m[zustand persist middleware] Unable to update item 'gregore-ui-storage', the given storage is currently unavailable.
[zustand persist middleware] Unable to update item 'gregore-ui-storage', the given storage is currently unavailable.

[90mstderr[2m | lib/__tests__/unit/ui-store.test.ts[2m > [22m[2mUIStore[2m > [22m[2mTheme[2m > [22m[2mshould set theme
[22m[39m[zustand persist middleware] Unable to update item 'gregore-ui-storage', the given storage is currently unavailable.

[90mstderr[2m | lib/__tests__/unit/ui-store.test.ts[2m > [22m[2mUIStore[2m > [22m[2mTheme[2m > [22m[2mshould set theme
[22m[39m[zustand persist middleware] Unable to update item 'gregore-ui-storage', the given storage is currently unavailable.
[zustand persist middleware] Unable to update item 'gregore-ui-storage', the given storage is currently unavailable.

[90mstderr[2m | lib/__tests__/unit/ui-store.test.ts[2m > [22m[2mUIStore[2m > [22m[2mTheme[2m > [22m[2mshould cycle through themes on toggle
[22m[39m[zustand persist middleware] Unable to update item 'gregore-ui-storage', the given storage is currently unavailable.

[90mstderr[2m | lib/__tests__/unit/ui-store.test.ts[2m > [22m[2mUIStore[2m > [22m[2mTheme[2m > [22m[2mshould cycle through themes on toggle
[22m[39m[zustand persist middleware] Unable to update item 'gregore-ui-storage', the given storage is currently unavailable.
[zustand persist middleware] Unable to update item 'gregore-ui-storage', the given storage is currently unavailable.
[zustand persist middleware] Unable to update item 'gregore-ui-storage', the given storage is currently unavailable.
[zustand persist middleware] Unable to update item 'gregore-ui-storage', the given storage is currently unavailable.

[90mstderr[2m | lib/__tests__/unit/ui-store.test.ts[2m > [22m[2mUIStore[2m > [22m[2mModal[2m > [22m[2mshould open modal with data
[22m[39m[zustand persist middleware] Unable to update item 'gregore-ui-storage', the given storage is currently unavailable.

[90mstderr[2m | lib/__tests__/unit/ui-store.test.ts[2m > [22m[2mUIStore[2m > [22m[2mModal[2m > [22m[2mshould open modal with data
[22m[39m[zustand persist middleware] Unable to update item 'gregore-ui-storage', the given storage is currently unavailable.

[90mstderr[2m | lib/__tests__/unit/ui-store.test.ts[2m > [22m[2mUIStore[2m > [22m[2mModal[2m > [22m[2mshould close modal and clear data
[22m[39m[zustand persist middleware] Unable to update item 'gregore-ui-storage', the given storage is currently unavailable.

[90mstderr[2m | lib/__tests__/unit/ui-store.test.ts[2m > [22m[2mUIStore[2m > [22m[2mModal[2m > [22m[2mshould close modal and clear data
[22m[39m[zustand persist middleware] Unable to update item 'gregore-ui-storage', the given storage is currently unavailable.
[zustand persist middleware] Unable to update item 'gregore-ui-storage', the given storage is currently unavailable.

[90mstderr[2m | lib/__tests__/unit/ui-store.test.ts[2m > [22m[2mUIStore[2m > [22m[2mModal[2m > [22m[2mshould check if specific modal is open
[22m[39m[zustand persist middleware] Unable to update item 'gregore-ui-storage', the given storage is currently unavailable.

[90mstderr[2m | lib/__tests__/unit/ui-store.test.ts[2m > [22m[2mUIStore[2m > [22m[2mModal[2m > [22m[2mshould check if specific modal is open
[22m[39m[zustand persist middleware] Unable to update item 'gregore-ui-storage', the given storage is currently unavailable.

[90mstderr[2m | lib/__tests__/unit/ui-store.test.ts[2m > [22m[2mUIStore[2m > [22m[2mCommand Palette[2m > [22m[2mshould open and close command palette
[22m[39m[zustand persist middleware] Unable to update item 'gregore-ui-storage', the given storage is currently unavailable.

[90mstderr[2m | lib/__tests__/unit/ui-store.test.ts[2m > [22m[2mUIStore[2m > [22m[2mCommand Palette[2m > [22m[2mshould open and close command palette
[22m[39m[zustand persist middleware] Unable to update item 'gregore-ui-storage', the given storage is currently unavailable.
[zustand persist middleware] Unable to update item 'gregore-ui-storage', the given storage is currently unavailable.

[90mstderr[2m | lib/__tests__/unit/ui-store.test.ts[2m > [22m[2mUIStore[2m > [22m[2mCommand Palette[2m > [22m[2mshould toggle command palette
[22m[39m[zustand persist middleware] Unable to update item 'gregore-ui-storage', the given storage is currently unavailable.

[90mstderr[2m | lib/__tests__/unit/ui-store.test.ts[2m > [22m[2mUIStore[2m > [22m[2mCommand Palette[2m > [22m[2mshould toggle command palette
[22m[39m[zustand persist middleware] Unable to update item 'gregore-ui-storage', the given storage is currently unavailable.
[zustand persist middleware] Unable to update item 'gregore-ui-storage', the given storage is currently unavailable.

[90mstderr[2m | lib/__tests__/unit/ui-store.test.ts[2m > [22m[2mUIStore[2m > [22m[2mCommand Palette[2m > [22m[2mshould update command query
[22m[39m[zustand persist middleware] Unable to update item 'gregore-ui-storage', the given storage is currently unavailable.

[90mstderr[2m | lib/__tests__/unit/ui-store.test.ts[2m > [22m[2mUIStore[2m > [22m[2mCommand Palette[2m > [22m[2mshould update command query
[22m[39m[zustand persist middleware] Unable to update item 'gregore-ui-storage', the given storage is currently unavailable.

[90mstderr[2m | lib/__tests__/unit/ui-store.test.ts[2m > [22m[2mUIStore[2m > [22m[2mCommand Palette[2m > [22m[2mshould track recent commands
[22m[39m[zustand persist middleware] Unable to update item 'gregore-ui-storage', the given storage is currently unavailable.

[90mstderr[2m | lib/__tests__/unit/ui-store.test.ts[2m > [22m[2mUIStore[2m > [22m[2mCommand Palette[2m > [22m[2mshould track recent commands
[22m[39m[zustand persist middleware] Unable to update item 'gregore-ui-storage', the given storage is currently unavailable.
[zustand persist middleware] Unable to update item 'gregore-ui-storage', the given storage is currently unavailable.
[zustand persist middleware] Unable to update item 'gregore-ui-storage', the given storage is currently unavailable.

[90mstderr[2m | lib/__tests__/unit/ui-store.test.ts[2m > [22m[2mUIStore[2m > [22m[2mCommand Palette[2m > [22m[2mshould limit recent commands to 10
[22m[39m[zustand persist middleware] Unable to update item 'gregore-ui-storage', the given storage is currently unavailable.

[90mstderr[2m | lib/__tests__/unit/ui-store.test.ts[2m > [22m[2mUIStore[2m > [22m[2mCommand Palette[2m > [22m[2mshould limit recent commands to 10
[22m[39m[zustand persist middleware] Unable to update item 'gregore-ui-storage', the given storage is currently unavailable.
[zustand persist middleware] Unable to update item 'gregore-ui-storage', the given storage is currently unavailable.
[zustand persist middleware] Unable to update item 'gregore-ui-storage', the given storage is currently unavailable.
[zustand persist middleware] Unable to update item 'gregore-ui-storage', the given storage is currently unavailable.
[zustand persist middleware] Unable to update item 'gregore-ui-storage', the given storage is currently unavailable.
[zustand persist middleware] Unable to update item 'gregore-ui-storage', the given storage is currently unavailable.
[zustand persist middleware] Unable to update item 'gregore-ui-storage', the given storage is currently unavailable.
[zustand persist middleware] Unable to update item 'gregore-ui-storage', the given storage is currently unavailable.
[zustand persist middleware] Unable to update item 'gregore-ui-storage', the given storage is currently unavailable.
[zustand persist middleware] Unable to update item 'gregore-ui-storage', the given storage is currently unavailable.
[zustand persist middleware] Unable to update item 'gregore-ui-storage', the given storage is currently unavailable.
[zustand persist middleware] Unable to update item 'gregore-ui-storage', the given storage is currently unavailable.
[zustand persist middleware] Unable to update item 'gregore-ui-storage', the given storage is currently unavailable.
[zustand persist middleware] Unable to update item 'gregore-ui-storage', the given storage is currently unavailable.
[zustand persist middleware] Unable to update item 'gregore-ui-storage', the given storage is currently unavailable.

[90mstderr[2m | lib/__tests__/unit/ui-store.test.ts[2m > [22m[2mUIStore[2m > [22m[2mCommand Palette[2m > [22m[2mshould move duplicate command to front
[22m[39m[zustand persist middleware] Unable to update item 'gregore-ui-storage', the given storage is currently unavailable.

[90mstderr[2m | lib/__tests__/unit/ui-store.test.ts[2m > [22m[2mUIStore[2m > [22m[2mCommand Palette[2m > [22m[2mshould move duplicate command to front
[22m[39m[zustand persist middleware] Unable to update item 'gregore-ui-storage', the given storage is currently unavailable.
[zustand persist middleware] Unable to update item 'gregore-ui-storage', the given storage is currently unavailable.
[zustand persist middleware] Unable to update item 'gregore-ui-storage', the given storage is currently unavailable.
[zustand persist middleware] Unable to update item 'gregore-ui-storage', the given storage is currently unavailable.

[90mstderr[2m | lib/__tests__/unit/ui-store.test.ts[2m > [22m[2mUIStore[2m > [22m[2mNotifications[2m > [22m[2mshould add notification
[22m[39m[zustand persist middleware] Unable to update item 'gregore-ui-storage', the given storage is currently unavailable.

[90mstderr[2m | lib/__tests__/unit/ui-store.test.ts[2m > [22m[2mUIStore[2m > [22m[2mNotifications[2m > [22m[2mshould add notification
[22m[39m[zustand persist middleware] Unable to update item 'gregore-ui-storage', the given storage is currently unavailable.

[90mstderr[2m | lib/__tests__/unit/ui-store.test.ts[2m > [22m[2mUIStore[2m > [22m[2mNotifications[2m > [22m[2mshould dismiss notification
[22m[39m[zustand persist middleware] Unable to update item 'gregore-ui-storage', the given storage is currently unavailable.

[90mstderr[2m | lib/__tests__/unit/ui-store.test.ts[2m > [22m[2mUIStore[2m > [22m[2mNotifications[2m > [22m[2mshould dismiss notification
[22m[39m[zustand persist middleware] Unable to update item 'gregore-ui-storage', the given storage is currently unavailable.
[zustand persist middleware] Unable to update item 'gregore-ui-storage', the given storage is currently unavailable.

[90mstderr[2m | lib/__tests__/unit/ui-store.test.ts[2m > [22m[2mUIStore[2m > [22m[2mNotifications[2m > [22m[2mshould clear all notifications
[22m[39m[zustand persist middleware] Unable to update item 'gregore-ui-storage', the given storage is currently unavailable.

[90mstderr[2m | lib/__tests__/unit/ui-store.test.ts[2m > [22m[2mUIStore[2m > [22m[2mNotifications[2m > [22m[2mshould clear all notifications
[22m[39m[zustand persist middleware] Unable to update item 'gregore-ui-storage', the given storage is currently unavailable.
[zustand persist middleware] Unable to update item 'gregore-ui-storage', the given storage is currently unavailable.
[zustand persist middleware] Unable to update item 'gregore-ui-storage', the given storage is currently unavailable.
[zustand persist middleware] Unable to update item 'gregore-ui-storage', the given storage is currently unavailable.

[90mstderr[2m | lib/__tests__/unit/ui-store.test.ts[2m > [22m[2mUIStore[2m > [22m[2mNotifications[2m > [22m[2mshould clear only dismissed notifications
[22m[39m[zustand persist middleware] Unable to update item 'gregore-ui-storage', the given storage is currently unavailable.

[90mstderr[2m | lib/__tests__/unit/ui-store.test.ts[2m > [22m[2mUIStore[2m > [22m[2mNotifications[2m > [22m[2mshould clear only dismissed notifications
[22m[39m[zustand persist middleware] Unable to update item 'gregore-ui-storage', the given storage is currently unavailable.
[zustand persist middleware] Unable to update item 'gregore-ui-storage', the given storage is currently unavailable.
[zustand persist middleware] Unable to update item 'gregore-ui-storage', the given storage is currently unavailable.
[zustand persist middleware] Unable to update item 'gregore-ui-storage', the given storage is currently unavailable.

[90mstderr[2m | lib/__tests__/unit/ui-store.test.ts[2m > [22m[2mUIStore[2m > [22m[2mLoading States[2m > [22m[2mshould set global loading
[22m[39m[zustand persist middleware] Unable to update item 'gregore-ui-storage', the given storage is currently unavailable.

[90mstderr[2m | lib/__tests__/unit/ui-store.test.ts[2m > [22m[2mUIStore[2m > [22m[2mLoading States[2m > [22m[2mshould set global loading
[22m[39m[zustand persist middleware] Unable to update item 'gregore-ui-storage', the given storage is currently unavailable.
[zustand persist middleware] Unable to update item 'gregore-ui-storage', the given storage is currently unavailable.

[90mstderr[2m | lib/__tests__/unit/ui-store.test.ts[2m > [22m[2mUIStore[2m > [22m[2mLoading States[2m > [22m[2mshould set area loading
[22m[39m[zustand persist middleware] Unable to update item 'gregore-ui-storage', the given storage is currently unavailable.

[90mstderr[2m | lib/__tests__/unit/ui-store.test.ts[2m > [22m[2mUIStore[2m > [22m[2mLoading States[2m > [22m[2mshould set area loading
[22m[39m[zustand persist middleware] Unable to update item 'gregore-ui-storage', the given storage is currently unavailable.
[zustand persist middleware] Unable to update item 'gregore-ui-storage', the given storage is currently unavailable.

[90mstderr[2m | lib/__tests__/unit/ui-store.test.ts[2m > [22m[2mUIStore[2m > [22m[2mLoading States[2m > [22m[2mshould clear area loading
[22m[39m[zustand persist middleware] Unable to update item 'gregore-ui-storage', the given storage is currently unavailable.

[90mstderr[2m | lib/__tests__/unit/ui-store.test.ts[2m > [22m[2mUIStore[2m > [22m[2mLoading States[2m > [22m[2mshould clear area loading
[22m[39m[zustand persist middleware] Unable to update item 'gregore-ui-storage', the given storage is currently unavailable.
[zustand persist middleware] Unable to update item 'gregore-ui-storage', the given storage is currently unavailable.

[90mstderr[2m | lib/__tests__/unit/ui-store.test.ts[2m > [22m[2mUIStore[2m > [22m[2mFocus Management[2m > [22m[2mshould set focused element
[22m[39m[zustand persist middleware] Unable to update item 'gregore-ui-storage', the given storage is currently unavailable.

[90mstderr[2m | lib/__tests__/unit/ui-store.test.ts[2m > [22m[2mUIStore[2m > [22m[2mFocus Management[2m > [22m[2mshould set focused element
[22m[39m[zustand persist middleware] Unable to update item 'gregore-ui-storage', the given storage is currently unavailable.

[90mstderr[2m | lib/__tests__/unit/ui-store.test.ts[2m > [22m[2mUIStore[2m > [22m[2mFocus Management[2m > [22m[2mshould clear focused element
[22m[39m[zustand persist middleware] Unable to update item 'gregore-ui-storage', the given storage is currently unavailable.

[90mstderr[2m | lib/__tests__/unit/ui-store.test.ts[2m > [22m[2mUIStore[2m > [22m[2mFocus Management[2m > [22m[2mshould clear focused element
[22m[39m[zustand persist middleware] Unable to update item 'gregore-ui-storage', the given storage is currently unavailable.
[zustand persist middleware] Unable to update item 'gregore-ui-storage', the given storage is currently unavailable.

[90mstderr[2m | lib/__tests__/unit/ui-store.test.ts[2m > [22m[2mUIStore[2m > [22m[2mReset[2m > [22m[2mshould reset all UI state
[22m[39m[zustand persist middleware] Unable to update item 'gregore-ui-storage', the given storage is currently unavailable.

[90mstderr[2m | lib/__tests__/unit/ui-store.test.ts[2m > [22m[2mUIStore[2m > [22m[2mReset[2m > [22m[2mshould reset all UI state
[22m[39m[zustand persist middleware] Unable to update item 'gregore-ui-storage', the given storage is currently unavailable.
[zustand persist middleware] Unable to update item 'gregore-ui-storage', the given storage is currently unavailable.
[zustand persist middleware] Unable to update item 'gregore-ui-storage', the given storage is currently unavailable.
[zustand persist middleware] Unable to update item 'gregore-ui-storage', the given storage is currently unavailable.
[zustand persist middleware] Unable to update item 'gregore-ui-storage', the given storage is currently unavailable.
[zustand persist middleware] Unable to update item 'gregore-ui-storage', the given storage is currently unavailable.
[zustand persist middleware] Unable to update item 'gregore-ui-storage', the given storage is currently unavailable.

 [32m✓[39m lib/__tests__/unit/ui-store.test.ts [2m([22m[2m24 tests[22m[2m)[22m[32m 49[2mms[22m[39m
 [32m✓[39m lib/ghost/__tests__/phase6-integration.test.ts [2m([22m[2m33 tests[22m[2m)[22m[33m 1796[2mms[22m[39m
     [33m[2m✓[22m[39m POST /api/ghost/purge clears all ghost data and returns {ok: true} [33m 852[2mms[22m[39m
     [33m[2m✓[22m[39m Tell me more path: addMessage content contains [GHOST CONTEXT - UNTRUSTED CONTENT] [33m 305[2mms[22m[39m
 [32m✓[39m lib/__tests__/unit/kernl-project-store.test.ts [2m([22m[2m13 tests[22m[2m)[22m[32m 52[2mms[22m[39m
 [32m✓[39m lib/ghost/__tests__/scorer.test.ts [2m([22m[2m37 tests[22m[2m)[22m[32m 31[2mms[22m[39m
 [32m✓[39m lib/agent-sdk/__tests__/scheduler.test.ts [2m([22m[2m31 tests[22m[2m)[22m[32m 36[2mms[22m[39m
 [32m✓[39m lib/__tests__/unit/shim/pattern-learner.test.ts [2m([22m[2m14 tests[22m[2m)[22m[32m 35[2mms[22m[39m
[90mstdout[2m | lib/agent-sdk/__tests__/phase7-integration.test.ts[2m > [22m[2mPhase 7H: Orchestrator runPostProcessing gates[2m > [22m[2mexits early if job status is not completed
[22m[39m[SelfEvolution] Post-processing skipped — status: failed

[90mstderr[2m | lib/agent-sdk/__tests__/phase7-integration.test.ts[2m > [22m[2mPhase 7H: Orchestrator runPostProcessing gates[2m > [22m[2mexits early if SHIM score is below threshold
[22m[39m[SelfEvolution] SHIM score 55 < 70 for manifest-002. Skipping PR creation.

[90mstdout[2m | lib/agent-sdk/__tests__/phase7-integration.test.ts[2m > [22m[2mPhase 7H: Orchestrator runPostProcessing gates[2m > [22m[2mskips PR creation when githubOwner/githubRepo not provided
[22m[39m[SelfEvolution] Local tests passed for manifest-003
[SelfEvolution] GitHub owner/repo not configured — skipping PR for manifest-003

 [32m✓[39m lib/agent-sdk/__tests__/phase7-integration.test.ts [2m([22m[2m27 tests[22m[2m)[22m[32m 50[2mms[22m[39m
 [32m✓[39m lib/agent-sdk/__tests__/permission-matrix.test.ts [2m([22m[2m25 tests[22m[2m)[22m[32m 38[2mms[22m[39m
[90mstdout[2m | lib/__tests__/unit/agent-sdk.test.ts[2m > [22m[2mAgent SDK public API[2m > [22m[2mspawn returns a jobId and queued=false for the first job
[22m[39m[AgentSDK] Marked 1 stale job(s) INTERRUPTED on boot

 [32m✓[39m lib/__tests__/unit/agent-sdk.test.ts [2m([22m[2m40 tests[22m[2m)[22m[32m 71[2mms[22m[39m
[90mstdout[2m | lib/__tests__/unit/cold-start.test.ts[2m > [22m[2mwarmAll()[2m > [22m[2mcalls readHotCache() before buildWarmCache()
[22m[39m[cold-start] Tier 1 ready: 0ms

[90mstdout[2m | lib/__tests__/unit/cold-start.test.ts[2m > [22m[2mwarmAll()[2m > [22m[2mcalls readHotCache() before buildWarmCache()
[22m[39m[cold-start] Tier 2 ready: 2ms
[cold-start] All tiers ready: 2ms

 [32m✓[39m lib/__tests__/unit/aegis.test.ts [2m([22m[2m33 tests[22m[2m)[22m[32m 48[2mms[22m[39m
[90mstdout[2m | lib/__tests__/unit/cold-start.test.ts[2m > [22m[2mwarmAll()[2m > [22m[2mcalls both readHotCache() and buildWarmCache() exactly once
[22m[39m[cold-start] Tier 1 ready: 0ms

[90mstdout[2m | lib/__tests__/unit/cold-start.test.ts[2m > [22m[2mwarmAll()[2m > [22m[2mcalls both readHotCache() and buildWarmCache() exactly once
[22m[39m[cold-start] Tier 2 ready: 0ms
[cold-start] All tiers ready: 0ms

[90mstdout[2m | lib/__tests__/unit/cold-start.test.ts[2m > [22m[2mwarmAll()[2m > [22m[2mresolves without error when both tiers succeed
[22m[39m[cold-start] Tier 1 ready: 1ms

[90mstdout[2m | lib/__tests__/unit/cold-start.test.ts[2m > [22m[2mwarmAll()[2m > [22m[2mresolves without error when both tiers succeed
[22m[39m[cold-start] Tier 2 ready: 1ms
[cold-start] All tiers ready: 1ms

[90mstdout[2m | lib/__tests__/unit/cold-start.test.ts[2m > [22m[2mwarmAll()[2m > [22m[2mpropagates rejection when buildWarmCache() fails
[22m[39m[cold-start] Tier 1 ready: 0ms

 [32m✓[39m lib/__tests__/unit/cold-start.test.ts [2m([22m[2m18 tests[22m[2m)[22m[32m 42[2mms[22m[39m
 [32m✓[39m lib/__tests__/unit/suggestion-store.test.ts [2m([22m[2m11 tests[22m[2m)[22m[32m 63[2mms[22m[39m
 [32m✓[39m lib/__tests__/unit/vector.test.ts [2m([22m[2m21 tests[22m[2m)[22m[32m 32[2mms[22m[39m
 [32m✓[39m lib/__tests__/unit/gate.test.ts [2m([22m[2m12 tests[22m[2m)[22m[32m 27[2mms[22m[39m
[90mstdout[2m | lib/__tests__/integration/phase4-integration.test.ts[2m > [22m[2mPerformance — sync analysis path timing[2m > [22m[2msync path (no Haiku) completes well under 100ms on 20-message conversation
[22m[39m[perf] sync analyze() on 20-message conversation: 1ms

[90mstdout[2m | lib/__tests__/integration/phase4-integration.test.ts[2m > [22m[2mPerformance — sync analysis path timing[2m > [22m[2mhaiku inference path is called only when all sync checks pass
[22m[39m[perf] full analyze() path (sync + mocked Haiku): 0ms

 [32m✓[39m lib/__tests__/integration/phase4-integration.test.ts [2m([22m[2m34 tests[22m[2m)[22m[32m 40[2mms[22m[39m
 [32m✓[39m lib/__tests__/unit/cross-context.test.ts [2m([22m[2m34 tests[22m[2m)[22m[32m 34[2mms[22m[39m
 [32m✓[39m lib/__tests__/unit/decision-gate-4b.test.ts [2m([22m[2m23 tests[22m[2m)[22m[32m 29[2mms[22m[39m
 [32m✓[39m lib/ghost/__tests__/privacy.test.ts [2m([22m[2m37 tests[22m[2m)[22m[32m 27[2mms[22m[39m
 [32m✓[39m lib/__tests__/unit/warm-cache.test.ts [2m([22m[2m13 tests[22m[2m)[22m[32m 22[2mms[22m[39m
 [32m✓[39m lib/__tests__/unit/proactive.test.ts [2m([22m[2m12 tests[22m[2m)[22m[32m 31[2mms[22m[39m
 [32m✓[39m lib/__tests__/unit/eos/character.test.ts [2m([22m[2m13 tests[22m[2m)[22m[32m 25[2mms[22m[39m
 [32m✓[39m lib/__tests__/integration/phase3-integration.test.ts [2m([22m[2m11 tests[22m[2m)[22m[32m 30[2mms[22m[39m
 [32m✓[39m lib/__tests__/unit/artifacts/detector.test.ts [2m([22m[2m11 tests[22m[2m)[22m[32m 17[2mms[22m[39m
 [32m✓[39m lib/__tests__/unit/shim/job-context.test.ts [2m([22m[2m12 tests[22m[2m)[22m[32m 18[2mms[22m[39m
 [32m✓[39m lib/__tests__/unit/context-provider.test.ts [2m([22m[2m12 tests[22m[2m)[22m[32m 11[2mms[22m[39m
 [32m✓[39m lib/__tests__/unit/eos/health-score.test.ts [2m([22m[2m13 tests[22m[2m)[22m[32m 12[2mms[22m[39m
 [32m✓[39m lib/__tests__/unit/eos/patterns.test.ts [2m([22m[2m10 tests[22m[2m)[22m[32m 9[2mms[22m[39m
 [32m✓[39m lib/__tests__/unit/eos/batch.test.ts [2m([22m[2m6 tests[22m[2m)[22m[32m 9[2mms[22m[39m
 [32m✓[39m lib/__tests__/unit/artifacts/store.test.ts [2m([22m[2m7 tests[22m[2m)[22m[32m 7[2mms[22m[39m

[2m Test Files [22m [1m[32m40 passed[39m[22m[90m (40)[39m
[2m      Tests [22m [1m[32m890 passed[39m[22m[90m (890)[39m
[2m   Start at [22m 03:24:39
[2m   Duration [22m 7.59s[2m (transform 12.13s, setup 25.33s, import 13.94s, tests 7.25s, environment 15ms)[22m

