
 RUN  v4.0.17 D:/Projects/GregLite/app

 ✓ lib/design/__tests__/synthesis-animations.test.ts > prefersReducedMotion > returns false when no reduced motion preference is set 3ms
 ✓ lib/design/__tests__/synthesis-animations.test.ts > prefersReducedMotion > returns true when prefers-reduced-motion: reduce is active 1ms
 × lib/design/__tests__/synthesis-animations.test.ts > prefersReducedMotion > returns false in SSR environment (no window) 8ms
   → Cannot delete property 'window' of #<Object>
 ✓ lib/design/__tests__/synthesis-animations.test.ts > TYPEWRITER_SPEED > source speed is exactly 30ms/char (spec-mandated) 1ms
 ✓ lib/design/__tests__/synthesis-animations.test.ts > TYPEWRITER_SPEED > master speed is exactly 50ms/char (spec-mandated) 1ms
 ✓ lib/design/__tests__/synthesis-animations.test.ts > getTypewriterDelay > returns 30 for source mode (standard) 1ms
 ✓ lib/design/__tests__/synthesis-animations.test.ts > getTypewriterDelay > returns 50 for master mode (standard) 0ms
 ✓ lib/design/__tests__/synthesis-animations.test.ts > getTypewriterDelay > returns 0 or near-0 for source mode when reduced motion is active 1ms
 ✓ lib/design/__tests__/synthesis-animations.test.ts > getTypewriterDelay > returns 0 or near-0 for master mode when reduced motion is active 3ms
 ✓ lib/design/__tests__/synthesis-animations.test.ts > getTypewriterSlice > returns empty string at charIndex 0 1ms
 ✓ lib/design/__tests__/synthesis-animations.test.ts > getTypewriterSlice > returns first character at charIndex 1 0ms
 ✓ lib/design/__tests__/synthesis-animations.test.ts > getTypewriterSlice > returns full text at charIndex equal to text length 0ms
 ✓ lib/design/__tests__/synthesis-animations.test.ts > getTypewriterSlice > returns full text when charIndex exceeds text length 0ms
 ✓ lib/design/__tests__/synthesis-animations.test.ts > getTypewriterSlice > handles empty string input 0ms
 ✓ lib/design/__tests__/synthesis-animations.test.ts > isTypewriterComplete > returns false when charIndex < text length 0ms
 ✓ lib/design/__tests__/synthesis-animations.test.ts > isTypewriterComplete > returns true when charIndex equals text length 0ms
 ✓ lib/design/__tests__/synthesis-animations.test.ts > isTypewriterComplete > returns true when charIndex exceeds text length 0ms
 ✓ lib/design/__tests__/synthesis-animations.test.ts > isTypewriterComplete > returns true for empty string at charIndex 0 0ms
 ✓ lib/design/__tests__/synthesis-animations.test.ts > getCounterValue > returns `from` value at elapsed 0 0ms
 ✓ lib/design/__tests__/synthesis-animations.test.ts > getCounterValue > returns `to` value when elapsed >= duration 1ms
 ✓ lib/design/__tests__/synthesis-animations.test.ts > getCounterValue > returns a value between from and to during animation 1ms
 ✓ lib/design/__tests__/synthesis-animations.test.ts > getCounterValue > applies ease-out (progress slows near end) — midpoint value should be > 50% 0ms
 ✓ lib/design/__tests__/synthesis-animations.test.ts > getCounterValue > works with non-zero from value 0ms
 ✓ lib/design/__tests__/synthesis-animations.test.ts > getCounterValue > returns integer values (no floating point leak) 0ms
 ✓ lib/design/__tests__/synthesis-animations.test.ts > Animation variants — structural integrity > staggerContainer has hidden and visible variants 1ms
 ✓ lib/design/__tests__/synthesis-animations.test.ts > Animation variants — structural integrity > staggerContainer visible has staggerChildren set 1ms
 ✓ lib/design/__tests__/synthesis-animations.test.ts > Animation variants — structural integrity > staggerChild has hidden and visible variants 0ms
 ✓ lib/design/__tests__/synthesis-animations.test.ts > Animation variants — structural integrity > staggerChild hidden has opacity 0 0ms
 ✓ lib/design/__tests__/synthesis-animations.test.ts > Animation variants — structural integrity > masterReveal has hidden and visible variants 0ms
 ✓ lib/design/__tests__/synthesis-animations.test.ts > Animation variants — structural integrity > masterReveal transition duration is 2s (spec: slow reveal) 0ms
 ✓ lib/design/__tests__/synthesis-animations.test.ts > Animation variants — structural integrity > sectionReveal is a function returning variants 1ms
 ✓ lib/design/__tests__/synthesis-animations.test.ts > Animation variants — structural integrity > sectionReveal delay is passed through to transition 0ms
 ✓ lib/design/__tests__/synthesis-animations.test.ts > Animation variants — structural integrity > capabilityCard has hidden and visible variants 1ms
 ✓ lib/design/__tests__/synthesis-animations.test.ts > Animation variants — structural integrity > sourceCardSpring has hidden and visible variants with spring transition 0ms
 ✓ lib/design/__tests__/synthesis-animations.test.ts > Animation variants — structural integrity > snippetFade has hidden, visible and exit variants 0ms
 ✓ lib/synthesis/__tests__/generator.test.ts > generateSourceSynthesis > calls Claude API and returns a parsed SynthesisResult 52ms
 ✓ lib/synthesis/__tests__/generator.test.ts > generateSourceSynthesis > includes combinationSynthesis when previous sources exist 2ms
 ✓ lib/synthesis/__tests__/generator.test.ts > generateSourceSynthesis > returns null combinationSynthesis when no previous sources 1ms
 ✓ lib/synthesis/__tests__/generator.test.ts > generateSourceSynthesis > extracts capabilitiesUnlocked as an array 1ms
 × lib/synthesis/__tests__/generator.test.ts > generateSourceSynthesis > returns null when API throws 9ms
   → API timeout
 ✓ lib/synthesis/__tests__/generator.test.ts > generateSourceSynthesis > does not contain exclamation marks in sourceSynthesis (voice compliance) 1ms
 ✓ lib/synthesis/__tests__/generator.test.ts > getCapabilityTeaser > returns a string for every source type 1ms
 ✓ lib/synthesis/__tests__/generator.test.ts > getCapabilityTeaser > returns a meaningful teaser for email 0ms
 ✓ lib/synthesis/__tests__/generator.test.ts > getCapabilityTeaser > returns a meaningful teaser for calendar 1ms
 ✓ lib/synthesis/__tests__/generator.test.ts > getCapabilityTeaser > does not contain exclamation marks (voice compliance) 1ms
 ✓ lib/ghost/__tests__/watcher-bridge.test.ts > watcher-bridge > startWatching > invokes ghost_start_watching with provided paths 7ms
 ✓ lib/ghost/__tests__/watcher-bridge.test.ts > watcher-bridge > startWatching > loads default paths from KERNL when no paths provided 5ms
 ✓ lib/ghost/__tests__/watcher-bridge.test.ts > watcher-bridge > startWatching > loads saved paths from KERNL when set 1ms
 ✓ lib/ghost/__tests__/watcher-bridge.test.ts > watcher-bridge > startWatching > falls back to defaults when fetch fails 2ms
 ✓ lib/ghost/__tests__/watcher-bridge.test.ts > watcher-bridge > startWatching > does not throw when invoke fails 11ms
 ✓ lib/ghost/__tests__/watcher-bridge.test.ts > watcher-bridge > stopWatching > invokes ghost_stop_watching 1ms
 ✓ lib/ghost/__tests__/watcher-bridge.test.ts > watcher-bridge > stopWatching > does not throw when invoke fails 1ms
 ✓ lib/ghost/__tests__/watcher-bridge.test.ts > watcher-bridge > onFileChange > calls listen with ghost:file-changed event name 1ms
 ✓ lib/ghost/__tests__/watcher-bridge.test.ts > watcher-bridge > onFileChange > returns an unlisten function 1ms
 ✓ lib/ghost/__tests__/watcher-bridge.test.ts > watcher-bridge > onFileChange > calls handler when event fires 1ms
 ✓ lib/ghost/__tests__/watcher-bridge.test.ts > watcher-bridge > ghostPause > invokes ghost_pause 1ms
 ✓ lib/ghost/__tests__/watcher-bridge.test.ts > watcher-bridge > ghostPause > does not throw when invoke fails (non-Tauri env) 1ms
 ✓ lib/ghost/__tests__/watcher-bridge.test.ts > watcher-bridge > ghostResume > invokes ghost_resume 0ms
 ✓ lib/ghost/__tests__/watcher-bridge.test.ts > watcher-bridge > ghostResume > does not throw when invoke fails (non-Tauri env) 0ms
 × lib/synthesis/__tests__/master.test.ts > generateMasterSynthesis > returns a MasterSynthesis with all required fields populated 61ms
   → expected '' to be truthy
 ✓ lib/synthesis/__tests__/master.test.ts > generateMasterSynthesis > parses OVERVIEW section correctly 6ms
 ✓ lib/synthesis/__tests__/master.test.ts > generateMasterSynthesis > parses PATTERNS as an array, stripping leading dashes 4ms
 ✓ lib/synthesis/__tests__/master.test.ts > generateMasterSynthesis > parses INSIGHTS as an array 1ms
 × lib/synthesis/__tests__/master.test.ts > generateMasterSynthesis > parses BLIND_SPOTS as an array 6ms
   → expected [ …(2) ] to deeply equal [ Array(1) ]
 × lib/synthesis/__tests__/master.test.ts > generateMasterSynthesis > parses CAPABILITY_SUMMARY as a string 2ms
   → expected '' to be 'Predict shipping velocity from past s…' // Object.is equality
 ✓ lib/synthesis/__tests__/master.test.ts > generateMasterSynthesis > uses claude-sonnet-4-6 model (quality-critical) 8ms
 ✓ lib/synthesis/__tests__/master.test.ts > generateMasterSynthesis > overview does not contain exclamation marks (voice compliance) 1ms
 ✓ lib/synthesis/__tests__/orchestrator.test.ts > IndexingOrchestrator > addSource > returns a source with pending status 7ms
 ✓ lib/synthesis/__tests__/orchestrator.test.ts > IndexingOrchestrator > addSource > assigns a unique id to each source 3ms
 ✓ lib/synthesis/__tests__/orchestrator.test.ts > IndexingOrchestrator > addSource > persists the source to the database 1ms
 ✓ lib/synthesis/__tests__/orchestrator.test.ts > IndexingOrchestrator > addSource > returned source has zero indexed_count 1ms
 ✓ lib/synthesis/__tests__/orchestrator.test.ts > IndexingOrchestrator > skipSource > marks source as skipped in getProgress 2ms
 ✓ lib/synthesis/__tests__/orchestrator.test.ts > IndexingOrchestrator > skipSource > does not throw on unknown source id 2ms
 ✓ lib/synthesis/__tests__/orchestrator.test.ts > IndexingOrchestrator > startIndexing > transitions source from pending to indexing 4ms
 ✓ lib/synthesis/__tests__/orchestrator.test.ts > IndexingOrchestrator > updateProgress > updates indexed_count on the source 1ms
 ✓ lib/synthesis/__tests__/orchestrator.test.ts > IndexingOrchestrator > updateProgress > accepts optional totalCount argument without throwing 2ms
 × lib/synthesis/__tests__/orchestrator.test.ts > IndexingOrchestrator > onSourceComplete > marks source status as complete 13ms
   → [vitest] No "loadMasterSynthesis" export is defined on the "../master" mock. Did you forget to return it from "vi.mock"?
If you need to partially mock a module, you can use "importOriginal" helper inside:

 ✓ lib/synthesis/__tests__/orchestrator.test.ts > IndexingOrchestrator > onSourceComplete > fires generateSourceSynthesis asynchronously 60ms
 × lib/synthesis/__tests__/master.test.ts > generateMasterSynthesis > handles multi-source input and includes source labels in prompt 15ms
   → expected 'I\'ve finished indexing all my source…' to contain 'Documents'
 × lib/synthesis/__tests__/master.test.ts > generateMasterSynthesis > returns null and does not throw when API returns empty content 4ms
   → expected { …(9) } to be null
 × lib/synthesis/__tests__/master.test.ts > generateMasterSynthesis > returns null and does not throw when API throws 1ms
   → API timeout
 ✓ lib/synthesis/__tests__/master.test.ts > loadMasterSynthesis > returns parsed MasterSynthesis when a record exists in DB 2ms
 × lib/synthesis/__tests__/master.test.ts > loadMasterSynthesis > returns null when no master synthesis record exists 3ms
   → Cannot find module '@/lib/kernl/database'
Require stack:
- D:\Projects\GregLite\app\lib\synthesis\__tests__\master.test.ts
 ✓ lib/synthesis/__tests__/nudges.test.ts > getEligibleNudge > returns null when skippedSources is empty 4ms
 × lib/synthesis/__tests__/nudges.test.ts > getEligibleNudge > returns null when existingTypes is empty (nothing to combine with) 16ms
   → expected { …(8) } to be null
 ✓ lib/synthesis/__tests__/nudges.test.ts > getEligibleNudge > creates and returns a nudge for a new eligible skipped source 3ms
 ✓ lib/synthesis/__tests__/nudges.test.ts > getEligibleNudge > returns an existing nudge when last sent more than 7 days ago 1ms
 ✓ lib/synthesis/__tests__/nudges.test.ts > getEligibleNudge > respects the weekly cap — returns null when sent less than 7 days ago 1ms
 ✓ lib/synthesis/__tests__/nudges.test.ts > getEligibleNudge > returns null for a permanently silenced nudge 1ms
 ✓ lib/synthesis/__tests__/nudges.test.ts > getEligibleNudge > nudge is ineligible after permanent silence via dismissal 1ms
 ✓ lib/synthesis/__tests__/nudges.test.ts > dismissNudge > returns { permanentlySilenced: false, dismissCount: 1 } on first dismissal 1ms
 ✓ lib/synthesis/__tests__/nudges.test.ts > dismissNudge > increments dismissed_count in the DB 1ms
 ✓ lib/synthesis/__tests__/nudges.test.ts > dismissNudge > returns permanentlySilenced: true after reaching MAX_DISMISSALS threshold 1ms
 ✓ lib/synthesis/__tests__/nudges.test.ts > dismissNudge > marks the nudge permanently_silenced in the DB on threshold breach 1ms
 ✓ lib/synthesis/__tests__/nudges.test.ts > dismissNudge > does not throw on unknown nudge id 2ms
 ✓ lib/synthesis/__tests__/nudges.test.ts > buildContextualNudge > returns a string for a valid source type (source not indexed, not silenced) 1ms
 × lib/synthesis/__tests__/nudges.test.ts > buildContextualNudge > returns null when the source type is already complete (indexed) 2ms
   → expected 'If your email were connected, I could…' to be null
 ✓ lib/synthesis/__tests__/nudges.test.ts > buildContextualNudge > returns null when the source type is permanently silenced 1ms
 ✓ lib/synthesis/__tests__/nudges.test.ts > buildContextualNudge > does not contain exclamation marks for any source type (voice compliance) 2ms
 ✓ lib/synthesis/__tests__/nudges.test.ts > buildContextualNudge > does not throw for any supported source type 4ms
 ✓ lib/synthesis/__tests__/nudges.test.ts > getAllNudges > returns empty array when no nudges exist 2ms
 ✓ lib/synthesis/__tests__/nudges.test.ts > getAllNudges > returns all seeded nudges 1ms
 ✓ lib/synthesis/__tests__/nudges.test.ts > getAllNudges > returned nudge has expected snake_case fields 1ms
 ✓ lib/synthesis/__tests__/orchestrator.test.ts > IndexingOrchestrator > onSourceError > marks source status as error 6ms
 ✓ lib/synthesis/__tests__/orchestrator.test.ts > IndexingOrchestrator > onSourceError > does not throw on unknown source id 1ms
 ✓ lib/synthesis/__tests__/orchestrator.test.ts > IndexingOrchestrator > getProgress > returns SynthesisProgress with a sources array 2ms
 ✓ lib/synthesis/__tests__/orchestrator.test.ts > IndexingOrchestrator > getProgress > reflects all added sources 1ms
 ✓ lib/synthesis/__tests__/orchestrator.test.ts > IndexingOrchestrator > master synthesis auto-trigger > calls generateMasterSynthesis when all non-skipped sources complete 61ms
 ✓ lib/__tests__/unit/embeddings.test.ts > chunkText() > returns [] for text strictly below MIN_CHARS 5ms
 ✓ lib/__tests__/unit/embeddings.test.ts > chunkText() > returns [] for empty string 1ms
 ✓ lib/__tests__/unit/embeddings.test.ts > chunkText() > returns one chunk for text at exactly MIN_CHARS 1ms
 ✓ lib/__tests__/unit/embeddings.test.ts > chunkText() > returns one chunk for text that fits within a single window (400 chars) 2ms
 ✓ lib/__tests__/unit/embeddings.test.ts > chunkText() > returns multiple chunks for long text with correct sequential indexes 1ms
 ✓ lib/__tests__/unit/embeddings.test.ts > chunkText() > chunks have correct tokenEstimate (ceil(length / 4)) 0ms
 ✓ lib/__tests__/unit/embeddings.test.ts > chunkText() > adjacent chunks overlap — last chars of chunk N appear in chunk N+1 1ms
 ✓ lib/__tests__/unit/embeddings.test.ts > constants > MIN_CHARS is 200 0ms
 ✓ lib/__tests__/unit/embeddings.test.ts > constants > MODEL_ID is the locked bge-small model 1ms
 ✓ lib/__tests__/unit/embeddings.test.ts > constants > MODEL_DIMENSION is 384 1ms
 ✓ lib/__tests__/unit/embeddings.test.ts > embed() > returns [] for text below MIN_CHARS 1ms
 ✓ lib/__tests__/unit/embeddings.test.ts > embed() > returns EmbeddingRecord[] with correct shape for short message 9ms
 ✓ lib/__tests__/unit/embeddings.test.ts > embed() > stores correct sourceType variants 1ms
 ✓ lib/__tests__/unit/embeddings.test.ts > embed() > always stores MODEL_ID on every record 1ms
 ✓ lib/__tests__/unit/embeddings.test.ts > embed() > chunkIndex increments correctly across multi-chunk text 1ms
 ✓ lib/__tests__/unit/embeddings.test.ts > embed() > each record has a unique chunkId 1ms
 ✓ lib/__tests__/unit/embeddings.test.ts > determinism > same input produces identical Float32Array vectors 19ms
 ✓ lib/synthesis/__tests__/orchestrator.test.ts > IndexingOrchestrator > master synthesis auto-trigger > does not call generateMasterSynthesis while a source is still pending 35ms
 × lib/synthesis/__tests__/orchestrator.test.ts > IndexingOrchestrator > master synthesis auto-trigger > fires exactly once after both sources complete 64ms
   → expected "vi.fn()" to be called 1 times, but got 2 times
 ✓ lib/synthesis/__tests__/orchestrator.test.ts > IndexingOrchestrator > generateMasterNow > calls generateMasterSynthesis immediately regardless of source state 2ms
 ✓ lib/synthesis/__tests__/orchestrator.test.ts > IndexingOrchestrator > telemetry helpers > recordReadTime does not throw 1ms
 ✓ lib/synthesis/__tests__/orchestrator.test.ts > IndexingOrchestrator > telemetry helpers > recordEarlyExit does not throw 2ms
 ✓ lib/synthesis/__tests__/orchestrator.test.ts > IndexingOrchestrator > telemetry helpers > recordNudgeConversion does not throw 1ms
 ✓ lib/__tests__/unit/indexer.test.ts > BudgetEnforcer > isExceeded() returns false immediately after start() 3ms
 ✓ lib/__tests__/unit/indexer.test.ts > BudgetEnforcer > isExceeded() returns true after budget elapsed (fake timer) 4ms
 ✓ lib/__tests__/unit/indexer.test.ts > BudgetEnforcer > elapsed() increases over time 1ms
 ✓ lib/__tests__/unit/indexer.test.ts > BudgetEnforcer > budget getter returns constructor value 1ms
 ✓ lib/__tests__/unit/indexer.test.ts > BudgetEnforcer > defaults to 500ms budget 1ms
 ✓ lib/__tests__/unit/indexer.test.ts > BudgetEnforcer > isExceeded() is false before start() is called 1ms
 ✓ lib/__tests__/unit/indexer.test.ts > getThrottle > returns FULL when no AEGIS signal (null) 1ms
 ✓ lib/__tests__/unit/indexer.test.ts > getThrottle > returns SKIP for BUILD_SPRINT 1ms
 ✓ lib/__tests__/unit/indexer.test.ts > getThrottle > returns SKIP for COUNCIL 1ms
 ✓ lib/__tests__/unit/indexer.test.ts > getThrottle > returns SKIP for PARALLEL_BUILD 1ms
 ✓ lib/__tests__/unit/indexer.test.ts > getThrottle > returns HALF for DEEP_FOCUS 0ms
 ✓ lib/__tests__/unit/indexer.test.ts > getThrottle > returns HALF for CODE_GEN 0ms
 ✓ lib/__tests__/unit/indexer.test.ts > getThrottle > returns FULL for IDLE 1ms
 ✓ lib/__tests__/unit/indexer.test.ts > getThrottle > returns FULL for RESEARCH (unknown profile) 0ms
 ✓ lib/__tests__/unit/indexer.test.ts > getThrottle > returns FULL for STARTUP 1ms
 ✓ lib/__tests__/unit/indexer.test.ts > scheduler (real module) > startScheduler mock called when wired (structural test) 3ms
 ✓ lib/__tests__/unit/indexer.test.ts > scheduler (real module) > stopScheduler mock called (structural test) 0ms
 ✓ lib/__tests__/unit/indexer.test.ts > scheduler (real module) > recordUserActivity and isUserIdle are callable 2ms
 ✓ lib/__tests__/unit/indexer.test.ts > scheduler (real module) > _resetActivityForTest is callable 0ms
 ✓ lib/__tests__/unit/indexer.test.ts > runOnce > skips when AEGIS profile is BUILD_SPRINT 1ms
 ✓ lib/__tests__/unit/indexer.test.ts > runOnce > skips when AEGIS profile is COUNCIL 0ms
 ✓ lib/__tests__/unit/indexer.test.ts > runOnce > returns complete with 0 chunksIndexed when no unindexed chunks 1ms
 ✓ lib/__tests__/unit/war-room.test.ts > graph-builder > buildGraph() > maps completed → complete 428ms
 ✓ lib/__tests__/unit/war-room.test.ts > graph-builder > buildGraph() > maps spawning/working/validating → running 4ms
 ✓ lib/__tests__/unit/war-room.test.ts > graph-builder > buildGraph() > maps pending/failed/interrupted unchanged 4ms
 ✓ lib/__tests__/unit/war-room.test.ts > graph-builder > buildGraph() > falls back to "pending" for unknown status strings 2ms
 ✓ lib/__tests__/unit/war-room.test.ts > graph-builder > buildGraph() > builds edges from dependencies JSON array 5ms
 ✓ lib/__tests__/unit/war-room.test.ts > graph-builder > buildGraph() > builds diamond pattern edges correctly 2ms
 ✓ lib/__tests__/unit/war-room.test.ts > graph-builder > buildGraph() > handles malformed dependencies JSON gracefully (empty edges) 2ms
 ✓ lib/__tests__/unit/war-room.test.ts > graph-builder > buildGraph() > handles null dependencies gracefully 2ms
 ✓ lib/__tests__/unit/war-room.test.ts > graph-builder > buildGraph() > sets node title to "Untitled" when title is null 2ms
 ✓ lib/__tests__/unit/war-room.test.ts > graph-builder > buildGraph() > throws on non-OK fetch response 5ms
 ✓ lib/__tests__/unit/war-room.test.ts > graph-builder > buildGraph() > returns empty nodes and edges for empty manifests table 2ms
 ✓ lib/__tests__/unit/war-room.test.ts > graph-builder > layoutGraph() > returns positions for every node 31ms
 ✓ lib/__tests__/unit/war-room.test.ts > graph-builder > layoutGraph() > layouts left-to-right: node with no deps has smaller x 5ms
 ✓ lib/__tests__/unit/war-room.test.ts > graph-builder > layoutGraph() > silently skips edges where an endpoint node is missing 5ms
 ✓ lib/__tests__/unit/war-room.test.ts > graph-builder > computeCanvasSize() > returns fallback dimensions for empty position map 1ms
 ✓ lib/__tests__/unit/war-room.test.ts > graph-builder > computeCanvasSize() > accounts for node dimensions and padding 2ms
 ✓ lib/__tests__/unit/war-room.test.ts > startWarRoomPolling() > fires onUpdate immediately on first tick 19ms
 ✓ lib/__tests__/unit/war-room.test.ts > startWarRoomPolling() > calls onError when fetch fails 3ms
 ✓ lib/__tests__/unit/war-room.test.ts > startWarRoomPolling() > does not call onUpdate again when graph is unchanged 3ms
 ✓ lib/__tests__/unit/war-room.test.ts > startWarRoomPolling() > calls onUpdate again when graph changes 2ms
 ✓ lib/__tests__/unit/war-room.test.ts > startWarRoomPolling() > stop() prevents further onUpdate calls 3ms
 ✓ lib/__tests__/unit/embeddings.test.ts > batchEmbed() > returns combined records for all inputs 218ms
stdout | lib/ghost/__tests__/phase6-integration.test.ts > Ghost Lifecycle — integration > starts all components in the correct order
[ghost/lifecycle] Starting Ghost...
[ghost/lifecycle] Watch paths: (none configured)

stdout | lib/ghost/__tests__/lifecycle.test.ts > Ghost Lifecycle > startGhost > calls all components in the correct startup order
[ghost/lifecycle] Starting Ghost...
[ghost/lifecycle] Watch paths: (none configured)

stdout | lib/ghost/__tests__/lifecycle.test.ts > Ghost Lifecycle > startGhost > calls all components in the correct startup order
[recall/scheduler] Starting (2h detection, 3/day max)

stdout | lib/ghost/__tests__/phase6-integration.test.ts > Ghost Lifecycle — integration > starts all components in the correct order
[recall/scheduler] Starting (2h detection, 3/day max)

stdout | lib/ghost/__tests__/lifecycle.test.ts > Ghost Lifecycle > startGhost > calls all components in the correct startup order
[ghost/lifecycle] Ghost started (state: running)

stdout | lib/ghost/__tests__/phase6-integration.test.ts > Ghost Lifecycle — integration > starts all components in the correct order
[ghost/lifecycle] Ghost started (state: running)

stdout | lib/ghost/__tests__/lifecycle.test.ts > Ghost Lifecycle > startGhost > emits state: "running" when all steps succeed
[ghost/lifecycle] Starting Ghost...
[ghost/lifecycle] Watch paths: (none configured)

stdout | lib/ghost/__tests__/lifecycle.test.ts > Ghost Lifecycle > startGhost > emits state: "running" when all steps succeed
[recall/scheduler] Starting (2h detection, 3/day max)

stdout | lib/ghost/__tests__/lifecycle.test.ts > Ghost Lifecycle > startGhost > emits state: "running" when all steps succeed
[ghost/lifecycle] Ghost started (state: running)

stdout | lib/ghost/__tests__/phase6-integration.test.ts > Ghost Lifecycle — integration > resolves stopGhost within 5 seconds even when watcher hangs
[ghost/lifecycle] Starting Ghost...
[ghost/lifecycle] Watch paths: (none configured)

stdout | lib/ghost/__tests__/phase6-integration.test.ts > Ghost Lifecycle — integration > resolves stopGhost within 5 seconds even when watcher hangs
[recall/scheduler] Starting (2h detection, 3/day max)

stdout | lib/ghost/__tests__/phase6-integration.test.ts > Ghost Lifecycle — integration > resolves stopGhost within 5 seconds even when watcher hangs
[ghost/lifecycle] Ghost started (state: running)

stdout | lib/ghost/__tests__/lifecycle.test.ts > Ghost Lifecycle > startGhost > emits state: "starting" then "running"
[ghost/lifecycle] Starting Ghost...
[ghost/lifecycle] Watch paths: (none configured)

stdout | lib/ghost/__tests__/lifecycle.test.ts > Ghost Lifecycle > startGhost > emits state: "starting" then "running"
[recall/scheduler] Starting (2h detection, 3/day max)

stdout | lib/ghost/__tests__/lifecycle.test.ts > Ghost Lifecycle > startGhost > emits state: "starting" then "running"
[ghost/lifecycle] Ghost started (state: running)

stdout | lib/ghost/__tests__/phase6-integration.test.ts > Ghost Lifecycle — integration > resolves stopGhost within 5 seconds even when watcher hangs
[ghost/lifecycle] Stopping Ghost...
[recall/scheduler] Stopped

stdout | lib/ghost/__tests__/phase6-integration.test.ts > Ghost Lifecycle — integration > resolves stopGhost within 5 seconds even when watcher hangs
[ghost/lifecycle] Ghost stopped

 ✓ lib/ghost/__tests__/phase6-integration.test.ts > Ghost Lifecycle — integration > starts all components in the correct order 96ms
stdout | lib/ghost/__tests__/lifecycle.test.ts > Ghost Lifecycle > startGhost > is idempotent — calling twice does not double-start components
[ghost/lifecycle] Starting Ghost...
[ghost/lifecycle] Watch paths: (none configured)

stdout | lib/ghost/__tests__/lifecycle.test.ts > Ghost Lifecycle > startGhost > is idempotent — calling twice does not double-start components
[recall/scheduler] Starting (2h detection, 3/day max)

stdout | lib/ghost/__tests__/lifecycle.test.ts > Ghost Lifecycle > startGhost > is idempotent — calling twice does not double-start components
[ghost/lifecycle] Ghost started (state: running)

stdout | lib/ghost/__tests__/phase6-integration.test.ts > Ghost Lifecycle — integration > continues startup when one component fails (degraded mode)
[ghost/lifecycle] Starting Ghost...
[ghost/lifecycle] Watch paths: (none configured)

stdout | lib/ghost/__tests__/phase6-integration.test.ts > Ghost Lifecycle — integration > continues startup when one component fails (degraded mode)
[recall/scheduler] Starting (2h detection, 3/day max)

stdout | lib/ghost/__tests__/phase6-integration.test.ts > Ghost Lifecycle — integration > continues startup when one component fails (degraded mode)
[ghost/lifecycle] Ghost started (state: degraded)

stdout | lib/ghost/__tests__/lifecycle.test.ts > Ghost Lifecycle > degraded mode > continues startup when one component throws
[ghost/lifecycle] Starting Ghost...
[ghost/lifecycle] Watch paths: (none configured)

stdout | lib/ghost/__tests__/lifecycle.test.ts > Ghost Lifecycle > degraded mode > continues startup when one component throws
[recall/scheduler] Starting (2h detection, 3/day max)

stdout | lib/ghost/__tests__/lifecycle.test.ts > Ghost Lifecycle > degraded mode > continues startup when one component throws
[ghost/lifecycle] Ghost started (state: degraded)

stdout | lib/ghost/__tests__/phase6-integration.test.ts > Ghost Lifecycle — integration > pauses all components on AEGIS PARALLEL_BUILD and resumes on resume
[ghost/lifecycle] Starting Ghost...
[ghost/lifecycle] Watch paths: (none configured)

stdout | lib/ghost/__tests__/lifecycle.test.ts > Ghost Lifecycle > degraded mode > emits state: "degraded" when a component fails
[ghost/lifecycle] Starting Ghost...
[ghost/lifecycle] Watch paths: (none configured)

stdout | lib/ghost/__tests__/phase6-integration.test.ts > Ghost Lifecycle — integration > pauses all components on AEGIS PARALLEL_BUILD and resumes on resume
[recall/scheduler] Starting (2h detection, 3/day max)

stdout | lib/ghost/__tests__/phase6-integration.test.ts > Ghost Lifecycle — integration > pauses all components on AEGIS PARALLEL_BUILD and resumes on resume
[ghost/lifecycle] Ghost started (state: running)

stdout | lib/ghost/__tests__/lifecycle.test.ts > Ghost Lifecycle > degraded mode > emits state: "degraded" when a component fails
[recall/scheduler] Starting (2h detection, 3/day max)

stdout | lib/ghost/__tests__/phase6-integration.test.ts > Ghost Lifecycle — integration > pauses all components on AEGIS PARALLEL_BUILD and resumes on resume
[ghost/lifecycle] Pausing Ghost components...
[recall/scheduler] Paused
[ghost/lifecycle] Resuming Ghost components...
[recall/scheduler] Resumed

stdout | lib/ghost/__tests__/lifecycle.test.ts > Ghost Lifecycle > degraded mode > emits state: "degraded" when a component fails
[ghost/lifecycle] Ghost started (state: degraded)

stdout | lib/ghost/__tests__/lifecycle.test.ts > Ghost Lifecycle > degraded mode > emits ghost:error for the failing component
[ghost/lifecycle] Starting Ghost...
[ghost/lifecycle] Watch paths: (none configured)

stdout | lib/ghost/__tests__/lifecycle.test.ts > Ghost Lifecycle > degraded mode > emits ghost:error for the failing component
[recall/scheduler] Starting (2h detection, 3/day max)

stdout | lib/ghost/__tests__/lifecycle.test.ts > Ghost Lifecycle > degraded mode > emits ghost:error for the failing component
[ghost/lifecycle] Ghost started (state: degraded)

stdout | lib/ghost/__tests__/lifecycle.test.ts > Ghost Lifecycle > stopGhost > stops components in reverse startup order
[ghost/lifecycle] Starting Ghost...
[ghost/lifecycle] Watch paths: (none configured)

stdout | lib/ghost/__tests__/lifecycle.test.ts > Ghost Lifecycle > stopGhost > stops components in reverse startup order
[recall/scheduler] Starting (2h detection, 3/day max)

stdout | lib/ghost/__tests__/lifecycle.test.ts > Ghost Lifecycle > stopGhost > stops components in reverse startup order
[ghost/lifecycle] Ghost started (state: running)

stdout | lib/ghost/__tests__/lifecycle.test.ts > Ghost Lifecycle > stopGhost > stops components in reverse startup order
[ghost/lifecycle] Stopping Ghost...
[recall/scheduler] Stopped

stdout | lib/ghost/__tests__/lifecycle.test.ts > Ghost Lifecycle > stopGhost > stops components in reverse startup order
[ghost/lifecycle] Ghost stopped

 ✓ lib/__tests__/unit/indexer.test.ts > runOnce > processes unindexed chunks and marks vec_indexed=1 225ms
stdout | lib/ghost/__tests__/lifecycle.test.ts > Ghost Lifecycle > stopGhost > emits state: "stopped" after shutdown
[ghost/lifecycle] Starting Ghost...
[ghost/lifecycle] Watch paths: (none configured)

stdout | lib/ghost/__tests__/lifecycle.test.ts > Ghost Lifecycle > stopGhost > emits state: "stopped" after shutdown
[recall/scheduler] Starting (2h detection, 3/day max)

stdout | lib/ghost/__tests__/lifecycle.test.ts > Ghost Lifecycle > stopGhost > emits state: "stopped" after shutdown
[ghost/lifecycle] Ghost started (state: running)

stdout | lib/ghost/__tests__/lifecycle.test.ts > Ghost Lifecycle > stopGhost > emits state: "stopped" after shutdown
[ghost/lifecycle] Stopping Ghost...
[recall/scheduler] Stopped

stdout | lib/ghost/__tests__/lifecycle.test.ts > Ghost Lifecycle > stopGhost > emits state: "stopped" after shutdown
[ghost/lifecycle] Ghost stopped

stdout | lib/ghost/__tests__/lifecycle.test.ts > Ghost Lifecycle > stopGhost > is idempotent — calling twice does not error
[ghost/lifecycle] Starting Ghost...
[ghost/lifecycle] Watch paths: (none configured)

stdout | lib/ghost/__tests__/lifecycle.test.ts > Ghost Lifecycle > stopGhost > is idempotent — calling twice does not error
[recall/scheduler] Starting (2h detection, 3/day max)

stdout | lib/ghost/__tests__/lifecycle.test.ts > Ghost Lifecycle > stopGhost > is idempotent — calling twice does not error
[ghost/lifecycle] Ghost started (state: running)

stdout | lib/ghost/__tests__/lifecycle.test.ts > Ghost Lifecycle > stopGhost > is idempotent — calling twice does not error
[ghost/lifecycle] Stopping Ghost...
[recall/scheduler] Stopped

stdout | lib/ghost/__tests__/lifecycle.test.ts > Ghost Lifecycle > stopGhost > is idempotent — calling twice does not error
[ghost/lifecycle] Ghost stopped

stdout | lib/ghost/__tests__/lifecycle.test.ts > Ghost Lifecycle > stopGhost > resolves within 5 seconds even if watcher hangs
[ghost/lifecycle] Starting Ghost...
[ghost/lifecycle] Watch paths: (none configured)

stdout | lib/ghost/__tests__/lifecycle.test.ts > Ghost Lifecycle > stopGhost > resolves within 5 seconds even if watcher hangs
[recall/scheduler] Starting (2h detection, 3/day max)

stdout | lib/ghost/__tests__/lifecycle.test.ts > Ghost Lifecycle > stopGhost > resolves within 5 seconds even if watcher hangs
[ghost/lifecycle] Ghost started (state: running)

stdout | lib/ghost/__tests__/lifecycle.test.ts > Ghost Lifecycle > stopGhost > resolves within 5 seconds even if watcher hangs
[ghost/lifecycle] Stopping Ghost...
[recall/scheduler] Stopped

stdout | lib/ghost/__tests__/lifecycle.test.ts > Ghost Lifecycle > stopGhost > resolves within 5 seconds even if watcher hangs
[ghost/lifecycle] Ghost stopped

stdout | lib/ghost/__tests__/lifecycle.test.ts > Ghost Lifecycle > pauseGhost / resumeGhost > pauses email poller and ingest queue
[ghost/lifecycle] Starting Ghost...
[ghost/lifecycle] Watch paths: (none configured)

stdout | lib/ghost/__tests__/lifecycle.test.ts > Ghost Lifecycle > pauseGhost / resumeGhost > pauses email poller and ingest queue
[recall/scheduler] Starting (2h detection, 3/day max)

stdout | lib/ghost/__tests__/lifecycle.test.ts > Ghost Lifecycle > pauseGhost / resumeGhost > pauses email poller and ingest queue
[ghost/lifecycle] Ghost started (state: running)

stdout | lib/ghost/__tests__/lifecycle.test.ts > Ghost Lifecycle > pauseGhost / resumeGhost > pauses email poller and ingest queue
[ghost/lifecycle] Pausing Ghost components...
[recall/scheduler] Paused

stdout | lib/ghost/__tests__/lifecycle.test.ts > Ghost Lifecycle > pauseGhost / resumeGhost > emits state: "paused" after pause
[ghost/lifecycle] Starting Ghost...
[ghost/lifecycle] Watch paths: (none configured)

stdout | lib/ghost/__tests__/lifecycle.test.ts > Ghost Lifecycle > pauseGhost / resumeGhost > emits state: "paused" after pause
[recall/scheduler] Starting (2h detection, 3/day max)

stdout | lib/ghost/__tests__/lifecycle.test.ts > Ghost Lifecycle > pauseGhost / resumeGhost > emits state: "paused" after pause
[ghost/lifecycle] Ghost started (state: running)

stdout | lib/ghost/__tests__/lifecycle.test.ts > Ghost Lifecycle > pauseGhost / resumeGhost > emits state: "paused" after pause
[ghost/lifecycle] Pausing Ghost components...
[recall/scheduler] Paused

stdout | lib/ghost/__tests__/lifecycle.test.ts > Ghost Lifecycle > pauseGhost / resumeGhost > is idempotent — calling pauseGhost twice only pauses once
[ghost/lifecycle] Starting Ghost...
[ghost/lifecycle] Watch paths: (none configured)

stdout | lib/ghost/__tests__/lifecycle.test.ts > Ghost Lifecycle > pauseGhost / resumeGhost > is idempotent — calling pauseGhost twice only pauses once
[recall/scheduler] Starting (2h detection, 3/day max)

stdout | lib/ghost/__tests__/lifecycle.test.ts > Ghost Lifecycle > pauseGhost / resumeGhost > is idempotent — calling pauseGhost twice only pauses once
[ghost/lifecycle] Ghost started (state: running)

stdout | lib/ghost/__tests__/lifecycle.test.ts > Ghost Lifecycle > pauseGhost / resumeGhost > is idempotent — calling pauseGhost twice only pauses once
[ghost/lifecycle] Pausing Ghost components...
[recall/scheduler] Paused

stdout | lib/ghost/__tests__/lifecycle.test.ts > Ghost Lifecycle > pauseGhost / resumeGhost > resumes email poller and ingest queue
[ghost/lifecycle] Starting Ghost...
[ghost/lifecycle] Watch paths: (none configured)

stdout | lib/ghost/__tests__/lifecycle.test.ts > Ghost Lifecycle > pauseGhost / resumeGhost > resumes email poller and ingest queue
[recall/scheduler] Starting (2h detection, 3/day max)

stdout | lib/ghost/__tests__/lifecycle.test.ts > Ghost Lifecycle > pauseGhost / resumeGhost > resumes email poller and ingest queue
[ghost/lifecycle] Ghost started (state: running)

stdout | lib/ghost/__tests__/lifecycle.test.ts > Ghost Lifecycle > pauseGhost / resumeGhost > resumes email poller and ingest queue
[ghost/lifecycle] Pausing Ghost components...
[recall/scheduler] Paused
[ghost/lifecycle] Resuming Ghost components...
[recall/scheduler] Resumed

 ✓ lib/ghost/__tests__/lifecycle.test.ts > Ghost Lifecycle > startGhost > calls all components in the correct startup order 662ms
 ✓ lib/ghost/__tests__/lifecycle.test.ts > Ghost Lifecycle > startGhost > emits state: "running" when all steps succeed 6ms
 ✓ lib/ghost/__tests__/lifecycle.test.ts > Ghost Lifecycle > startGhost > emits state: "starting" then "running" 7ms
 ✓ lib/ghost/__tests__/lifecycle.test.ts > Ghost Lifecycle > startGhost > is idempotent — calling twice does not double-start components 5ms
 ✓ lib/ghost/__tests__/lifecycle.test.ts > Ghost Lifecycle > degraded mode > continues startup when one component throws 9ms
 ✓ lib/ghost/__tests__/lifecycle.test.ts > Ghost Lifecycle > degraded mode > emits state: "degraded" when a component fails 5ms
 ✓ lib/ghost/__tests__/lifecycle.test.ts > Ghost Lifecycle > degraded mode > emits ghost:error for the failing component 6ms
 ✓ lib/ghost/__tests__/lifecycle.test.ts > Ghost Lifecycle > stopGhost > stops components in reverse startup order 6ms
 ✓ lib/ghost/__tests__/lifecycle.test.ts > Ghost Lifecycle > stopGhost > emits state: "stopped" after shutdown 5ms
 ✓ lib/ghost/__tests__/lifecycle.test.ts > Ghost Lifecycle > stopGhost > is idempotent — calling twice does not error 9ms
 ✓ lib/ghost/__tests__/lifecycle.test.ts > Ghost Lifecycle > stopGhost > resolves within 5 seconds even if watcher hangs 13ms
 ✓ lib/ghost/__tests__/lifecycle.test.ts > Ghost Lifecycle > pauseGhost / resumeGhost > pauses email poller and ingest queue 7ms
 ✓ lib/ghost/__tests__/lifecycle.test.ts > Ghost Lifecycle > pauseGhost / resumeGhost > emits state: "paused" after pause 7ms
 ✓ lib/ghost/__tests__/lifecycle.test.ts > Ghost Lifecycle > pauseGhost / resumeGhost > is idempotent — calling pauseGhost twice only pauses once 8ms
stdout | lib/ghost/__tests__/lifecycle.test.ts > Ghost Lifecycle > pauseGhost / resumeGhost > emits state: "running" after resume (no errors)
[ghost/lifecycle] Starting Ghost...
[ghost/lifecycle] Watch paths: (none configured)

stdout | lib/ghost/__tests__/lifecycle.test.ts > Ghost Lifecycle > pauseGhost / resumeGhost > emits state: "running" after resume (no errors)
[recall/scheduler] Starting (2h detection, 3/day max)

stdout | lib/ghost/__tests__/lifecycle.test.ts > Ghost Lifecycle > pauseGhost / resumeGhost > emits state: "running" after resume (no errors)
[ghost/lifecycle] Ghost started (state: running)

stdout | lib/ghost/__tests__/lifecycle.test.ts > Ghost Lifecycle > pauseGhost / resumeGhost > emits state: "running" after resume (no errors)
[ghost/lifecycle] Pausing Ghost components...
[recall/scheduler] Paused
[ghost/lifecycle] Resuming Ghost components...
[recall/scheduler] Resumed

stdout | lib/ghost/__tests__/lifecycle.test.ts > Ghost Lifecycle > pauseGhost / resumeGhost > is idempotent — calling resumeGhost when not paused is a no-op
[ghost/lifecycle] Starting Ghost...
[ghost/lifecycle] Watch paths: (none configured)

stdout | lib/ghost/__tests__/lifecycle.test.ts > Ghost Lifecycle > pauseGhost / resumeGhost > is idempotent — calling resumeGhost when not paused is a no-op
[recall/scheduler] Starting (2h detection, 3/day max)

 ✓ lib/ghost/__tests__/phase6-integration.test.ts > Ghost Lifecycle — integration > resolves stopGhost within 5 seconds even when watcher hangs 19ms
 ✓ lib/ghost/__tests__/phase6-integration.test.ts > Ghost Lifecycle — integration > continues startup when one component fails (degraded mode) 7ms
 ✓ lib/ghost/__tests__/phase6-integration.test.ts > Ghost Lifecycle — integration > pauses all components on AEGIS PARALLEL_BUILD and resumes on resume 8ms
 ✓ lib/ghost/__tests__/phase6-integration.test.ts > Filesystem Watcher — path exclusion > excludes .env file (mirrors Rust should_exclude for dotenv files) 1ms
 ✓ lib/ghost/__tests__/phase6-integration.test.ts > Filesystem Watcher — path exclusion > excludes .pem file (mirrors Rust should_exclude for certificate files) 1ms
 ✓ lib/ghost/__tests__/phase6-integration.test.ts > Filesystem Watcher — path exclusion > does not exclude a normal .ts source file 1ms
 ✓ lib/ghost/__tests__/phase6-integration.test.ts > Filesystem Watcher — path exclusion > startWatching invokes ghost_start_watching with provided paths 2ms
 ✓ lib/ghost/__tests__/phase6-integration.test.ts > Privacy Exclusion — all layers > Layer 1: .pem file excluded before IO 1ms
 ✓ lib/ghost/__tests__/phase6-integration.test.ts > Privacy Exclusion — all layers > Layer 1: file in secrets/ dir excluded 1ms
 ✓ lib/ghost/__tests__/phase6-integration.test.ts > Privacy Exclusion — all layers > Layer 1: file with "password" in name excluded 1ms
 ✓ lib/ghost/__tests__/phase6-integration.test.ts > Privacy Exclusion — all layers > Layer 2: chunk containing SSN pattern excluded 1ms
 ✓ lib/ghost/__tests__/phase6-integration.test.ts > Privacy Exclusion — all layers > Layer 2: chunk with valid Luhn CC number excluded 2ms
 ✓ lib/ghost/__tests__/phase6-integration.test.ts > Privacy Exclusion — all layers > Layer 2: chunk with sk-xxx API key excluded 1ms
 ✓ lib/ghost/__tests__/phase6-integration.test.ts > Privacy Exclusion — all layers > Layer 2: chunk with invalid Luhn CC number NOT excluded 1ms
 ✓ lib/ghost/__tests__/phase6-integration.test.ts > Privacy Exclusion — all layers > Layer 3: email with attorney-client subject excluded 0ms
 ✓ lib/ghost/__tests__/phase6-integration.test.ts > Privacy Exclusion — all layers > Layer 4: user path_glob exclusion matches 6ms
 ✓ lib/ghost/__tests__/phase6-integration.test.ts > Privacy Exclusion — all layers > logExclusion writes audit row to ghost_exclusion_log 17ms
 ✓ lib/ghost/__tests__/phase6-integration.test.ts > Ingest Pipeline > writeChunks persists rows with metadata.source = "ghost" 3ms
 ✓ lib/ghost/__tests__/phase6-integration.test.ts > Ingest Pipeline > writeChunks calls upsertVector for each chunk 3ms
 ✓ lib/ghost/__tests__/phase6-integration.test.ts > Ingest Pipeline > Ghost chunks NOT returned by standard findSimilarChunks (includeGhost=false) 2ms
 ✓ lib/ghost/__tests__/phase6-integration.test.ts > Ingest Pipeline > Ghost chunks ARE returned when includeGhost=true 2ms
 ✓ lib/ghost/__tests__/phase6-integration.test.ts > Interrupt Scorer > buildActiveContextVector returns null when no active session (no threads) 3ms
 ✓ lib/ghost/__tests__/phase6-integration.test.ts > Interrupt Scorer > generateCandidates returns only Ghost-sourced chunks 3ms
 ✓ lib/ghost/__tests__/phase6-integration.test.ts > Interrupt Scorer > generateCandidates filters candidates below minSimilarity 1ms
 ✓ lib/ghost/__tests__/phase6-integration.test.ts > Interrupt Scorer > canSurface returns false after 2 suggestions in 24h window 25ms
 ✓ lib/ghost/__tests__/phase6-integration.test.ts > Interrupt Scorer > criticalOverride bypasses 24h cap when similarity > 0.95 AND importanceBoost > 1.3 1ms
stdout | lib/ghost/__tests__/lifecycle.test.ts > Ghost Lifecycle > pauseGhost / resumeGhost > is idempotent — calling resumeGhost when not paused is a no-op
[ghost/lifecycle] Ghost started (state: running)

stdout | lib/ghost/__tests__/lifecycle.test.ts > Ghost Lifecycle > state flags > isGhostRunning returns true after startGhost
[ghost/lifecycle] Starting Ghost...
[ghost/lifecycle] Watch paths: (none configured)

stdout | lib/ghost/__tests__/lifecycle.test.ts > Ghost Lifecycle > state flags > isGhostRunning returns true after startGhost
[recall/scheduler] Starting (2h detection, 3/day max)

stdout | lib/ghost/__tests__/lifecycle.test.ts > Ghost Lifecycle > state flags > isGhostRunning returns true after startGhost
[ghost/lifecycle] Ghost started (state: running)

stdout | lib/ghost/__tests__/lifecycle.test.ts > Ghost Lifecycle > state flags > isGhostRunning returns false after stopGhost
[ghost/lifecycle] Starting Ghost...
[ghost/lifecycle] Watch paths: (none configured)

stdout | lib/ghost/__tests__/lifecycle.test.ts > Ghost Lifecycle > state flags > isGhostRunning returns false after stopGhost
[recall/scheduler] Starting (2h detection, 3/day max)

stdout | lib/ghost/__tests__/lifecycle.test.ts > Ghost Lifecycle > state flags > isGhostRunning returns false after stopGhost
[ghost/lifecycle] Ghost started (state: running)

stdout | lib/ghost/__tests__/lifecycle.test.ts > Ghost Lifecycle > state flags > isGhostRunning returns false after stopGhost
[ghost/lifecycle] Stopping Ghost...
[recall/scheduler] Stopped

stdout | lib/ghost/__tests__/lifecycle.test.ts > Ghost Lifecycle > state flags > isGhostRunning returns false after stopGhost
[ghost/lifecycle] Ghost stopped

stdout | lib/ghost/__tests__/lifecycle.test.ts > Ghost Lifecycle > state flags > isGhostPaused returns false before any pause
[ghost/lifecycle] Starting Ghost...
[ghost/lifecycle] Watch paths: (none configured)

stdout | lib/ghost/__tests__/lifecycle.test.ts > Ghost Lifecycle > state flags > isGhostPaused returns false before any pause
[recall/scheduler] Starting (2h detection, 3/day max)

stdout | lib/ghost/__tests__/lifecycle.test.ts > Ghost Lifecycle > state flags > isGhostPaused returns false before any pause
[ghost/lifecycle] Ghost started (state: running)

stdout | lib/ghost/__tests__/lifecycle.test.ts > Ghost Lifecycle > state flags > isGhostPaused returns true after pauseGhost
[ghost/lifecycle] Starting Ghost...
[ghost/lifecycle] Watch paths: (none configured)

stdout | lib/ghost/__tests__/lifecycle.test.ts > Ghost Lifecycle > state flags > isGhostPaused returns true after pauseGhost
[recall/scheduler] Starting (2h detection, 3/day max)

stdout | lib/ghost/__tests__/lifecycle.test.ts > Ghost Lifecycle > state flags > isGhostPaused returns true after pauseGhost
[ghost/lifecycle] Ghost started (state: running)

stdout | lib/ghost/__tests__/lifecycle.test.ts > Ghost Lifecycle > state flags > isGhostPaused returns true after pauseGhost
[ghost/lifecycle] Pausing Ghost components...
[recall/scheduler] Paused

stdout | lib/ghost/__tests__/lifecycle.test.ts > Ghost Lifecycle > state flags > isGhostPaused returns false after resumeGhost
[ghost/lifecycle] Starting Ghost...
[ghost/lifecycle] Watch paths: (none configured)

stdout | lib/ghost/__tests__/lifecycle.test.ts > Ghost Lifecycle > state flags > isGhostPaused returns false after resumeGhost
[recall/scheduler] Starting (2h detection, 3/day max)

stdout | lib/ghost/__tests__/lifecycle.test.ts > Ghost Lifecycle > state flags > isGhostPaused returns false after resumeGhost
[ghost/lifecycle] Ghost started (state: running)

stdout | lib/ghost/__tests__/lifecycle.test.ts > Ghost Lifecycle > state flags > isGhostPaused returns false after resumeGhost
[ghost/lifecycle] Pausing Ghost components...
[recall/scheduler] Paused
[ghost/lifecycle] Resuming Ghost components...
[recall/scheduler] Resumed

 ✓ lib/__tests__/unit/indexer.test.ts > runOnce > rebuilds hot cache when chunks were indexed 119ms
 ✓ lib/__tests__/unit/indexer.test.ts > runOnce > does not rebuild hot cache when 0 chunks indexed 0ms
stdout | lib/ghost/__tests__/lifecycle.test.ts > Ghost Lifecycle > restartComponent > calls startFn after the 30-second delay
[ghost/lifecycle] Scheduling restart for "test-component" in 30s...

stdout | lib/ghost/__tests__/lifecycle.test.ts > Ghost Lifecycle > restartComponent > calls startFn after the 30-second delay
[ghost/lifecycle] Component "test-component" restarted successfully

stdout | lib/ghost/__tests__/lifecycle.test.ts > Ghost Lifecycle > restartComponent > does not retry if first restart succeeds
[ghost/lifecycle] Scheduling restart for "scorer" in 30s...

stdout | lib/ghost/__tests__/lifecycle.test.ts > Ghost Lifecycle > restartComponent > does not retry if first restart succeeds
[ghost/lifecycle] Component "scorer" restarted successfully

 ✓ lib/__tests__/unit/indexer.test.ts > runOnce > skips chunk when embedText returns null (embed throws) 126ms
 ✓ lib/__tests__/unit/indexer.test.ts > runOnce > uses HALF budget (250ms) for DEEP_FOCUS profile 1ms
 ✓ lib/__tests__/unit/indexer.test.ts > runOnce > returns elapsedMs in result 1ms
 ✓ lib/__tests__/unit/indexer.test.ts > getStatus > returns IndexerStatus shape 2ms
 ✓ lib/__tests__/unit/indexer.test.ts > getStatus > returns unindexedCount from database query 0ms
 ✓ lib/__tests__/unit/indexer.test.ts > getStatus > returns unindexedCount=0 when vec_indexed column missing (first boot) 1ms
 ✓ lib/__tests__/unit/indexer.test.ts > getStatus > isRunning is false when not currently running 0ms
 ✓ lib/__tests__/unit/indexer.test.ts > getStatus > reflects currentThrottle from AEGIS 1ms
stdout | lib/ghost/__tests__/lifecycle.test.ts > Ghost Lifecycle > restartComponent > emits ghost:error if restart also fails
[ghost/lifecycle] Scheduling restart for "watcher" in 30s...

 ✓ lib/ghost/__tests__/lifecycle.test.ts > Ghost Lifecycle > pauseGhost / resumeGhost > resumes email poller and ingest queue 7ms
 ✓ lib/ghost/__tests__/lifecycle.test.ts > Ghost Lifecycle > pauseGhost / resumeGhost > emits state: "running" after resume (no errors) 6ms
 ✓ lib/ghost/__tests__/lifecycle.test.ts > Ghost Lifecycle > pauseGhost / resumeGhost > is idempotent — calling resumeGhost when not paused is a no-op 16ms
 ✓ lib/ghost/__tests__/lifecycle.test.ts > Ghost Lifecycle > state flags > isGhostRunning returns false before start 7ms
 ✓ lib/ghost/__tests__/lifecycle.test.ts > Ghost Lifecycle > state flags > isGhostRunning returns true after startGhost 3ms
 ✓ lib/ghost/__tests__/lifecycle.test.ts > Ghost Lifecycle > state flags > isGhostRunning returns false after stopGhost 5ms
 ✓ lib/ghost/__tests__/lifecycle.test.ts > Ghost Lifecycle > state flags > isGhostPaused returns false before any pause 5ms
 ✓ lib/ghost/__tests__/lifecycle.test.ts > Ghost Lifecycle > state flags > isGhostPaused returns true after pauseGhost 6ms
 ✓ lib/ghost/__tests__/lifecycle.test.ts > Ghost Lifecycle > state flags > isGhostPaused returns false after resumeGhost 20ms
 ✓ lib/ghost/__tests__/lifecycle.test.ts > Ghost Lifecycle > restartComponent > calls startFn after the 30-second delay 11ms
 ✓ lib/ghost/__tests__/lifecycle.test.ts > Ghost Lifecycle > restartComponent > does not retry if first restart succeeds 6ms
 ✓ lib/ghost/__tests__/lifecycle.test.ts > Ghost Lifecycle > restartComponent > emits ghost:error if restart also fails 9ms
 ✓ lib/__tests__/unit/embeddings.test.ts > batchEmbed() > skips inputs below MIN_CHARS 219ms
 ✓ lib/__tests__/unit/embeddings.test.ts > batchEmbed() > returns empty array when all inputs are below MIN_CHARS 117ms
 ✓ lib/__tests__/unit/embeddings.test.ts > persistEmbeddings() > is a no-op for empty records array 1ms
 ✓ lib/__tests__/unit/embeddings.test.ts > persistEmbeddings() > calls db.prepare with INSERT OR REPLACE INTO content_chunks 2ms
 ✓ lib/__tests__/unit/embeddings.test.ts > persistEmbeddings() > calls db.transaction and executes it 1ms
 ✓ lib/__tests__/unit/embeddings.test.ts > persistEmbeddings() > passes model_id to the stmt for every record 1ms
 ✓ lib/__tests__/unit/embeddings.test.ts > persistEmbeddings() > passes embedding_dim in metadata JSON 1ms
 ✓ lib/__tests__/unit/embeddings.test.ts > persistEmbeddingsFull() > is a no-op for empty records array 1ms
 ✓ lib/__tests__/unit/embeddings.test.ts > persistEmbeddingsFull() > calls persistEmbeddings (INSERT INTO content_chunks) for each record 1ms
 ✓ lib/__tests__/unit/embeddings.test.ts > persistEmbeddingsFull() > calls upsertVector once per record with correct chunkId 1ms
 ✓ lib/__tests__/unit/embeddings.test.ts > persistEmbeddingsFull() > passes the correct Float32Array embedding to upsertVector 0ms
 ✓ lib/__tests__/unit/embeddings.test.ts > persistEmbeddingsFull() > resolves without error 2ms
 ✓ lib/ghost/__tests__/phase6-integration.test.ts > Privacy Dashboard API > DELETE /api/ghost/items/:id cascades delete and returns 204 150ms
 ✓ lib/ghost/__tests__/phase6-integration.test.ts > Privacy Dashboard API > POST /api/ghost/exclusions adds rule and returns 201 43ms
stdout | lib/ghost/__tests__/watcher-bridge.test.ts > AEGIS → Ghost integration > calls ghost_pause when AEGIS transitions to PARALLEL_BUILD
[ghost/lifecycle] Pausing Ghost components...
[recall/scheduler] Paused

 ✓ lib/ghost/__tests__/phase6-integration.test.ts > Privacy Dashboard API > POST /api/ghost/purge clears all ghost data and returns {ok: true} 72ms
 ✓ lib/ghost/__tests__/phase6-integration.test.ts > Security Audit — [UNTRUSTED CONTENT] boundary > Scorer path: Anthropic API call system prompt contains [UNTRUSTED CONTENT] 14ms
 ✓ lib/ghost/__tests__/phase6-integration.test.ts > Security Audit — [UNTRUSTED CONTENT] boundary > Tell me more path: addMessage content contains [GHOST CONTEXT - UNTRUSTED CONTENT] 43ms
 ✓ lib/ghost/__tests__/phase6-integration.test.ts > Cross-Context Leakage — Ghost chunks absent from standard surfacing > findSimilarChunks with includeGhost=false returns 0 results when all indexed chunks are Ghost 1ms
stdout | lib/ghost/__tests__/watcher-bridge.test.ts > AEGIS → Ghost integration > calls ghost_pause when AEGIS transitions to COUNCIL
[ghost/lifecycle] Pausing Ghost components...
[recall/scheduler] Paused

 ✓ lib/ghost/__tests__/watcher-bridge.test.ts > AEGIS → Ghost integration > calls ghost_pause when AEGIS transitions to PARALLEL_BUILD 980ms
 ✓ lib/ghost/__tests__/watcher-bridge.test.ts > AEGIS → Ghost integration > calls ghost_pause when AEGIS transitions to COUNCIL 15ms
 ✓ lib/ghost/__tests__/watcher-bridge.test.ts > AEGIS → Ghost integration > calls ghost_resume when AEGIS transitions to IDLE 15ms
 ✓ lib/ghost/__tests__/watcher-bridge.test.ts > AEGIS → Ghost integration > calls ghost_resume when AEGIS transitions to DEEP_FOCUS 17ms
 ✓ lib/ghost/__tests__/watcher-bridge.test.ts > AEGIS → Ghost integration > calls ghost_resume when AEGIS transitions to COWORK_BATCH 12ms
 ✓ lib/portfolio/__tests__/scanner.test.ts > Health Calculation > returns green when last activity is within 7 days 5ms
 ✓ lib/portfolio/__tests__/scanner.test.ts > Health Calculation > returns amber when last activity is 7-14 days ago 1ms
 ✓ lib/portfolio/__tests__/scanner.test.ts > Health Calculation > returns red when last activity is >14 days ago 1ms
 ✓ lib/portfolio/__tests__/scanner.test.ts > Health Calculation > returns red when blockers are present regardless of activity date 1ms
 ✓ lib/portfolio/__tests__/scanner.test.ts > Health Calculation > returns red when tsc errors > 0 1ms
 ✓ lib/portfolio/__tests__/scanner.test.ts > Health Calculation > returns red when tests are failing 0ms
 ✓ lib/portfolio/__tests__/scanner.test.ts > Health Calculation > returns amber when no activity data 1ms
 ✓ lib/portfolio/__tests__/scanner.test.ts > Health Calculation > returns amber for invalid ISO date 0ms
 ✓ lib/portfolio/__tests__/scanner.test.ts > Health Calculation > returns green with tsc errors = 0 1ms
 ✓ lib/portfolio/__tests__/scanner.test.ts > Health Calculation > pluralises blocker correctly for single blocker 0ms
 ✓ lib/portfolio/__tests__/scanner.test.ts > Health Calculation > pluralises blockers correctly for multiple 0ms
 ✓ lib/portfolio/__tests__/scanner.test.ts > STATUS.md extraction > extracts version from "Version: 1.1.0" line 5ms
 ✓ lib/portfolio/__tests__/scanner.test.ts > STATUS.md extraction > extracts version with v prefix 0ms
 ✓ lib/portfolio/__tests__/scanner.test.ts > STATUS.md extraction > extracts phase from Phase: line 0ms
 ✓ lib/portfolio/__tests__/scanner.test.ts > STATUS.md extraction > extracts test count from "1344 tests passing" 1ms
 ✓ lib/portfolio/__tests__/scanner.test.ts > STATUS.md extraction > extracts tsc error count 0ms
 ✓ lib/portfolio/__tests__/scanner.test.ts > STATUS.md extraction > extracts tsc clean (0 errors) 0ms
 ✓ lib/portfolio/__tests__/scanner.test.ts > STATUS.md extraction > extracts next action from "Next: Sprint 25.0" 1ms
 ✓ lib/portfolio/__tests__/scanner.test.ts > STATUS.md extraction > extracts next action from arrow prefix 0ms
 ✓ lib/portfolio/__tests__/scanner.test.ts > STATUS.md extraction > detects BLOCKED items 2ms
 ✓ lib/portfolio/__tests__/scanner.test.ts > STATUS.md extraction > returns nulls for empty status 1ms
 ✓ lib/portfolio/__tests__/scanner.test.ts > STATUS.md extraction > handles multi-section STATUS.md without false positives 1ms
 ✓ lib/portfolio/__tests__/scanner.test.ts > ProjectCard type label mapping > maps type 'code' to label 'Code' 0ms
 ✓ lib/portfolio/__tests__/scanner.test.ts > ProjectCard type label mapping > maps type 'research' to label 'Research' 0ms
 ✓ lib/portfolio/__tests__/scanner.test.ts > ProjectCard type label mapping > maps type 'business' to label 'Business' 0ms
 ✓ lib/portfolio/__tests__/scanner.test.ts > ProjectCard type label mapping > maps type 'creative' to label 'Creative' 0ms
 ✓ lib/portfolio/__tests__/scanner.test.ts > ProjectCard type label mapping > maps type 'custom' to label 'Custom' 0ms
 ✓ lib/portfolio/__tests__/scanner.test.ts > formatRelativeTime > imports and runs without error 14ms
 ✓ lib/portfolio/__tests__/scanner.test.ts > formatRelativeTime > returns "never" for null 1ms
 ✓ lib/portfolio/__tests__/scanner.test.ts > formatRelativeTime > returns "just now" for very recent timestamps 0ms
 ✓ lib/portfolio/__tests__/scanner.test.ts > formatRelativeTime > returns hours ago for same-day timestamps 1ms
 ✓ lib/portfolio/__tests__/scanner.test.ts > formatRelativeTime > returns days ago for multi-day timestamps 1ms
 ✓ lib/portfolio/__tests__/scanner.test.ts > formatRelativeTime > returns "never" for invalid ISO string 1ms
 ✓ lib/__tests__/unit/hot-cache.test.ts > writeHotCache() > writes a buffer of exactly records.length * RECORD_SIZE bytes 6ms
 ✓ lib/__tests__/unit/hot-cache.test.ts > writeHotCache() > encodes chunkId as UTF-8 in the first CHUNK_ID_BYTES bytes of each record 1ms
 ✓ lib/__tests__/unit/hot-cache.test.ts > writeHotCache() > encodes embedding as Float32LE values after chunkId bytes 23ms
 ✓ lib/__tests__/unit/hot-cache.test.ts > writeHotCache() > truncates input to MAX_HOT_RECORDS 63ms
 ✓ lib/__tests__/unit/hot-cache.test.ts > writeHotCache() > creates the directory when it does not exist 1ms
 ✓ lib/__tests__/unit/hot-cache.test.ts > writeHotCache() > does not call mkdirSync when directory already exists 1ms
 ✓ lib/__tests__/unit/hot-cache.test.ts > readHotCache() > returns [] when hot_cache.bin does not exist 12ms
 ✓ lib/__tests__/unit/hot-cache.test.ts > readHotCache() > marks hot cache as ready after returning [] 0ms
 ✓ lib/__tests__/unit/hot-cache.test.ts > readHotCache() > correctly deserialises chunkId from binary 4ms
 ✓ lib/__tests__/unit/hot-cache.test.ts > readHotCache() > correctly deserialises embedding values from binary 25ms
 ✓ lib/__tests__/unit/hot-cache.test.ts > readHotCache() > deserialises multiple records from a single buffer 4ms
 ✓ lib/__tests__/unit/hot-cache.test.ts > readHotCache() > populates the in-memory index used by searchHotCache() 2ms
 ✓ lib/__tests__/unit/hot-cache.test.ts > searchHotCache() > returns [] before readHotCache() is called 0ms
 ✓ lib/__tests__/unit/hot-cache.test.ts > searchHotCache() > returns results sorted by similarity descending 2ms
 ✓ lib/__tests__/unit/hot-cache.test.ts > searchHotCache() > returns at most k results 5ms
 ✓ lib/__tests__/unit/hot-cache.test.ts > searchHotCache() > result includes distance = 1 - similarity 1ms
 ✓ lib/__tests__/unit/hot-cache.test.ts > isHotCacheReady() > returns false before readHotCache() is called 0ms
 ✓ lib/__tests__/unit/hot-cache.test.ts > isHotCacheReady() > returns true after readHotCache() resolves 0ms
 ✓ lib/__tests__/unit/decision-gate-4b.test.ts > inferStructuredTriggers > parses clean JSON from Haiku and returns correct booleans 5ms
 ✓ lib/__tests__/unit/decision-gate-4b.test.ts > inferStructuredTriggers > parses JSON wrapped in markdown code fences 2ms
 ✓ lib/__tests__/unit/decision-gate-4b.test.ts > inferStructuredTriggers > fails open (all false) when JSON is malformed 3ms
 ✓ lib/__tests__/unit/decision-gate-4b.test.ts > inferStructuredTriggers > fails open when Anthropic API throws 1ms
 ✓ lib/__tests__/unit/decision-gate-4b.test.ts > inferStructuredTriggers > returns all false for empty messages array 1ms
 ✓ lib/__tests__/unit/decision-gate-4b.test.ts > inferStructuredTriggers > only sends last 5 messages to Haiku 2ms
 ✓ lib/__tests__/unit/decision-gate-4b.test.ts > logGateApproval > calls logDecision with correct schema fields for approved action 1ms
 ✓ lib/__tests__/unit/decision-gate-4b.test.ts > logGateApproval > uses provided rationale when given 1ms
 ✓ lib/__tests__/unit/decision-gate-4b.test.ts > logGateApproval > falls back to default rationale when none provided 1ms
 ✓ lib/__tests__/unit/decision-gate-4b.test.ts > logGateApproval > calls releaseLock after writing to KERNL 1ms
 ✓ lib/__tests__/unit/decision-gate-4b.test.ts > useDecisionGateStore — Sprint 4B shape > initialises with dismissCount = 0 0ms
 ✓ lib/__tests__/unit/decision-gate-4b.test.ts > useDecisionGateStore — Sprint 4B shape > setTrigger stores trigger and optional dismissCount 0ms
 ✓ lib/__tests__/unit/decision-gate-4b.test.ts > useDecisionGateStore — Sprint 4B shape > setTrigger defaults dismissCount to 0 when not provided 0ms
 ✓ lib/__tests__/unit/decision-gate-4b.test.ts > useDecisionGateStore — Sprint 4B shape > setDismissCount updates only the count 1ms
 ✓ lib/__tests__/unit/decision-gate-4b.test.ts > useDecisionGateStore — Sprint 4B shape > clearTrigger resets both trigger and dismissCount 1ms
 ✓ lib/__tests__/unit/decision-gate-4b.test.ts > 423 lock enforcement — getLockState integration > getLockState returns unlocked by default 1ms
 ✓ lib/__tests__/unit/decision-gate-4b.test.ts > 423 lock enforcement — getLockState integration > getLockState returns locked after acquireLock 1ms
 ✓ lib/__tests__/unit/decision-gate-4b.test.ts > 423 lock enforcement — getLockState integration > lock state is the signal that chat route uses to return 423 0ms
 ✓ lib/__tests__/unit/decision-gate-4b.test.ts > analyze() — structured triggers via mocked inference > triggers high_tradeoff_count when Haiku returns highTradeoff: true 47ms
 ✓ lib/__tests__/unit/decision-gate-4b.test.ts > analyze() — structured triggers via mocked inference > triggers multi_project_touch when Haiku returns multiProject: true 1ms
 ✓ lib/__tests__/unit/decision-gate-4b.test.ts > analyze() — structured triggers via mocked inference > triggers large_build_estimate when Haiku returns largeEstimate: true 2ms
 ✓ lib/__tests__/unit/decision-gate-4b.test.ts > analyze() — structured triggers via mocked inference > does not trigger when all Haiku flags are false and no sync trigger fires 4ms
 ✓ lib/__tests__/unit/decision-gate-4b.test.ts > analyze() — structured triggers via mocked inference > sync triggers take precedence — Haiku not called when repeated_question fires 2ms
 ✓ lib/__tests__/unit/decision-gate.test.ts > detectRepeatedQuestion > fires when same topic appears in 3+ user messages 5ms
 ✓ lib/__tests__/unit/decision-gate.test.ts > detectRepeatedQuestion > does not fire with fewer than 3 user messages 1ms
 ✓ lib/__tests__/unit/decision-gate.test.ts > detectRepeatedQuestion > does not fire when topics are unrelated across messages 1ms
 ✓ lib/__tests__/unit/decision-gate.test.ts > detectRepeatedQuestion > ignores assistant messages when counting user repetitions 1ms
 ✓ lib/__tests__/unit/decision-gate.test.ts > detectRepeatedQuestion > only considers the last 10 user messages 1ms
 ✓ lib/__tests__/unit/decision-gate.test.ts > detectSacredPrincipleRisk > fires on "temporary fix" 1ms
 ✓ lib/__tests__/unit/decision-gate.test.ts > detectSacredPrincipleRisk > fires on "technical debt" 0ms
 ✓ lib/__tests__/unit/decision-gate.test.ts > detectSacredPrincipleRisk > fires on "just for now" 0ms
 ✓ lib/__tests__/unit/decision-gate.test.ts > detectSacredPrincipleRisk > fires on "mvp of" 1ms
 ✓ lib/__tests__/unit/decision-gate.test.ts > detectSacredPrincipleRisk > fires on "quick fix" 0ms
 ✓ lib/__tests__/unit/decision-gate.test.ts > detectSacredPrincipleRisk > does not fire on clean architecture discussion 1ms
 ✓ lib/__tests__/unit/decision-gate.test.ts > detectSacredPrincipleRisk > is case-insensitive 0ms
 ✓ lib/__tests__/unit/decision-gate.test.ts > detectSacredPrincipleRisk > only checks latest user + latest assistant message (not full history) 0ms
 ✓ lib/__tests__/unit/decision-gate.test.ts > detectSacredPrincipleRisk > does not fire when assistant quotes project descriptions containing debt phrases 0ms
 ✓ lib/__tests__/unit/decision-gate.test.ts > detectIrreversibleAction > fires on "drop table" 1ms
 ✓ lib/__tests__/unit/decision-gate.test.ts > detectIrreversibleAction > fires on "deploy to prod" 1ms
 ✓ lib/__tests__/unit/decision-gate.test.ts > detectIrreversibleAction > fires on "push to main" 1ms
 ✓ lib/__tests__/unit/decision-gate.test.ts > detectIrreversibleAction > fires on "breaking change" 1ms
 ✓ lib/__tests__/unit/decision-gate.test.ts > detectIrreversibleAction > fires on "force push" 1ms
 ✓ lib/__tests__/unit/decision-gate.test.ts > detectIrreversibleAction > fires on "delete from" SQL 0ms
 ✓ lib/__tests__/unit/decision-gate.test.ts > detectIrreversibleAction > does not fire on a regular code explanation 1ms
 ✓ lib/__tests__/unit/decision-gate.test.ts > detectIrreversibleAction > only checks the last assistant message 1ms
 ✓ lib/__tests__/unit/decision-gate.test.ts > detectIrreversibleAction > does not fire if there are no assistant messages 0ms
 ✓ lib/__tests__/unit/decision-gate.test.ts > detectLowConfidence > fires when 2+ uncertainty phrases are present 1ms
 ✓ lib/__tests__/unit/decision-gate.test.ts > detectLowConfidence > does not fire with only 1 uncertainty phrase 0ms
 ✓ lib/__tests__/unit/decision-gate.test.ts > detectLowConfidence > fires when multiple hedges accumulate 0ms
 ✓ lib/__tests__/unit/decision-gate.test.ts > detectLowConfidence > does not fire on a confident response 0ms
 ✓ lib/__tests__/unit/decision-gate.test.ts > detectLowConfidence > does not fire if there are no assistant messages 0ms
 ✓ lib/__tests__/unit/decision-gate.test.ts > detectLowConfidence > only checks the last assistant message 0ms
 ✓ lib/__tests__/unit/decision-gate.test.ts > lock state machine > starts unlocked with zero dismissals 1ms
 ✓ lib/__tests__/unit/decision-gate.test.ts > lock state machine > acquireLock sets locked state 1ms
 ✓ lib/__tests__/unit/decision-gate.test.ts > lock state machine > releaseLock clears all state including dismissCount 1ms
 ✓ lib/__tests__/unit/decision-gate.test.ts > lock state machine > dismissLock increments dismissCount and releases when below 3 0ms
 ✓ lib/__tests__/unit/decision-gate.test.ts > lock state machine > dismissLock at count=2 still releases 0ms
 ✓ lib/__tests__/unit/decision-gate.test.ts > lock state machine > isMandatory returns false below 3 dismissals 1ms
 ✓ lib/__tests__/unit/decision-gate.test.ts > lock state machine > isMandatory returns true at 3 dismissals and gate stays locked 1ms
 ✓ lib/__tests__/unit/decision-gate.test.ts > lock state machine > acquireLock preserves existing dismissCount 0ms
 ✓ lib/__tests__/unit/decision-gate.test.ts > analyze() > returns triggered:false for a normal conversation 115ms
 ✓ lib/__tests__/unit/decision-gate.test.ts > analyze() > detects sacred_principle_risk and acquires lock 1ms
 ✓ lib/__tests__/unit/decision-gate.test.ts > analyze() > detects irreversible_action 1ms
 ✓ lib/__tests__/unit/decision-gate.test.ts > analyze() > returns reason string with every trigger 1ms
 ✓ lib/agent-sdk/__tests__/cost-accounting.test.ts > calculateCost > returns correct USD for sonnet exact key 6ms
 ✓ lib/agent-sdk/__tests__/cost-accounting.test.ts > calculateCost > returns correct USD for opus 2ms
 ✓ lib/agent-sdk/__tests__/cost-accounting.test.ts > calculateCost > returns correct USD for haiku (versioned key exact match) 1ms
 ✓ lib/agent-sdk/__tests__/cost-accounting.test.ts > calculateCost > resolves versioned model key via date-strip fallback 2ms
 ✓ lib/agent-sdk/__tests__/cost-accounting.test.ts > calculateCost > returns 0 for unknown model (never crashes) 3ms
 ✓ lib/agent-sdk/__tests__/cost-accounting.test.ts > calculateCost > returns 0 for zero tokens 1ms
 ✓ lib/agent-sdk/__tests__/cost-accounting.test.ts > calculateCost > small token counts produce non-zero cost 1ms
 ✓ lib/agent-sdk/__tests__/cost-accounting.test.ts > getPricingForModel > exact key returns rates directly 1ms
 ✓ lib/agent-sdk/__tests__/cost-accounting.test.ts > getPricingForModel > versioned key (YYYYMMDD suffix) falls back to short key 1ms
 ✓ lib/agent-sdk/__tests__/cost-accounting.test.ts > getPricingForModel > unknown model returns zero rates 2ms
 ✓ lib/agent-sdk/__tests__/cost-accounting.test.ts > createSessionCost > calls db.prepare().run() with correct arguments 5ms
 ✓ lib/agent-sdk/__tests__/cost-accounting.test.ts > createSessionCost > accepts null projectId 4ms
 ✓ lib/agent-sdk/__tests__/cost-accounting.test.ts > updateSessionCost > writes correct cost calculation to DB 4ms
 ✓ lib/agent-sdk/__tests__/cost-accounting.test.ts > finalizeSessionCost > sets completed_at and updated_at 1ms
 ✓ lib/agent-sdk/__tests__/cost-accounting.test.ts > getSessionCapStatus > returns ok when cost is below 80% of soft cap 1ms
 ✓ lib/agent-sdk/__tests__/cost-accounting.test.ts > getSessionCapStatus > returns warn when cost is between 80% and 100% of soft cap 0ms
 ✓ lib/agent-sdk/__tests__/cost-accounting.test.ts > getSessionCapStatus > returns soft_cap when cost equals or exceeds soft cap 0ms
 ✓ lib/agent-sdk/__tests__/cost-accounting.test.ts > getSessionCapStatus > falls back to $2.00 soft cap when budget_config row is missing 0ms
 ✓ lib/agent-sdk/__tests__/cost-accounting.test.ts > getDailyTotalUsd > returns sum from session_costs query 1ms
 ✓ lib/agent-sdk/__tests__/cost-accounting.test.ts > getDailyTotalUsd > returns 0 when no sessions exist today 0ms
 ✓ lib/agent-sdk/__tests__/cost-accounting.test.ts > getDailyTotalUsd > returns 0 if DB throws 1ms
 ✓ lib/agent-sdk/__tests__/cost-accounting.test.ts > isDailyCapReached > returns true when daily total >= hard cap and no override 1ms
 ✓ lib/agent-sdk/__tests__/cost-accounting.test.ts > isDailyCapReached > returns false when daily total < hard cap 0ms
 ✓ lib/agent-sdk/__tests__/cost-accounting.test.ts > isDailyCapReached > returns false when override is active even if cap is exceeded 0ms
 ✓ lib/agent-sdk/__tests__/cost-accounting.test.ts > Override for Today > setDailyOverride writes expiry at midnight UTC 1ms
 ✓ lib/agent-sdk/__tests__/cost-accounting.test.ts > Override for Today > isDailyOverrideActive returns true for future expiry 0ms
 ✓ lib/agent-sdk/__tests__/cost-accounting.test.ts > Override for Today > isDailyOverrideActive returns false for past expiry 0ms
 ✓ lib/agent-sdk/__tests__/cost-accounting.test.ts > Override for Today > clearDailyOverride sets expiry to 0 1ms
 ✓ lib/agent-sdk/__tests__/cost-accounting.test.ts > startOfTodayUtcMs > returns midnight UTC for today 1ms
 ✓ lib/agent-sdk/__tests__/cost-accounting.test.ts > startOfTodayUtcMs > endOfTodayUtcMs is exactly 24h after startOfTodayUtcMs 0ms
 ✓ lib/agent-sdk/__tests__/cost-accounting.test.ts > getBudgetConfigNumber > returns the parsed value from DB 0ms
 ✓ lib/agent-sdk/__tests__/cost-accounting.test.ts > getBudgetConfigNumber > returns fallback when row is missing 0ms
 ✓ lib/agent-sdk/__tests__/cost-accounting.test.ts > setBudgetConfig > upserts key/value into budget_config 1ms
 ✓ lib/__tests__/integration/phase5-integration.test.ts > EoS Scan Engine > scan() returns an EoSScanResult with healthScore in [0, 100] 12ms
 ✓ lib/__tests__/integration/phase5-integration.test.ts > EoS Scan Engine > scan() completes on a multi-file directory without throwing 9ms
 ✓ lib/__tests__/integration/phase5-integration.test.ts > EoS Scan Engine > scanFiles() runs on a specific list of file paths 5ms
 ✓ lib/__tests__/integration/phase5-integration.test.ts > EoS Scan Engine > dirty.ts triggers at least one issue 8ms
 ✓ lib/__tests__/integration/phase5-integration.test.ts > EoS Scan Engine > scan() deep mode includes more files than quick mode (quick skips tests) 7ms
 ✓ lib/__tests__/integration/phase5-integration.test.ts > Health Score Formula > score with no issues is 100 0ms
 ✓ lib/__tests__/integration/phase5-integration.test.ts > Health Score Formula > each critical issue deducts 8 points 1ms
 ✓ lib/__tests__/integration/phase5-integration.test.ts > Health Score Formula > each warning deducts 2 points 0ms
 ✓ lib/__tests__/integration/phase5-integration.test.ts > Health Score Formula > dependency cycles deduct 10 points each 1ms
 ✓ lib/__tests__/integration/phase5-integration.test.ts > Health Score Formula > score is clamped to [0, 100] 1ms
 ✓ lib/__tests__/integration/phase5-integration.test.ts > Health Score Formula > grade boundaries: 90→excellent, 70→good, 50→attention, 49→critical 1ms
 ✓ lib/__tests__/integration/phase5-integration.test.ts > Technical Debt Calculator > computeDebt returns correct aggregate counts 1ms
 ✓ lib/__tests__/integration/phase5-integration.test.ts > Technical Debt Calculator > hotspots are sorted by debt descending 0ms
 ✓ lib/__tests__/integration/phase5-integration.test.ts > FP Tracker > recordOccurrence stores a row in eos_fp_log 5ms
 ✓ lib/__tests__/integration/phase5-integration.test.ts > FP Tracker > markFalsePositive updates is_fp to 1 1ms
 ✓ lib/__tests__/integration/phase5-integration.test.ts > FP Tracker > rule with >20% FP rate in last 100 occurrences appears in getSuppressedRules() 3ms
 ✓ lib/__tests__/integration/phase5-integration.test.ts > FP Tracker > rule with low FP rate stays out of suppressed set 21ms
 ✓ lib/__tests__/integration/phase5-integration.test.ts > FP Tracker > getRuleStats returns correct FP rate for a rule 2ms
 ✓ lib/__tests__/integration/phase5-integration.test.ts > FP Tracker > getSuppressedRules returns empty set for project with no records 0ms
 ✓ lib/__tests__/integration/phase5-integration.test.ts > Agent SDK Gate > job marked FAILED when eos_required is true and health score < 70 8ms
 ✓ lib/__tests__/integration/phase5-integration.test.ts > Agent SDK Gate > job stays COMPLETED when eos_required is true and health score >= 70 1ms
 ✓ lib/__tests__/integration/phase5-integration.test.ts > Agent SDK Gate > job gate does not fire when eos_required is false 1ms
 ✓ lib/__tests__/integration/phase5-integration.test.ts > Agent SDK Gate > EoS health score is backfilled into result_report for War Room display 1ms
 ✓ lib/__tests__/integration/phase5-integration.test.ts > PatternLearner > recordImprovement stores the record and persists to shim_improvements 2ms
 ✓ lib/__tests__/integration/phase5-integration.test.ts > PatternLearner > recordImprovement creates or accumulates a pattern entry 1ms
 ✓ lib/__tests__/integration/phase5-integration.test.ts > PatternLearner > PatternLearner hydrates from KERNL DB on fresh construction 1ms
 ✓ lib/__tests__/integration/phase5-integration.test.ts > PatternLearner > predictSuccess returns a sorted PredictionScore array 2ms
 ✓ lib/__tests__/integration/phase5-integration.test.ts > PatternLearner > getTopPatterns returns patterns ordered by frequency × successRate 1ms
 ✓ lib/__tests__/integration/phase5-integration.test.ts > ContextPanel scoreClass > score >= 80 returns success (green) 1ms
 ✓ lib/__tests__/integration/phase5-integration.test.ts > ContextPanel scoreClass > score 60–79 returns warning (amber) 0ms
 ✓ lib/__tests__/integration/phase5-integration.test.ts > ContextPanel scoreClass > score < 60 returns error (red) 1ms
 ✓ lib/agent-sdk/__tests__/sprint-12-cache-control.test.ts > Sprint 12.0 — buildSystemPromptBlocks > returns at least one block with cache_control: ephemeral 4ms
 ✓ lib/agent-sdk/__tests__/sprint-12-cache-control.test.ts > Sprint 12.0 — buildSystemPromptBlocks > stable block contains base identity text 1ms
 ✓ lib/agent-sdk/__tests__/sprint-12-cache-control.test.ts > Sprint 12.0 — buildSystemPromptBlocks > includes dev protocols in the stable block when present 1ms
 ✓ lib/agent-sdk/__tests__/sprint-12-cache-control.test.ts > Sprint 12.0 — buildSystemPromptBlocks > KERNL context appears in a second un-cached block 48ms
 ✓ lib/agent-sdk/__tests__/sprint-12-cache-control.test.ts > Sprint 12.0 — buildSystemPromptBlocks > returns only the stable block when KERNL context is empty 1ms
 ✓ lib/agent-sdk/__tests__/sprint-12-cache-control.test.ts > Sprint 12.0 — CostTracker cache token accumulation > starts a session with cache token counts at zero 4ms
 ✓ lib/agent-sdk/__tests__/sprint-12-cache-control.test.ts > Sprint 12.0 — CostTracker cache token accumulation > accumulates cacheCreationInputTokens across recordUsage calls 2ms
 ✓ lib/agent-sdk/__tests__/sprint-12-cache-control.test.ts > Sprint 12.0 — CostTracker cache token accumulation > accumulates cacheReadInputTokens across recordUsage calls 0ms
 ✓ lib/agent-sdk/__tests__/sprint-12-cache-control.test.ts > Sprint 12.0 — CostTracker cache token accumulation > handles missing optional cache fields gracefully (defaults to 0) 1ms
 ✓ lib/agent-sdk/__tests__/sprint-12-cache-control.test.ts > Sprint 12.0 — calculateCacheSavingsUsd > returns 0 when cacheReadInputTokens is 0 1ms
 ✓ lib/agent-sdk/__tests__/sprint-12-cache-control.test.ts > Sprint 12.0 — calculateCacheSavingsUsd > returns ~90% of normal input cost for Sonnet 0ms
 ✓ lib/agent-sdk/__tests__/sprint-12-cache-control.test.ts > Sprint 12.0 — calculateCacheSavingsUsd > returns ~90% of normal input cost for Haiku 0ms
 ✓ lib/agent-sdk/__tests__/sprint-12-cache-control.test.ts > Sprint 12.0 — calculateCacheSavingsUsd > never returns a negative value 0ms
 ✓ lib/agent-sdk/__tests__/error-handling.test.ts > FailureMode enum > has all six modes 3ms
 ✓ lib/agent-sdk/__tests__/error-handling.test.ts > detectContextLimit > returns true for max_tokens 1ms
 ✓ lib/agent-sdk/__tests__/error-handling.test.ts > detectContextLimit > returns false for end_turn 0ms
 ✓ lib/agent-sdk/__tests__/error-handling.test.ts > detectContextLimit > returns false for null 1ms
 ✓ lib/agent-sdk/__tests__/error-handling.test.ts > detectContextLimit > returns false for tool_use 0ms
 ✓ lib/agent-sdk/__tests__/error-handling.test.ts > detectImpossibleTask > detects "impossible" with no files written 0ms
 ✓ lib/agent-sdk/__tests__/error-handling.test.ts > detectImpossibleTask > detects "cannot" with no files written 0ms
 ✓ lib/agent-sdk/__tests__/error-handling.test.ts > detectImpossibleTask > detects "not possible" with no files written 0ms
 ✓ lib/agent-sdk/__tests__/error-handling.test.ts > detectImpossibleTask > returns false when files were written despite impossibility phrase 1ms
 ✓ lib/agent-sdk/__tests__/error-handling.test.ts > detectImpossibleTask > returns false for normal completion text with no files 1ms
 ✓ lib/agent-sdk/__tests__/error-handling.test.ts > detectImpossibleTask > is case-insensitive 0ms
 ✓ lib/agent-sdk/__tests__/error-handling.test.ts > isNetworkError > detects ECONNRESET 0ms
 ✓ lib/agent-sdk/__tests__/error-handling.test.ts > isNetworkError > detects ETIMEDOUT 0ms
 ✓ lib/agent-sdk/__tests__/error-handling.test.ts > isNetworkError > detects socket hang up 0ms
 ✓ lib/agent-sdk/__tests__/error-handling.test.ts > isNetworkError > returns false for non-network errors 0ms
 ✓ lib/agent-sdk/__tests__/error-handling.test.ts > isNetworkError > returns false for non-Error values 0ms
 ✓ lib/agent-sdk/__tests__/error-handling.test.ts > isToolError > returns true for non-network Error 0ms
 ✓ lib/agent-sdk/__tests__/error-handling.test.ts > isToolError > returns false for network errors 0ms
 ✓ lib/agent-sdk/__tests__/error-handling.test.ts > isToolError > returns false for non-Error values 0ms
 ✓ lib/agent-sdk/__tests__/error-handling.test.ts > detectShimLoop > returns false for empty history 0ms
 ✓ lib/agent-sdk/__tests__/error-handling.test.ts > detectShimLoop > returns false with fewer than 3 entries for the same file 0ms
 ✓ lib/agent-sdk/__tests__/error-handling.test.ts > detectShimLoop > returns true when 3 consecutive calls on the same file have non-improving scores 0ms
 ✓ lib/agent-sdk/__tests__/error-handling.test.ts > detectShimLoop > returns true when scores are strictly decreasing 0ms
 ✓ lib/agent-sdk/__tests__/error-handling.test.ts > detectShimLoop > returns false when scores are strictly increasing (making progress) 0ms
 ✓ lib/agent-sdk/__tests__/error-handling.test.ts > detectShimLoop > returns false when the repeated file has fewer than 3 hits in history 0ms
 ✓ lib/agent-sdk/__tests__/error-handling.test.ts > classifyStopReason > classifies max_tokens as CONTEXT_LIMIT 1ms
 ✓ lib/agent-sdk/__tests__/error-handling.test.ts > classifyStopReason > classifies impossible task on end_turn with no files 3ms
 ✓ lib/agent-sdk/__tests__/error-handling.test.ts > classifyStopReason > returns null for normal end_turn completion 0ms
 ✓ lib/agent-sdk/__tests__/error-handling.test.ts > classifyStopReason > returns null for end_turn with no impossibility text 0ms
 ✓ lib/agent-sdk/__tests__/error-handling.test.ts > classifyError > classifies ECONNRESET as NETWORK_ERROR 1ms
 ✓ lib/agent-sdk/__tests__/error-handling.test.ts > classifyError > classifies generic Error as TOOL_ERROR 0ms
 ✓ lib/agent-sdk/__tests__/error-handling.test.ts > withBackoff > succeeds on first attempt without retrying 3ms
 ✓ lib/agent-sdk/__tests__/error-handling.test.ts > withBackoff > retries 1+maxRetries times then throws on total failure 32ms
 ✓ lib/agent-sdk/__tests__/error-handling.test.ts > withBackoff > succeeds after one failed attempt 1ms
 ✓ lib/agent-sdk/__tests__/error-handling.test.ts > withBackoff > respects maxRetries=0 — no retries, just the single attempt 1ms
 ✓ lib/agent-sdk/__tests__/error-handling.test.ts > withBackoff > aborts immediately when signal fires before first attempt 2ms
 ✓ lib/agent-sdk/__tests__/error-handling.test.ts > withBackoff > RETRY_CONFIG: tool errors use 3 retries at 1s base 0ms
 ✓ lib/agent-sdk/__tests__/error-handling.test.ts > withBackoff > RETRY_CONFIG: network errors use 1 retry at 2s base 0ms
 ✓ lib/agent-sdk/__tests__/error-handling.test.ts > buildHandoffReport > returns safe fallback when no job_state exists 1ms
 ✓ lib/agent-sdk/__tests__/error-handling.test.ts > buildHandoffReport > interpolates files_modified into the report 1ms
 ✓ lib/agent-sdk/__tests__/error-handling.test.ts > buildHandoffReport > handles empty files_modified gracefully 0ms
 ✓ lib/agent-sdk/__tests__/error-handling.test.ts > buildHandoffReport > handles malformed JSON in files_modified 0ms
 ✓ lib/agent-sdk/__tests__/error-handling.test.ts > buildHandoffReport > produces a compact report (prompt length safety) 1ms
stdout | lib/transit/learning/__tests__/pipeline.test.ts > runLearningPipeline — basic orchestration > returns empty array when no pending events exist
[learning/pipeline] No pending learnable events — nothing to process

stdout | lib/transit/learning/__tests__/pipeline.test.ts > runLearningPipeline — basic orchestration > calls decayExpiredInsights at the start of each run
[learning/pipeline] No pending learnable events — nothing to process

stdout | lib/transit/learning/__tests__/pipeline.test.ts > runLearningPipeline — basic orchestration > returns empty array when no learnable event types are registered
[learning/pipeline] No learnable event types registered

stdout | lib/transit/learning/__tests__/pipeline.test.ts > runLearningPipeline — basic orchestration > returns empty array when pending events exist but are all non-learnable types
[learning/pipeline] Processing 15 pending events
[learning/pipeline] Marked 15 events as processed

stdout | lib/transit/learning/__tests__/pipeline.test.ts > runLearningPipeline — minimum sample gate (§6.3) > skips event group with fewer than 10 events
[learning/pipeline] Processing 5 pending events
[learning/pipeline] Skipping quality.interruption: 5 events < min 10

stdout | lib/transit/learning/__tests__/pipeline.test.ts > runLearningPipeline — minimum sample gate (§6.3) > processes event group with exactly 10 events
[learning/pipeline] Processing 10 pending events
[learning/pipeline] Marked 10 events as processed

stdout | lib/transit/learning/__tests__/pipeline.test.ts > runLearningPipeline — minimum sample gate (§6.3) > processes groups meeting threshold while skipping those that do not
[learning/pipeline] Processing 15 pending events
[learning/pipeline] Skipping quality.regeneration: 3 events < min 10
[learning/pipeline] Marked 12 events as processed

stdout | lib/transit/learning/__tests__/pipeline.test.ts > runLearningPipeline — event processing > marks all processed event IDs with learning_status=processed
[learning/pipeline] Processing 12 pending events
[learning/pipeline] Marked 12 events as processed

stdout | lib/transit/learning/__tests__/pipeline.test.ts > runLearningPipeline — event processing > calls generateInsights with the collected pattern results
[learning/pipeline] Processing 12 pending events
[learning/pipeline] Marked 12 events as processed

stdout | lib/transit/learning/__tests__/pipeline.test.ts > runLearningPipeline — event processing > calls storeInsight for each insight returned by generateInsights
[learning/pipeline] Processing 12 pending events
[learning/pipeline] Stored 2 insights
[learning/pipeline] Marked 12 events as processed

stdout | lib/transit/learning/__tests__/pipeline.test.ts > runLearningPipeline — error isolation (§6.1 never crashes app) > does not throw when decayExpiredInsights fails
[learning/pipeline] No pending learnable events — nothing to process

stdout | lib/transit/learning/__tests__/pipeline.test.ts > runLearningPipeline — error isolation (§6.1 never crashes app) > does not throw when storeInsight fails for one insight
[learning/pipeline] Processing 12 pending events
[learning/pipeline] Marked 12 events as processed

stdout | lib/transit/learning/__tests__/pipeline.test.ts > runLearningPipeline — error isolation (§6.1 never crashes app) > continues storing other insights after one storeInsight failure
[learning/pipeline] Processing 12 pending events
[learning/pipeline] Stored 1 insights
[learning/pipeline] Marked 12 events as processed

stdout | lib/transit/learning/__tests__/pipeline.test.ts > runLearningPipeline — error isolation (§6.1 never crashes app) > does not throw when markEventsProcessed fails (DB error on UPDATE)
[learning/pipeline] Processing 12 pending events
[learning/pipeline] Marked 12 events as processed

stdout | lib/transit/learning/__tests__/pipeline.test.ts > startLearningScheduler / stopLearningScheduler > starts and stops without throwing
[learning/pipeline] Scheduler started (interval: 2.7777777777777777h)
[learning/pipeline] Scheduler stopped

stdout | lib/transit/learning/__tests__/pipeline.test.ts > startLearningScheduler / stopLearningScheduler > is idempotent — calling start twice does not create multiple intervals
[learning/pipeline] Scheduler started (interval: 2.7777777777777777h)
[learning/pipeline] Scheduler stopped

stdout | lib/transit/learning/__tests__/pipeline.test.ts > startLearningScheduler / stopLearningScheduler > can be restarted after stopping
[learning/pipeline] Scheduler started (interval: 2.7777777777777777h)
[learning/pipeline] Scheduler stopped
[learning/pipeline] Scheduler started (interval: 2.7777777777777777h)

stdout | lib/transit/learning/__tests__/pipeline.test.ts > startLearningScheduler / stopLearningScheduler > can be restarted after stopping
[learning/pipeline] Scheduler stopped

 ✓ lib/transit/learning/__tests__/pipeline.test.ts > runLearningPipeline — basic orchestration > returns empty array when no pending events exist 8ms
 ✓ lib/transit/learning/__tests__/pipeline.test.ts > runLearningPipeline — basic orchestration > calls decayExpiredInsights at the start of each run 3ms
 ✓ lib/transit/learning/__tests__/pipeline.test.ts > runLearningPipeline — basic orchestration > returns empty array when no learnable event types are registered 2ms
 ✓ lib/transit/learning/__tests__/pipeline.test.ts > runLearningPipeline — basic orchestration > returns empty array when pending events exist but are all non-learnable types 3ms
 ✓ lib/transit/learning/__tests__/pipeline.test.ts > runLearningPipeline — minimum sample gate (§6.3) > skips event group with fewer than 10 events 1ms
 ✓ lib/transit/learning/__tests__/pipeline.test.ts > runLearningPipeline — minimum sample gate (§6.3) > processes event group with exactly 10 events 2ms
 ✓ lib/transit/learning/__tests__/pipeline.test.ts > runLearningPipeline — minimum sample gate (§6.3) > processes groups meeting threshold while skipping those that do not 1ms
 ✓ lib/transit/learning/__tests__/pipeline.test.ts > runLearningPipeline — event processing > marks all processed event IDs with learning_status=processed 2ms
 ✓ lib/transit/learning/__tests__/pipeline.test.ts > runLearningPipeline — event processing > calls generateInsights with the collected pattern results 3ms
 ✓ lib/transit/learning/__tests__/pipeline.test.ts > runLearningPipeline — event processing > calls storeInsight for each insight returned by generateInsights 5ms
 ✓ lib/transit/learning/__tests__/pipeline.test.ts > runLearningPipeline — error isolation (§6.1 never crashes app) > does not throw when decayExpiredInsights fails 15ms
 ✓ lib/transit/learning/__tests__/pipeline.test.ts > runLearningPipeline — error isolation (§6.1 never crashes app) > returns [] (not throws) when top-level unexpected error occurs 2ms
 ✓ lib/transit/learning/__tests__/pipeline.test.ts > runLearningPipeline — error isolation (§6.1 never crashes app) > does not throw when storeInsight fails for one insight 2ms
 ✓ lib/transit/learning/__tests__/pipeline.test.ts > runLearningPipeline — error isolation (§6.1 never crashes app) > continues storing other insights after one storeInsight failure 2ms
 ✓ lib/transit/learning/__tests__/pipeline.test.ts > runLearningPipeline — error isolation (§6.1 never crashes app) > does not throw when markEventsProcessed fails (DB error on UPDATE) 1ms
 ✓ lib/transit/learning/__tests__/pipeline.test.ts > startLearningScheduler / stopLearningScheduler > starts and stops without throwing 2ms
 ✓ lib/transit/learning/__tests__/pipeline.test.ts > startLearningScheduler / stopLearningScheduler > is idempotent — calling start twice does not create multiple intervals 1ms
 ✓ lib/transit/learning/__tests__/pipeline.test.ts > startLearningScheduler / stopLearningScheduler > stop is safe to call when scheduler is not running 1ms
 ✓ lib/transit/learning/__tests__/pipeline.test.ts > startLearningScheduler / stopLearningScheduler > can be restarted after stopping 1ms
 ✓ lib/__tests__/unit/ui-store.test.ts > UIStore > Sidebar > should toggle sidebar open/closed 7ms
 ✓ lib/__tests__/unit/ui-store.test.ts > UIStore > Sidebar > should set sidebar width with clamping 3ms
 ✓ lib/__tests__/unit/ui-store.test.ts > UIStore > Sidebar > should toggle sidebar collapsed state 4ms
 ✓ lib/__tests__/unit/ui-store.test.ts > UIStore > Theme > should set theme 2ms
 ✓ lib/__tests__/unit/ui-store.test.ts > UIStore > Theme > should cycle through themes on toggle 7ms
 ✓ lib/__tests__/unit/ui-store.test.ts > UIStore > Modal > should open modal with data 4ms
 ✓ lib/__tests__/unit/ui-store.test.ts > UIStore > Modal > should close modal and clear data 2ms
 ✓ lib/__tests__/unit/ui-store.test.ts > UIStore > Modal > should check if specific modal is open 3ms
 ✓ lib/__tests__/unit/ui-store.test.ts > UIStore > Command Palette > should open and close command palette 2ms
 ✓ lib/__tests__/unit/ui-store.test.ts > UIStore > Command Palette > should toggle command palette 2ms
 ✓ lib/__tests__/unit/ui-store.test.ts > UIStore > Command Palette > should update command query 1ms
 ✓ lib/__tests__/unit/ui-store.test.ts > UIStore > Command Palette > should track recent commands 3ms
 ✓ lib/__tests__/unit/ui-store.test.ts > UIStore > Command Palette > should limit recent commands to 10 4ms
 ✓ lib/__tests__/unit/ui-store.test.ts > UIStore > Command Palette > should move duplicate command to front 1ms
 ✓ lib/__tests__/unit/ui-store.test.ts > UIStore > Notifications > should add notification 1ms
 ✓ lib/__tests__/unit/ui-store.test.ts > UIStore > Notifications > should dismiss notification 2ms
 ✓ lib/__tests__/unit/ui-store.test.ts > UIStore > Notifications > should clear all notifications 2ms
 ✓ lib/__tests__/unit/ui-store.test.ts > UIStore > Notifications > should clear only dismissed notifications 4ms
 ✓ lib/__tests__/unit/ui-store.test.ts > UIStore > Loading States > should set global loading 1ms
 ✓ lib/__tests__/unit/ui-store.test.ts > UIStore > Loading States > should set area loading 3ms
 ✓ lib/__tests__/unit/ui-store.test.ts > UIStore > Loading States > should clear area loading 2ms
 ✓ lib/__tests__/unit/ui-store.test.ts > UIStore > Focus Management > should set focused element 1ms
 ✓ lib/__tests__/unit/ui-store.test.ts > UIStore > Focus Management > should clear focused element 1ms
 ✓ lib/__tests__/unit/ui-store.test.ts > UIStore > Reset > should reset all UI state 2ms
 ✓ lib/portfolio/__tests__/sprint26.test.ts > getScaffoldTemplate > returns a template for every project type 4ms
 ✓ lib/portfolio/__tests__/sprint26.test.ts > getScaffoldTemplate > each template file has a path 2ms
 ✓ lib/portfolio/__tests__/sprint26.test.ts > getScaffoldTemplate > throws for unknown type 2ms
 ✓ lib/portfolio/__tests__/sprint26.test.ts > scaffoldProject — substituteAnswers > substitutes {{key}} placeholders in string content 20ms
 ✓ lib/portfolio/__tests__/sprint26.test.ts > scaffoldProject — substituteAnswers > skips existing files without overwriting 3ms
 ✓ lib/portfolio/__tests__/sprint26.test.ts > inferTypeFromDescription > identifies code projects 2ms
 ✓ lib/portfolio/__tests__/sprint26.test.ts > inferTypeFromDescription > identifies research projects 0ms
 ✓ lib/portfolio/__tests__/sprint26.test.ts > inferTypeFromDescription > identifies business projects 0ms
 ✓ lib/portfolio/__tests__/sprint26.test.ts > inferTypeFromDescription > identifies creative projects 1ms
 ✓ lib/portfolio/__tests__/sprint26.test.ts > inferTypeFromDescription > falls back to custom with low confidence for ambiguous descriptions 0ms
 ✓ lib/portfolio/__tests__/sprint26.test.ts > inferTypeFromDescription > returns high confidence for strong keyword match 0ms
 ✓ lib/portfolio/__tests__/sprint26.test.ts > getNewProjectQuestions > returns questions for each inferred type 1ms
 ✓ lib/portfolio/__tests__/sprint26.test.ts > getNewProjectQuestions > returns core questions for custom / low-confidence 0ms
 ✓ lib/portfolio/__tests__/sprint26.test.ts > analyzeAttention — empty / healthy projects > returns empty array for no projects 1ms
 ✓ lib/portfolio/__tests__/sprint26.test.ts > analyzeAttention — empty / healthy projects > returns empty array when all projects are healthy and recent 2ms
 ✓ lib/portfolio/__tests__/sprint26.test.ts > analyzeAttention — staleness > flags code projects red after 14 days 1ms
 ✓ lib/portfolio/__tests__/sprint26.test.ts > analyzeAttention — staleness > flags code projects amber after 7 days 1ms
 ✓ lib/portfolio/__tests__/sprint26.test.ts > analyzeAttention — staleness > uses higher thresholds for research projects 1ms
 ✓ lib/portfolio/__tests__/sprint26.test.ts > analyzeAttention — staleness > flags research as high only after 30 days 0ms
 ✓ lib/portfolio/__tests__/sprint26.test.ts > analyzeAttention — staleness > uses tighter thresholds for business projects (amber at 5 days) 1ms
 ✓ lib/portfolio/__tests__/sprint26.test.ts > analyzeAttention — blockers > flags projects whose nextAction contains "blocked" 2ms
 ✓ lib/portfolio/__tests__/sprint26.test.ts > analyzeAttention — blockers > flags projects whose phase contains "blocked" 1ms
 ✓ lib/portfolio/__tests__/sprint26.test.ts > analyzeAttention — failing tests > flags projects with failing tests as high severity 1ms
 ✓ lib/portfolio/__tests__/sprint26.test.ts > analyzeAttention — failing tests > does not flag projects where all tests are passing 0ms
 ✓ lib/portfolio/__tests__/sprint26.test.ts > analyzeAttention — mute override > skips muted projects 1ms
 ✓ lib/portfolio/__tests__/sprint26.test.ts > analyzeAttention — mute override > does not skip projects whose mute has expired 0ms
 ✓ lib/portfolio/__tests__/sprint26.test.ts > analyzeAttention — sorting and limits > sorts high severity before medium before low 2ms
 ✓ lib/portfolio/__tests__/sprint26.test.ts > analyzeAttention — sorting and limits > caps results at 10 items 1ms
 ✓ lib/portfolio/__tests__/sprint26.test.ts > analyzeAttention — sorting and limits > includes projectId and projectName on each item 1ms
stdout | lib/agent-sdk/__tests__/phase7-integration.test.ts > Phase 7H: Orchestrator runPostProcessing gates > exits early if job status is not completed
[SelfEvolution] Post-processing skipped — status: failed

stdout | lib/agent-sdk/__tests__/phase7-integration.test.ts > Phase 7H: Orchestrator runPostProcessing gates > skips PR creation when githubOwner/githubRepo not provided
[SelfEvolution] Local tests passed for manifest-003
[SelfEvolution] GitHub owner/repo not configured — skipping PR for manifest-003

 ✓ lib/agent-sdk/__tests__/phase7-integration.test.ts > Phase 7H: Branch Namer > produces a self-evolve/{YYYYMMDD-HHMM}-{slug} formatted name 5ms
 ✓ lib/agent-sdk/__tests__/phase7-integration.test.ts > Phase 7H: Branch Namer > caps slug at 4 words and strips special characters 1ms
 ✓ lib/agent-sdk/__tests__/phase7-integration.test.ts > Phase 7H: PR Description Builder > includes manifest ID, goal summary, and file list in output 1ms
 ✓ lib/agent-sdk/__tests__/phase7-integration.test.ts > Phase 7H: PR Description Builder > handles null SHIM scores without throwing 3ms
 ✓ lib/agent-sdk/__tests__/phase7-integration.test.ts > Phase 7H: Protected Paths > blocks hard-protected agent-sdk prefix 2ms
 ✓ lib/agent-sdk/__tests__/phase7-integration.test.ts > Phase 7H: Protected Paths > blocks self-evolution sub-directory 1ms
 ✓ lib/agent-sdk/__tests__/phase7-integration.test.ts > Phase 7H: Protected Paths > allows non-protected application files 8ms
 ✓ lib/agent-sdk/__tests__/phase7-integration.test.ts > Phase 7H: Protected Paths > filterProtectedFiles separates allowed from rejected 5ms
 ✓ lib/agent-sdk/__tests__/phase7-integration.test.ts > Phase 7H: Branch Manager > createEvolutionBranch: verifies clean repo then checks out branch 3ms
 ✓ lib/agent-sdk/__tests__/phase7-integration.test.ts > Phase 7H: Branch Manager > createEvolutionBranch: returns error result when working tree is dirty 1ms
 ✓ lib/agent-sdk/__tests__/phase7-integration.test.ts > Phase 7H: Branch Manager > getCurrentBranch: returns trimmed branch name 0ms
 ✓ lib/agent-sdk/__tests__/phase7-integration.test.ts > Phase 7H: Git Tools > executeGitStatus returns git status --short output 2ms
 ✓ lib/agent-sdk/__tests__/phase7-integration.test.ts > Phase 7H: Git Tools > executeGitCommit stages files and uses -F temp file 2ms
 ✓ lib/agent-sdk/__tests__/phase7-integration.test.ts > Phase 7H: Git Tools > executeGitDiff returns both staged and unstaged diffs 1ms
 ✓ lib/agent-sdk/__tests__/phase7-integration.test.ts > Phase 7H: GitHub API > storePAT and getPAT round-trip through OS keychain 3ms
 ✓ lib/agent-sdk/__tests__/phase7-integration.test.ts > Phase 7H: GitHub API > createPR: calls POST /repos/.../pulls and returns prNumber 1ms
 ✓ lib/agent-sdk/__tests__/phase7-integration.test.ts > Phase 7H: GitHub API > mergePR: calls PUT .../merge with squash method 1ms
 ✓ lib/agent-sdk/__tests__/phase7-integration.test.ts > Phase 7H: GitHub API > pollCIStatus: maps GitHub combined status to CIStatus type 0ms
 ✓ lib/agent-sdk/__tests__/phase7-integration.test.ts > Phase 7H: Orchestrator runPreFlight > mutates manifest in-memory with branch name and is_self_evolution 2ms
 ✓ lib/agent-sdk/__tests__/phase7-integration.test.ts > Phase 7H: Orchestrator runPreFlight > throws if repo is dirty — does not modify manifest 1ms
 ✓ lib/agent-sdk/__tests__/phase7-integration.test.ts > Phase 7H: Orchestrator runPostProcessing gates > exits early if job status is not completed 13ms
 ✓ lib/agent-sdk/__tests__/phase7-integration.test.ts > Phase 7H: Orchestrator runPostProcessing gates > exits early if SHIM score is below threshold 1ms
 ✓ lib/agent-sdk/__tests__/phase7-integration.test.ts > Phase 7H: Orchestrator runPostProcessing gates > skips PR creation when githubOwner/githubRepo not provided 1ms
 ✓ lib/agent-sdk/__tests__/phase7-integration.test.ts > Phase 7H: Tool Injector — git tools are real > git_commit is not a stub 1ms
 ✓ lib/agent-sdk/__tests__/phase7-integration.test.ts > Phase 7H: Tool Injector — git tools are real > git_status and git_diff are not stubs 1ms
 ✓ lib/agent-sdk/__tests__/phase7-integration.test.ts > Phase 7H: Permission Matrix — self_evolution > self_evolution profile includes git_commit, git_status, git_diff 1ms
 ✓ lib/agent-sdk/__tests__/phase7-integration.test.ts > Phase 7H: Permission Matrix — self_evolution > self_evolution profile does NOT include git_branch_tools stub 1ms
 ✓ lib/ghost/__tests__/scorer.test.ts > computeRecencyBoost > returns 1.0 for content indexed today 4ms
 ✓ lib/ghost/__tests__/scorer.test.ts > computeRecencyBoost > returns 1.0 for content indexed exactly 7 days ago 1ms
 ✓ lib/ghost/__tests__/scorer.test.ts > computeRecencyBoost > returns 0.5 for content indexed 90 days ago 1ms
 ✓ lib/ghost/__tests__/scorer.test.ts > computeRecencyBoost > returns 0.5 for content older than 90 days 1ms
 ✓ lib/ghost/__tests__/scorer.test.ts > computeRecencyBoost > returns ~0.75 for content at the midpoint (48.5 days) 1ms
 ✓ lib/ghost/__tests__/scorer.test.ts > computeRecencyBoost > is strictly decreasing across the decay range 1ms
 ✓ lib/ghost/__tests__/scorer.test.ts > computeRelevanceBoost > returns 1.0 for null source path 1ms
 ✓ lib/ghost/__tests__/scorer.test.ts > computeRelevanceBoost > returns 1.0 when no active projects match 1ms
 ✓ lib/ghost/__tests__/scorer.test.ts > computeRelevanceBoost > returns 1.2 when source path is under an active project 1ms
 ✓ lib/ghost/__tests__/scorer.test.ts > computeRelevanceBoost > normalises Windows backslashes for matching 1ms
 ✓ lib/ghost/__tests__/scorer.test.ts > computeDismissalPenalty > returns 0 for null source path 1ms
 ✓ lib/ghost/__tests__/scorer.test.ts > computeDismissalPenalty > returns 0 when there are no dismissals 0ms
 ✓ lib/ghost/__tests__/scorer.test.ts > computeDismissalPenalty > returns 0.2 for one dismissal 0ms
 ✓ lib/ghost/__tests__/scorer.test.ts > computeDismissalPenalty > returns 0.4 for two dismissals 0ms
 ✓ lib/ghost/__tests__/scorer.test.ts > computeDismissalPenalty > caps penalty at 0.8 regardless of dismissal count 0ms
 ✓ lib/ghost/__tests__/scorer.test.ts > scoreCandidate > computes baseline score correctly (fresh, no boost, no penalty) 1ms
 ✓ lib/ghost/__tests__/scorer.test.ts > scoreCandidate > applies importance_boost 1.5 for critical chunks 0ms
 ✓ lib/ghost/__tests__/scorer.test.ts > scoreCandidate > applies recency decay for older content 0ms
 ✓ lib/ghost/__tests__/scorer.test.ts > scoreCandidate > applies relevance boost when source matches active project 1ms
 ✓ lib/ghost/__tests__/scorer.test.ts > scoreCandidate > applies dismissal penalty correctly 0ms
 ✓ lib/ghost/__tests__/scorer.test.ts > scoreCandidate > full formula: similarity × recency × relevance × (1-penalty) × importance 0ms
 ✓ lib/ghost/__tests__/scorer.test.ts > criticalOverride > returns false when similarity <= 0.95 1ms
 ✓ lib/ghost/__tests__/scorer.test.ts > criticalOverride > returns false when importanceBoost <= 1.3 1ms
 ✓ lib/ghost/__tests__/scorer.test.ts > criticalOverride > returns true only when both conditions are met 0ms
 ✓ lib/ghost/__tests__/scorer.test.ts > canSurface > returns true when no suggestions have been surfaced 0ms
 ✓ lib/ghost/__tests__/scorer.test.ts > canSurface > returns true when only one suggestion has been surfaced (cap=2) 0ms
 ✓ lib/ghost/__tests__/scorer.test.ts > canSurface > returns false when cap is reached 0ms
 ✓ lib/ghost/__tests__/scorer.test.ts > canSurface > returns false when count exceeds cap 0ms
 ✓ lib/ghost/__tests__/scorer.test.ts > canSurface > respects custom maxPerWindow 0ms
 ✓ lib/ghost/__tests__/scorer.test.ts > recordSurfaced > calls INSERT with correct columns 4ms
 ✓ lib/ghost/__tests__/scorer.test.ts > buildActiveContextVector > returns null when no threads have messages 1ms
 ✓ lib/ghost/__tests__/scorer.test.ts > buildActiveContextVector > returns null when thread exists but has no assistant messages 0ms
 ✓ lib/ghost/__tests__/scorer.test.ts > buildActiveContextVector > returns a Float32Array when an active session exists 2ms
 ✓ lib/ghost/__tests__/scorer.test.ts > getActiveSuggestions > returns empty array when no suggestions have been surfaced 1ms
 ✓ lib/ghost/__tests__/scorer.test.ts > runScorer > does not throw when context vector is null (idle session) 3ms
 ✓ lib/ghost/__tests__/scorer.test.ts > runScorer > does not throw when AEGIS is in PARALLEL_BUILD profile 1ms
 ✓ lib/ghost/__tests__/scorer.test.ts > dismissSuggestion > does nothing when suggestion id does not exist 1ms
 ✓ lib/__tests__/unit/aegis.test.ts > determineProfile > returns SUSPEND when isClosing is true 4ms
 ✓ lib/__tests__/unit/aegis.test.ts > determineProfile > SUSPEND takes priority over workers and active thread 1ms
 ✓ lib/__tests__/unit/aegis.test.ts > determineProfile > returns IDLE with no workers and no active thread 1ms
 ✓ lib/__tests__/unit/aegis.test.ts > determineProfile > returns DEEP_FOCUS with no workers but active thread 1ms
 ✓ lib/__tests__/unit/aegis.test.ts > determineProfile > returns COWORK_BATCH for 1 worker 1ms
 ✓ lib/__tests__/unit/aegis.test.ts > determineProfile > returns COWORK_BATCH for 2 workers (upper boundary) 1ms
 ✓ lib/__tests__/unit/aegis.test.ts > determineProfile > returns PARALLEL_BUILD for 3 workers (lower boundary) 0ms
 ✓ lib/__tests__/unit/aegis.test.ts > determineProfile > returns PARALLEL_BUILD for 10+ workers 0ms
 ✓ lib/__tests__/unit/aegis.test.ts > AEGIS_PROFILE_MAP > has an AEGIS native profile entry for every WorkloadProfile 2ms
 ✓ lib/__tests__/unit/aegis.test.ts > AEGIS_PROFILE_MAP > maps PARALLEL_BUILD → wartime (highest load) 0ms
 ✓ lib/__tests__/unit/aegis.test.ts > AEGIS_PROFILE_MAP > maps DEEP_FOCUS → deep-research 0ms
 ✓ lib/__tests__/unit/aegis.test.ts > AEGIS_PROFILE_MAP > maps CODE_GEN → performance 1ms
 ✓ lib/__tests__/unit/aegis.test.ts > AEGIS_PROFILE_MAP > maps COWORK_BATCH → build-mode 0ms
 ✓ lib/__tests__/unit/aegis.test.ts > AEGIS_PROFILE_MAP > maps IDLE → idle 0ms
 ✓ lib/__tests__/unit/aegis.test.ts > AEGIS_PROFILE_MAP > maps SUSPEND → idle (app closing treated as idle) 0ms
 ✓ lib/__tests__/unit/aegis.test.ts > AEGIS_PROFILE_MAP > maps STARTUP → idle 0ms
 ✓ lib/__tests__/unit/aegis.test.ts > AEGISGovernor > forceEvaluate fires callback immediately 4ms
 ✓ lib/__tests__/unit/aegis.test.ts > AEGISGovernor > forceEvaluate with same profile does not re-fire (dedup) 1ms
 ✓ lib/__tests__/unit/aegis.test.ts > AEGISGovernor > forceEvaluate with different profile bypasses anti-flap and fires 1ms
 ✓ lib/__tests__/unit/aegis.test.ts > AEGISGovernor > getLastProfile returns null before any signals 1ms
 ✓ lib/__tests__/unit/aegis.test.ts > AEGISGovernor > getLastProfile reflects most recent signal 1ms
 ✓ lib/__tests__/unit/aegis.test.ts > AEGISGovernor > anti-flap: tick blocks profile change within 5000ms 6ms
 ✓ lib/__tests__/unit/aegis.test.ts > AEGISGovernor > anti-flap: tick fires after 5000ms elapsed 2ms
 ✓ lib/__tests__/unit/aegis.test.ts > AEGISGovernor > start() is idempotent — multiple calls register only one interval 1ms
 ✓ lib/__tests__/unit/aegis.test.ts > AEGISGovernor > stop() halts the polling loop 1ms
 ✓ lib/__tests__/unit/aegis.test.ts > AEGISGovernor > updateState patches only provided fields 1ms
 ✓ lib/__tests__/unit/aegis.test.ts > AEGIS lifecycle (initAEGIS / shutdownAEGIS / getAEGISStatus) > initAEGIS returns true when Tauri IPC is available 9ms
 ✓ lib/__tests__/unit/aegis.test.ts > AEGIS lifecycle (initAEGIS / shutdownAEGIS / getAEGISStatus) > initAEGIS returns false when Tauri is not available (dev mode) 1ms
 ✓ lib/__tests__/unit/aegis.test.ts > AEGIS lifecycle (initAEGIS / shutdownAEGIS / getAEGISStatus) > initAEGIS logs STARTUP signal to KERNL regardless of Tauri state 1ms
 ✓ lib/__tests__/unit/aegis.test.ts > AEGIS lifecycle (initAEGIS / shutdownAEGIS / getAEGISStatus) > getAEGISStatus.online reflects Tauri availability 1ms
 ✓ lib/__tests__/unit/aegis.test.ts > AEGIS lifecycle (initAEGIS / shutdownAEGIS / getAEGISStatus) > getAEGISStatus.lastProfile is STARTUP immediately after init 1ms
 ✓ lib/__tests__/unit/aegis.test.ts > AEGIS lifecycle (initAEGIS / shutdownAEGIS / getAEGISStatus) > shutdownAEGIS logs SUSPEND signal to KERNL 1ms
 ✓ lib/__tests__/unit/aegis.test.ts > AEGIS lifecycle (initAEGIS / shutdownAEGIS / getAEGISStatus) > initAEGIS does not throw when IPC calls fail 3ms
 ✓ lib/recall/__tests__/sprint27.test.ts > scoreRecallEvent — base passthrough > returns base score when no history and event is 2h old 4ms
 ✓ lib/recall/__tests__/sprint27.test.ts > scoreRecallEvent — base passthrough > applies recency penalty for very new events (<1h) 1ms
 ✓ lib/recall/__tests__/sprint27.test.ts > scoreRecallEvent — base passthrough > applies no recency penalty for events >4h old 1ms
 ✓ lib/recall/__tests__/sprint27.test.ts > scoreRecallEvent — diversity bonus > boosts score when type differs from recent surfaces 1ms
 ✓ lib/recall/__tests__/sprint27.test.ts > scoreRecallEvent — diversity bonus > does not boost when type matches recent surfaces 1ms
 ✓ lib/recall/__tests__/sprint27.test.ts > scoreRecallEvent — per-type dismissal penalty > reduces score for heavily-dismissed type 1ms
 ✓ lib/recall/__tests__/sprint27.test.ts > scoreRecallEvent — per-type dismissal penalty > boosts score for heavily-appreciated type 1ms
 ✓ lib/recall/__tests__/sprint27.test.ts > isEligibleToSurface > returns true for scores >= 0.40 1ms
 ✓ lib/recall/__tests__/sprint27.test.ts > isEligibleToSurface > returns false for scores < 0.40 1ms
 ✓ lib/recall/__tests__/sprint27.test.ts > getRecallCalibration > returns no auto-reduce for <5 total actions 1ms
 ✓ lib/recall/__tests__/sprint27.test.ts > getRecallCalibration > triggers autoReduced when dismissal rate > 60% 1ms
 ✓ lib/recall/__tests__/sprint27.test.ts > getRecallCalibration > triggers suggestIncrease when appreciation rate > 70% 1ms
 ✓ lib/recall/__tests__/sprint27.test.ts > getRecallCalibration > does not trigger autoReduced when dismissal rate is exactly 60% 0ms
 ✓ lib/recall/__tests__/sprint27.test.ts > getRecallCalibration > both signals can be false simultaneously (healthy balance) 0ms
 ✓ lib/recall/__tests__/sprint27.test.ts > applyCalibration > steps up detection interval when autoReduced is true 1ms
 ✓ lib/recall/__tests__/sprint27.test.ts > applyCalibration > does not change interval when autoReduced is false 0ms
 ✓ lib/recall/__tests__/sprint27.test.ts > applyCalibration > does not step beyond 8h (maximum interval) 0ms
 ✓ lib/recall/__tests__/sprint27.test.ts > applyCalibration > steps from 1h to 2h 0ms
 ✓ lib/recall/__tests__/sprint27.test.ts > applyCalibration > preserves other settings fields 0ms
 ✓ lib/recall/__tests__/sprint27.test.ts > DEFAULT_RECALL_SETTINGS > has correct defaults 2ms
 ✓ lib/recall/__tests__/sprint27.test.ts > DEFAULT_RECALL_SETTINGS > includes all 6 recall types 2ms
 ✓ lib/recall/__tests__/sprint27.test.ts > RECALL copy templates > exports required template functions and strings 12ms
 ✓ lib/recall/__tests__/sprint27.test.ts > RECALL copy templates > templates produce Greg-voice output (no exclamation marks) 10ms
 ✓ lib/recall/__tests__/sprint27.test.ts > RECALL copy templates > action strings match Greg voice — short, direct 2ms
 ✓ lib/agent-sdk/__tests__/permission-matrix.test.ts > selectTools — tool injection > code session gets fs_read, list_directory, fs_write, run_command, test_runner, shim_check 8ms
 ✓ lib/agent-sdk/__tests__/permission-matrix.test.ts > selectTools — tool injection > test session gets fs_read, fs_write, test_runner but not shim_check 2ms
 ✓ lib/agent-sdk/__tests__/permission-matrix.test.ts > selectTools — tool injection > docs session gets fs_write_docs_only not fs_write 2ms
 ✓ lib/agent-sdk/__tests__/permission-matrix.test.ts > selectTools — tool injection > research session has no write tools 2ms
 ✓ lib/agent-sdk/__tests__/permission-matrix.test.ts > selectTools — tool injection > analysis session has no write tools 1ms
 ✓ lib/agent-sdk/__tests__/permission-matrix.test.ts > selectTools — tool injection > self_evolution session gets full tool set including git_commit/status/diff (Sprint 7H) 1ms
 ✓ lib/agent-sdk/__tests__/permission-matrix.test.ts > selectTools — tool injection > returns Tool objects with valid SDK shape (no _stub exposed) 4ms
 ✓ lib/agent-sdk/__tests__/permission-matrix.test.ts > selectTools — tool injection > getToolNames returns the same set as selectTools 3ms
 ✓ lib/agent-sdk/__tests__/permission-matrix.test.ts > selectTools — readOnly enforcement > research session injects no write tools 2ms
 ✓ lib/agent-sdk/__tests__/permission-matrix.test.ts > selectTools — readOnly enforcement > analysis session injects no write tools 1ms
 ✓ lib/agent-sdk/__tests__/permission-matrix.test.ts > selectTools — readOnly enforcement > all readOnly profiles in PERMISSION_CONFIG have no write tools 1ms
 ✓ lib/agent-sdk/__tests__/permission-matrix.test.ts > isStubTool > returns false for Sprint 11.1 tools — now fully implemented 1ms
 ✓ lib/agent-sdk/__tests__/permission-matrix.test.ts > isStubTool > returns false for real tools 1ms
 ✓ lib/agent-sdk/__tests__/permission-matrix.test.ts > isStubTool > returns false for unknown tool names 0ms
 ✓ lib/agent-sdk/__tests__/permission-matrix.test.ts > checkWriteScope — allowed writes > allows write to a relative path explicitly in manifest files[] 1ms
 ✓ lib/agent-sdk/__tests__/permission-matrix.test.ts > checkWriteScope — allowed writes > allows write to an absolute path matching manifest entry 0ms
 ✓ lib/agent-sdk/__tests__/permission-matrix.test.ts > checkWriteScope — allowed writes > allows write when entry purpose is create 0ms
 ✓ lib/agent-sdk/__tests__/permission-matrix.test.ts > checkWriteScope — rejected writes > rejects write to a path not in manifest files[] 2ms
 ✓ lib/agent-sdk/__tests__/permission-matrix.test.ts > checkWriteScope — rejected writes > rejects write to path in manifest with read-only purpose 1ms
 ✓ lib/agent-sdk/__tests__/permission-matrix.test.ts > checkWriteScope — rejected writes > rejects any write when manifest has empty files[] 1ms
 ✓ lib/agent-sdk/__tests__/permission-matrix.test.ts > checkWriteScope — docsOnly > allows write inside /docs when docsOnly=true 0ms
 ✓ lib/agent-sdk/__tests__/permission-matrix.test.ts > checkWriteScope — docsOnly > rejects write outside /docs when docsOnly=true, even if in manifest 1ms
 ✓ lib/agent-sdk/__tests__/permission-matrix.test.ts > resolveCwd > project_root sessions return project_path unchanged 1ms
 ✓ lib/agent-sdk/__tests__/permission-matrix.test.ts > resolveCwd > docs_subdir session returns <project_path>/docs 1ms
 ✓ lib/agent-sdk/__tests__/permission-matrix.test.ts > resolveCwd > temp_workspace session returns tmpdir path containing manifest_id 0ms
 ✓ lib/__tests__/unit/eos/fp-tracker.test.ts > recordOccurrence > stores a true-positive entry 9ms
 ✓ lib/__tests__/unit/eos/fp-tracker.test.ts > recordOccurrence > stores a false-positive entry 1ms
 ✓ lib/__tests__/unit/eos/fp-tracker.test.ts > recordOccurrence > stores optional line number 1ms
 ✓ lib/__tests__/unit/eos/fp-tracker.test.ts > markFalsePositive > flips is_fp to 1 for an existing entry 1ms
 ✓ lib/__tests__/unit/eos/fp-tracker.test.ts > getSuppressedRules > suppresses rule with FP rate > 20% 40ms
 ✓ lib/__tests__/unit/eos/fp-tracker.test.ts > getSuppressedRules > does not suppress rule at exactly 20% FP rate 1ms
 ✓ lib/__tests__/unit/eos/fp-tracker.test.ts > getSuppressedRules > does not suppress rule with low FP rate 2ms
 ✓ lib/__tests__/unit/eos/fp-tracker.test.ts > getSuppressedRules > returns empty set when no entries exist 1ms
 ✓ lib/__tests__/unit/eos/fp-tracker.test.ts > getSuppressedRules > suppresses only the rule that exceeds the threshold 1ms
 ✓ lib/__tests__/unit/eos/fp-tracker.test.ts > getRuleStats > returns zeros for a rule with no history 1ms
 ✓ lib/__tests__/unit/eos/fp-tracker.test.ts > getRuleStats > computes rate and suppression flag correctly 1ms
stdout | lib/__tests__/unit/agent-sdk.test.ts > Agent SDK public API > spawn returns a jobId and queued=false for the first job
[AgentSDK] Marked 1 stale job(s) INTERRUPTED on boot

 ✓ lib/__tests__/unit/cross-context.test.ts > clamp > returns value unchanged when within [0.65, 0.92] 3ms
 ✓ lib/__tests__/unit/cross-context.test.ts > clamp > clamps below minimum to 0.65 1ms
 ✓ lib/__tests__/unit/cross-context.test.ts > clamp > clamps above maximum to 0.92 1ms
 ✓ lib/__tests__/unit/cross-context.test.ts > loadThresholds > returns DEFAULT_THRESHOLDS when no row in settings 3ms
 ✓ lib/__tests__/unit/cross-context.test.ts > loadThresholds > parses and returns persisted JSON thresholds 1ms
 ✓ lib/__tests__/unit/cross-context.test.ts > loadThresholds > falls back to defaults for corrupted JSON 1ms
 ✓ lib/__tests__/unit/cross-context.test.ts > loadThresholds > fills missing keys with defaults for partial JSON 1ms
 ✓ lib/__tests__/unit/cross-context.test.ts > saveThresholds > calls prepare and run with upsert SQL 5ms
 ✓ lib/__tests__/unit/cross-context.test.ts > saveThresholds > clamps values before saving 1ms
 ✓ lib/__tests__/unit/cross-context.test.ts > adjustThreshold > loads, applies delta, saves 1ms
 ✓ lib/__tests__/unit/cross-context.test.ts > adjustThreshold > clamps result after applying delta 0ms
 ✓ lib/__tests__/unit/cross-context.test.ts > recordFeedback > updates user_action and acted_at in suggestions table 2ms
 ✓ lib/__tests__/unit/cross-context.test.ts > recordFeedback > does not trigger calibration when event count below threshold 1ms
 ✓ lib/__tests__/unit/cross-context.test.ts > recordFeedback > triggers calibration when event count reaches 100 0ms
 ✓ lib/__tests__/unit/cross-context.test.ts > recordFeedback > triggers calibration when 24h elapsed since last run 0ms
 ✓ lib/__tests__/unit/cross-context.test.ts > insertSuggestion > inserts row and returns nanoid 2ms
 ✓ lib/__tests__/unit/cross-context.test.ts > getRecencyFactor > returns 1.0 for content created now 0ms
 ✓ lib/__tests__/unit/cross-context.test.ts > getRecencyFactor > returns 1.0 for content created 7 days ago 0ms
 ✓ lib/__tests__/unit/cross-context.test.ts > getRecencyFactor > returns 0.5 for content created 90 days ago 0ms
 ✓ lib/__tests__/unit/cross-context.test.ts > getRecencyFactor > returns 0.5 for content older than 90 days 0ms
 ✓ lib/__tests__/unit/cross-context.test.ts > getRecencyFactor > decays linearly between 7 and 90 days 1ms
 ✓ lib/__tests__/unit/cross-context.test.ts > getDismissalPenalty > returns 0 when no dismissals 0ms
 ✓ lib/__tests__/unit/cross-context.test.ts > getDismissalPenalty > returns 0.2 per dismissal 0ms
 ✓ lib/__tests__/unit/cross-context.test.ts > getDismissalPenalty > caps penalty at 0.8 0ms
 ✓ lib/__tests__/unit/cross-context.test.ts > isSuppressed > returns false when no dismissals 1ms
 ✓ lib/__tests__/unit/cross-context.test.ts > isSuppressed > returns true when 5+ dismissals in 7-day window (7-day suppression) 1ms
 ✓ lib/__tests__/unit/cross-context.test.ts > isSuppressed > returns true when 3+ dismissals in 48h window 1ms
 ✓ lib/__tests__/unit/cross-context.test.ts > isSuppressed > returns false when 4 dismissals in 7d window but only 2 in 48h 1ms
 ✓ lib/__tests__/unit/cross-context.test.ts > rankAndFilter > returns empty array when no candidates 1ms
 ✓ lib/__tests__/unit/cross-context.test.ts > rankAndFilter > excludes suppressed chunks 3ms
 ✓ lib/__tests__/unit/cross-context.test.ts > rankAndFilter > excludes chunks below display score threshold 1ms
 ✓ lib/__tests__/unit/cross-context.test.ts > rankAndFilter > returns max 2 suggestions 1ms
 ✓ lib/__tests__/unit/cross-context.test.ts > rankAndFilter > sorts by displayScore descending 1ms
 ✓ lib/__tests__/unit/cross-context.test.ts > rankAndFilter > skips chunk when metadata not found 1ms
 ✓ lib/__tests__/unit/agent-sdk.test.ts > TASK_PRIORITY > self_evolution has the highest priority 3ms
 ✓ lib/__tests__/unit/agent-sdk.test.ts > TASK_PRIORITY > self_evolution = 90 1ms
 ✓ lib/__tests__/unit/agent-sdk.test.ts > TASK_PRIORITY > code and test are tied at 70 1ms
 ✓ lib/__tests__/unit/agent-sdk.test.ts > TASK_PRIORITY > deploy = 60 1ms
 ✓ lib/__tests__/unit/agent-sdk.test.ts > TASK_PRIORITY > docs and research are tied at lowest (40) 1ms
 ✓ lib/__tests__/unit/agent-sdk.test.ts > AGENT_COST_CONFIG > warnAt < softCap < hardCap (boundary ordering) 1ms
 ✓ lib/__tests__/unit/agent-sdk.test.ts > AGENT_COST_CONFIG > maxConcurrentSessions = 8 0ms
 ✓ lib/__tests__/unit/agent-sdk.test.ts > AGENT_COST_CONFIG > perSessionWarnAt = $1.60 0ms
 ✓ lib/__tests__/unit/agent-sdk.test.ts > AGENT_COST_CONFIG > perSessionSoftCap = $2.00 1ms
 ✓ lib/__tests__/unit/agent-sdk.test.ts > AGENT_COST_CONFIG > dailyHardCap = $15.00 0ms
 ✓ lib/__tests__/unit/agent-sdk.test.ts > buildManifest > returns a manifest with correct structural shape 12ms
 ✓ lib/__tests__/unit/agent-sdk.test.ts > buildManifest > defaults is_self_evolution to false 1ms
 ✓ lib/__tests__/unit/agent-sdk.test.ts > buildManifest > sets is_self_evolution and branch when provided 1ms
 ✓ lib/__tests__/unit/agent-sdk.test.ts > buildManifest > does NOT set self_evolution_branch key when not provided (exactOptionalPropertyTypes) 1ms
 ✓ lib/__tests__/unit/agent-sdk.test.ts > buildManifest > does NOT set dependency_graph_notes when not provided 1ms
 ✓ lib/__tests__/unit/agent-sdk.test.ts > buildManifest > sets dependency_graph_notes when provided 1ms
 ✓ lib/__tests__/unit/agent-sdk.test.ts > buildManifest > throws ZodError when taskType is invalid 4ms
 ✓ lib/__tests__/unit/agent-sdk.test.ts > buildAgentSystemPrompt > contains SYSTEM CONTRACT marker (BLUEPRINT §4.3.1) 1ms
 ✓ lib/__tests__/unit/agent-sdk.test.ts > buildAgentSystemPrompt > embeds the manifest JSON between delimiters 1ms
 ✓ lib/__tests__/unit/agent-sdk.test.ts > buildAgentSystemPrompt > references the configured model 1ms
 ✓ lib/__tests__/unit/agent-sdk.test.ts > validateManifest > returns the manifest unchanged on valid input 1ms
 ✓ lib/__tests__/unit/agent-sdk.test.ts > validateManifest > throws ZodError on missing required field 2ms
 ✓ lib/__tests__/unit/agent-sdk.test.ts > validateManifest > throws ZodError on wrong task_type value 1ms
 ✓ lib/__tests__/unit/agent-sdk.test.ts > CostTracker > startSession returns a non-empty sessionId 6ms
 ✓ lib/__tests__/unit/agent-sdk.test.ts > CostTracker > getSessionState returns zero cost before any usage 1ms
 ✓ lib/__tests__/unit/agent-sdk.test.ts > CostTracker > recordUsage accumulates tokens and cost 3ms
 ✓ lib/__tests__/unit/agent-sdk.test.ts > CostTracker > getCostCapStatus returns ok when cost is zero 0ms
 ✓ lib/__tests__/unit/agent-sdk.test.ts > CostTracker > isDailyCapReached returns false with zero usage 1ms
 ✓ lib/__tests__/unit/agent-sdk.test.ts > CostTracker > endSession returns final state and marks session ended 4ms
 ✓ lib/__tests__/unit/agent-sdk.test.ts > CostTracker > resetDailyTotal sets daily total back to zero 1ms
 ✓ lib/__tests__/unit/agent-sdk.test.ts > job-tracker > insertManifest calls prepare().run() with manifest_id in params 2ms
 ✓ lib/__tests__/unit/agent-sdk.test.ts > job-tracker > transitionState calls prepare().run() with lowercased status 1ms
 ✓ lib/__tests__/unit/agent-sdk.test.ts > job-tracker > markStaleJobsInterrupted calls prepare().run() and returns a number 1ms
 ✓ lib/__tests__/unit/agent-sdk.test.ts > job-tracker > getManifestRow returns null when DB returns undefined 0ms
 ✓ lib/__tests__/unit/agent-sdk.test.ts > Agent SDK public API > spawn returns a jobId and queued=false for the first job 4ms
 ✓ lib/__tests__/unit/agent-sdk.test.ts > Agent SDK public API > status returns a JobRecord immediately after spawn 1ms
 ✓ lib/__tests__/unit/agent-sdk.test.ts > Agent SDK public API > status returns null for an unknown jobId 0ms
 ✓ lib/__tests__/unit/agent-sdk.test.ts > Agent SDK public API > list includes the spawned job 1ms
 ✓ lib/__tests__/unit/agent-sdk.test.ts > Agent SDK public API > kill returns true and removes the job from list 1ms
 ✓ lib/__tests__/unit/agent-sdk.test.ts > Agent SDK public API > kill returns false for an unknown jobId 0ms
 ✓ lib/__tests__/unit/kernl-project-store.test.ts > project-store > createProject returns a project with correct fields 7ms
 ✓ lib/__tests__/unit/kernl-project-store.test.ts > project-store > getProject returns null for unknown id 1ms
 ✓ lib/__tests__/unit/kernl-project-store.test.ts > project-store > getProject returns the project after creation 2ms
 ✓ lib/__tests__/unit/kernl-project-store.test.ts > project-store > listProjects returns all created projects 2ms
 ✓ lib/__tests__/unit/kernl-project-store.test.ts > project-store > getActiveProject returns the most recently updated project 8ms
 ✓ lib/__tests__/unit/kernl-project-store.test.ts > project-store > getActiveProject returns null when no projects exist 0ms
 ✓ lib/__tests__/unit/kernl-project-store.test.ts > project-store > upsertProject creates project on first call 1ms
 ✓ lib/__tests__/unit/kernl-project-store.test.ts > project-store > upsertProject updates existing project on second call 1ms
 ✓ lib/__tests__/unit/kernl-project-store.test.ts > aegis-store > getLatestAegisSignal returns null when no signals exist 1ms
 ✓ lib/__tests__/unit/kernl-project-store.test.ts > aegis-store > logAegisSignal returns the inserted signal 1ms
 ✓ lib/__tests__/unit/kernl-project-store.test.ts > aegis-store > getLatestAegisSignal returns most recent signal 16ms
 ✓ lib/__tests__/unit/kernl-project-store.test.ts > aegis-store > logAegisSignal sets is_override flag correctly 0ms
 ✓ lib/__tests__/unit/kernl-project-store.test.ts > aegis-store > logAegisSignal records source_thread when provided 0ms
 ✓ lib/transit/__tests__/capture.test.ts > captureEvent() > calls db.prepare with an INSERT statement 11ms
 ✓ lib/transit/__tests__/capture.test.ts > captureEvent() > calls run() with the correct positional parameters 2ms
 ✓ lib/transit/__tests__/capture.test.ts > captureEvent() > defaults message_id to null when not provided 1ms
 ✓ lib/transit/__tests__/capture.test.ts > captureEvent() > defaults payload to {} when not provided 1ms
 ✓ lib/transit/__tests__/capture.test.ts > captureEvent() > generates a different UUID for each call 2ms
 ✓ lib/transit/__tests__/capture.test.ts > captureEvent() > never throws when db.prepare throws 13ms
 ✓ lib/transit/__tests__/capture.test.ts > captureEvent() > never throws when run() throws 2ms
 ✓ lib/transit/__tests__/capture.test.ts > getEventsForConversation() > queries by conversation_id 1ms
 ✓ lib/transit/__tests__/capture.test.ts > getEventsForConversation() > parses DB rows into EventMetadata objects 4ms
 ✓ lib/transit/__tests__/capture.test.ts > getEventsForConversation() > returns empty array when db.prepare throws 5ms
 ✓ lib/transit/__tests__/capture.test.ts > getEventsByType() > queries by event_type with default limit of 100 1ms
 ✓ lib/transit/__tests__/capture.test.ts > getEventsByType() > respects a custom limit 1ms
 ✓ lib/transit/__tests__/capture.test.ts > getEventsByType() > parses DB rows into EventMetadata objects 1ms
 ✓ lib/transit/__tests__/capture.test.ts > getEventsByType() > returns empty array when db.prepare throws 2ms
 ✓ lib/__tests__/unit/suggestion-store.test.ts > useSuggestionStore > stores suggestions returned by setSuggestions 11ms
 ✓ lib/__tests__/unit/suggestion-store.test.ts > useSuggestionStore > caps at 2 suggestions even if more are passed 2ms
 ✓ lib/__tests__/unit/suggestion-store.test.ts > useSuggestionStore > replaces existing suggestions on subsequent setSuggestions 2ms
 ✓ lib/__tests__/unit/suggestion-store.test.ts > useSuggestionStore > stores empty array when empty list passed 1ms
 ✓ lib/__tests__/unit/suggestion-store.test.ts > useSuggestionStore > auto-expires suggestions after 4 hours 3ms
 ✓ lib/__tests__/unit/suggestion-store.test.ts > useSuggestionStore > does not expire suggestions before 4 hours 1ms
 ✓ lib/__tests__/unit/suggestion-store.test.ts > useSuggestionStore > removes a suggestion by id 1ms
 ✓ lib/__tests__/unit/suggestion-store.test.ts > useSuggestionStore > is a no-op when id does not exist 1ms
 ✓ lib/__tests__/unit/suggestion-store.test.ts > useSuggestionStore > clears all suggestions 1ms
 ✓ lib/__tests__/unit/suggestion-store.test.ts > useSuggestionStore > selectSuggestionCount returns correct count 1ms
 ✓ lib/__tests__/unit/suggestion-store.test.ts > useSuggestionStore > selectSuggestions returns full suggestion array 2ms
stdout | lib/__tests__/unit/cold-start.test.ts > warmAll() > calls readHotCache() before buildWarmCache()
[cold-start] Tier 1 ready: 1ms

stdout | lib/__tests__/unit/cold-start.test.ts > warmAll() > calls readHotCache() before buildWarmCache()
[cold-start] Tier 2 ready: 3ms
[cold-start] All tiers ready: 3ms

stdout | lib/__tests__/unit/cold-start.test.ts > warmAll() > calls both readHotCache() and buildWarmCache() exactly once
[cold-start] Tier 1 ready: 0ms

stdout | lib/__tests__/unit/cold-start.test.ts > warmAll() > calls both readHotCache() and buildWarmCache() exactly once
[cold-start] Tier 2 ready: 0ms
[cold-start] All tiers ready: 0ms

stdout | lib/__tests__/unit/cold-start.test.ts > warmAll() > resolves without error when both tiers succeed
[cold-start] Tier 1 ready: 1ms

stdout | lib/__tests__/unit/cold-start.test.ts > warmAll() > resolves without error when both tiers succeed
[cold-start] Tier 2 ready: 2ms
[cold-start] All tiers ready: 2ms

stdout | lib/__tests__/unit/cold-start.test.ts > warmAll() > propagates rejection when buildWarmCache() fails
[cold-start] Tier 1 ready: 0ms

 ✓ lib/__tests__/unit/cold-start.test.ts > warmAll() > calls readHotCache() before buildWarmCache() 8ms
 ✓ lib/__tests__/unit/cold-start.test.ts > warmAll() > calls both readHotCache() and buildWarmCache() exactly once 2ms
 ✓ lib/__tests__/unit/cold-start.test.ts > warmAll() > resolves without error when both tiers succeed 3ms
 ✓ lib/__tests__/unit/cold-start.test.ts > warmAll() > propagates rejection when readHotCache() fails 3ms
 ✓ lib/__tests__/unit/cold-start.test.ts > warmAll() > propagates rejection when buildWarmCache() fails 2ms
 ✓ lib/__tests__/unit/cold-start.test.ts > searchAllTiers() > returns hot cache results immediately when hot has >= k above minSimilarity 3ms
 ✓ lib/__tests__/unit/cold-start.test.ts > searchAllTiers() > falls through to warm cache when hot has < k results 1ms
 ✓ lib/__tests__/unit/cold-start.test.ts > searchAllTiers() > falls through to sqlite-vec when hot + warm have < k results 1ms
 ✓ lib/__tests__/unit/cold-start.test.ts > searchAllTiers() > does not fall through to sqlite-vec when merged already has k results 1ms
 ✓ lib/__tests__/unit/cold-start.test.ts > searchAllTiers() > filters results below minSimilarity from all tiers 1ms
 ✓ lib/__tests__/unit/cold-start.test.ts > searchAllTiers() > deduplicates the same chunkId appearing in multiple tiers 1ms
 ✓ lib/__tests__/unit/cold-start.test.ts > searchAllTiers() > passes k to searchHotCache and searchWarmCache 3ms
 ✓ lib/__tests__/unit/cold-start.test.ts > mergeDedup() > deduplicates by chunkId, keeping highest similarity 1ms
 ✓ lib/__tests__/unit/cold-start.test.ts > mergeDedup() > returns at most k results 1ms
 ✓ lib/__tests__/unit/cold-start.test.ts > mergeDedup() > sorts output by similarity descending 0ms
 ✓ lib/__tests__/unit/cold-start.test.ts > mergeDedup() > handles empty input 0ms
 ✓ lib/__tests__/unit/cold-start.test.ts > mergeDedup() > handles k=0 0ms
 ✓ lib/__tests__/unit/cold-start.test.ts > mergeDedup() > returns all results when count < k 1ms
 ✓ lib/agent-sdk/__tests__/scheduler.test.ts > getPriority > strategic_thread has priority 0 4ms
 ✓ lib/agent-sdk/__tests__/scheduler.test.ts > getPriority > self_evolution has priority 1 1ms
 ✓ lib/agent-sdk/__tests__/scheduler.test.ts > getPriority > code and test share priority 2 1ms
 ✓ lib/agent-sdk/__tests__/scheduler.test.ts > getPriority > docs/documentation/deploy share priority 3 1ms
 ✓ lib/agent-sdk/__tests__/scheduler.test.ts > getPriority > research and analysis share priority 4 1ms
 ✓ lib/agent-sdk/__tests__/scheduler.test.ts > getPriority > ghost has lowest priority 5 0ms
 ✓ lib/agent-sdk/__tests__/scheduler.test.ts > getPriority > unknown type falls back to 3 (documentation tier) 0ms
 ✓ lib/agent-sdk/__tests__/scheduler.test.ts > getPriority > priority ordering: self_evolution < code < research < ghost 1ms
 ✓ lib/agent-sdk/__tests__/scheduler.test.ts > isBypassSession > returns true only for strategic_thread 1ms
 ✓ lib/agent-sdk/__tests__/scheduler.test.ts > MAX_CONCURRENT_SESSIONS > is 8 0ms
 ✓ lib/agent-sdk/__tests__/scheduler.test.ts > RateLimiter > is not throttled at 0% consumption 1ms
 ✓ lib/agent-sdk/__tests__/scheduler.test.ts > RateLimiter > is not throttled below 80% of capacity 0ms
 ✓ lib/agent-sdk/__tests__/scheduler.test.ts > RateLimiter > is throttled at exactly 80% consumption 0ms
 ✓ lib/agent-sdk/__tests__/scheduler.test.ts > RateLimiter > is throttled above 80% consumption 0ms
 ✓ lib/agent-sdk/__tests__/scheduler.test.ts > RateLimiter > getUsageRatio returns correct fraction 1ms
 ✓ lib/agent-sdk/__tests__/scheduler.test.ts > RateLimiter > reset clears all consumption 0ms
 ✓ lib/agent-sdk/__tests__/scheduler.test.ts > RateLimiter > getUsedTokens returns total consumed 0ms
 ✓ lib/agent-sdk/__tests__/scheduler.test.ts > RateLimiter > ignores zero or negative consume calls 0ms
 ✓ lib/agent-sdk/__tests__/scheduler.test.ts > SessionScheduler — slot management > starts 8 sessions immediately 11ms
 ✓ lib/agent-sdk/__tests__/scheduler.test.ts > SessionScheduler — slot management > session 9 enters PENDING when 8 slots are full 2ms
 ✓ lib/agent-sdk/__tests__/scheduler.test.ts > SessionScheduler — slot management > active count increments correctly as sessions start 0ms
 ✓ lib/agent-sdk/__tests__/scheduler.test.ts > SessionScheduler — priority ordering > self_evolution is promoted before code ahead of research 1ms
 ✓ lib/agent-sdk/__tests__/scheduler.test.ts > SessionScheduler — strategic thread bypass > strategic thread session starts immediately regardless of cap 1ms
 ✓ lib/agent-sdk/__tests__/scheduler.test.ts > SessionScheduler — strategic thread bypass > strategic thread does not count against the 8-slot cap 0ms
 ✓ lib/agent-sdk/__tests__/scheduler.test.ts > SessionScheduler — promotion on complete > completes session → promotes next pending 1ms
 ✓ lib/agent-sdk/__tests__/scheduler.test.ts > SessionScheduler — cancel > cancels a pending session and removes from queue 2ms
 ✓ lib/agent-sdk/__tests__/scheduler.test.ts > SessionScheduler — cancel > returns false when session not found 0ms
 ✓ lib/agent-sdk/__tests__/scheduler.test.ts > SessionScheduler — AEGIS notifications > notifies on session start 3ms
 ✓ lib/agent-sdk/__tests__/scheduler.test.ts > SessionScheduler — AEGIS notifications > notifies on session complete 1ms
 ✓ lib/agent-sdk/__tests__/scheduler.test.ts > SessionScheduler — AEGIS notifications > does not notify for strategic thread sessions 1ms
 ✓ lib/agent-sdk/__tests__/scheduler.test.ts > SessionScheduler — rate limit queuing > queues new session when rate limiter is throttled 1ms
 ✓ lib/agent-sdk/__tests__/sprint-12-batch-executor.test.ts > Sprint 12.0 — runBatchSession > creates batch request with manifestId as custom_id 25ms
 ✓ lib/agent-sdk/__tests__/sprint-12-batch-executor.test.ts > Sprint 12.0 — runBatchSession > calls onComplete with "completed" on successful batch result 9ms
 ✓ lib/agent-sdk/__tests__/sprint-12-batch-executor.test.ts > Sprint 12.0 — runBatchSession > calls onError when batch result type is "errored" 9ms
 ✓ lib/agent-sdk/__tests__/sprint-12-batch-executor.test.ts > Sprint 12.0 — runBatchSession > calls onComplete with "interrupted" when abort fires before batch create 3ms
 ✓ components/transit/__tests__/MessageMetadata.test.tsx > parseModelLabel > returns "sonnet" in cyan for sonnet model strings 4ms
 ✓ components/transit/__tests__/MessageMetadata.test.tsx > parseModelLabel > returns "haiku" in green for haiku model strings 1ms
 ✓ components/transit/__tests__/MessageMetadata.test.tsx > parseModelLabel > returns "opus" in purple for opus model strings 1ms
 ✓ components/transit/__tests__/MessageMetadata.test.tsx > parseModelLabel > falls back gracefully for unknown model strings 2ms
 ✓ components/transit/__tests__/MessageMetadata.test.tsx > parseModelLabel > handles bare "sonnet" without version suffix 1ms
 ✓ components/transit/__tests__/MessageMetadata.test.tsx > formatTokens > returns "in · out" format when both input and output provided 85ms
 ✓ components/transit/__tests__/MessageMetadata.test.tsx > formatTokens > formats large numbers with commas 1ms
 ✓ components/transit/__tests__/MessageMetadata.test.tsx > formatTokens > falls back to total tokens when only total is provided 1ms
 ✓ components/transit/__tests__/MessageMetadata.test.tsx > formatTokens > returns null when all values are absent 3ms
 ✓ components/transit/__tests__/MessageMetadata.test.tsx > formatTokens > returns null when total tokens is zero 0ms
 ✓ components/transit/__tests__/MessageMetadata.test.tsx > formatTokens > prefers in/out over total when all are provided 0ms
 ✓ components/transit/__tests__/MessageMetadata.test.tsx > formatCost > formats cost with exactly 4 decimal places 0ms
 ✓ components/transit/__tests__/MessageMetadata.test.tsx > formatCost > formats small cost correctly 0ms
 ✓ components/transit/__tests__/MessageMetadata.test.tsx > formatCost > returns null for zero cost 0ms
 ✓ components/transit/__tests__/MessageMetadata.test.tsx > formatCost > returns null for undefined cost 0ms
 ✓ components/transit/__tests__/MessageMetadata.test.tsx > formatCost > returns null for negative cost 0ms
 ✓ components/transit/__tests__/MessageMetadata.test.tsx > formatLatency > shows milliseconds below 1000ms 0ms
 ✓ components/transit/__tests__/MessageMetadata.test.tsx > formatLatency > shows seconds at 1000ms threshold 0ms
 ✓ components/transit/__tests__/MessageMetadata.test.tsx > formatLatency > shows seconds for values above 1000ms 0ms
 ✓ components/transit/__tests__/MessageMetadata.test.tsx > formatLatency > rounds ms values 0ms
 ✓ components/transit/__tests__/MessageMetadata.test.tsx > formatLatency > returns null for zero latency 0ms
 ✓ components/transit/__tests__/MessageMetadata.test.tsx > formatLatency > returns null for undefined latency 0ms
 ✓ lib/__tests__/unit/shim/pattern-learner.test.ts > PatternLearner > recordImprovement > stores improvements in history 8ms
 ✓ lib/__tests__/unit/shim/pattern-learner.test.ts > PatternLearner > recordImprovement > creates a pattern entry for a new pattern key 4ms
 ✓ lib/__tests__/unit/shim/pattern-learner.test.ts > PatternLearner > recordImprovement > accumulates multiple patterns correctly 2ms
 ✓ lib/__tests__/unit/shim/pattern-learner.test.ts > PatternLearner > learnPatterns — successRate > computes successRate as fraction of successes 3ms
 ✓ lib/__tests__/unit/shim/pattern-learner.test.ts > PatternLearner > learnPatterns — successRate > sets frequency to total occurrence count 2ms
 ✓ lib/__tests__/unit/shim/pattern-learner.test.ts > PatternLearner > learnPatterns — successRate > computes averageImpact correctly 1ms
 ✓ lib/__tests__/unit/shim/pattern-learner.test.ts > PatternLearner > predictSuccess > returns empty array when no patterns exist 2ms
 ✓ lib/__tests__/unit/shim/pattern-learner.test.ts > PatternLearner > predictSuccess > returns predictions sorted by confidence descending 5ms
 ✓ lib/__tests__/unit/shim/pattern-learner.test.ts > PatternLearner > predictSuccess > confidence is 0 for 0% success rate pattern 1ms
 ✓ lib/__tests__/unit/shim/pattern-learner.test.ts > PatternLearner > predictSuccess > includes reasoning string with pattern name, success rate, and similarity 1ms
 ✓ lib/__tests__/unit/shim/pattern-learner.test.ts > PatternLearner > getTopPatterns > returns at most limit patterns 10ms
 ✓ lib/__tests__/unit/shim/pattern-learner.test.ts > PatternLearner > getTopPatterns > returns fewer than limit when fewer patterns exist 1ms
 ✓ lib/__tests__/unit/shim/pattern-learner.test.ts > PatternLearner > getPatternStats > returns zeros for empty learner 1ms
 ✓ lib/__tests__/unit/shim/pattern-learner.test.ts > PatternLearner > getPatternStats > averageSuccessRate averages across patterns 1ms
 ✓ lib/focus/__tests__/focus-tracker.test.ts > initial state > starts as idle 8ms
 ✓ lib/focus/__tests__/focus-tracker.test.ts > idle → browsing > click event transitions to browsing 3ms
 ✓ lib/focus/__tests__/focus-tracker.test.ts > idle → browsing > scroll event transitions to browsing 2ms
 ✓ lib/focus/__tests__/focus-tracker.test.ts > idle/browsing → composing > keydown transitions from idle to composing 1ms
 ✓ lib/focus/__tests__/focus-tracker.test.ts > idle/browsing → composing > keydown transitions from browsing to composing 1ms
 ✓ lib/focus/__tests__/focus-tracker.test.ts > composing → deep_work (sustained typing) > sustained typing for > 60s transitions to deep_work 2ms
 ✓ lib/focus/__tests__/focus-tracker.test.ts > composing → deep_work (sustained typing) > 3+ messages in 2min window transitions to deep_work 2ms
 ✓ lib/focus/__tests__/focus-tracker.test.ts > composing → idle (timeout) > no keydown for > 30s drops from composing to idle 3ms
 ✓ lib/focus/__tests__/focus-tracker.test.ts > any state → idle (inactivity) > no events for > 5min returns to idle 2ms
 ✓ lib/focus/__tests__/focus-tracker.test.ts > onFocusChange > fires callback when state changes 4ms
 ✓ lib/focus/__tests__/focus-tracker.test.ts > onFocusChange > returns unsubscribe function that stops callbacks 1ms
 ✓ lib/focus/__tests__/focus-tracker.test.ts > onFocusChange > does not fire when state does not change 1ms
 ✓ lib/focus/__tests__/focus-tracker.test.ts > resetFocusState > resets to idle regardless of prior state 1ms
 ✓ lib/__tests__/unit/proactive.test.ts > checkOnInput > returns empty array for messages shorter than 50 chars 6ms
 ✓ lib/__tests__/unit/proactive.test.ts > checkOnInput > returns empty array for exactly 49-char message 1ms
 ✓ lib/__tests__/unit/proactive.test.ts > checkOnInput > proceeds for message of exactly 50 chars 2ms
 ✓ lib/__tests__/unit/proactive.test.ts > checkOnInput > queries vector index at onInputSuggestion threshold 5ms
 ✓ lib/__tests__/unit/proactive.test.ts > checkOnInput > skips suppressed candidates 2ms
 ✓ lib/__tests__/unit/proactive.test.ts > checkOnInput > excludes candidates with displayScore below 0.70 1ms
 ✓ lib/__tests__/unit/proactive.test.ts > checkOnInput > includes candidates with displayScore exactly 0.70 1ms
 ✓ lib/__tests__/unit/proactive.test.ts > checkOnInput > calls insertSuggestion for each qualifying candidate 2ms
 ✓ lib/__tests__/unit/proactive.test.ts > checkOnInput > uses the insertSuggestion-returned id as suggestion.id 1ms
 ✓ lib/__tests__/unit/proactive.test.ts > checkOnInput > returns at most 2 suggestions 1ms
 ✓ lib/__tests__/unit/proactive.test.ts > checkOnInput > returns suggestions sorted by displayScore descending 1ms
 ✓ lib/__tests__/unit/proactive.test.ts > checkOnInput > returns empty array when no candidates found 0ms
 ✓ lib/__tests__/unit/vector.test.ts > ensureVecIndex() > calls load(db) and db.exec() on first operation 6ms
 ✓ lib/__tests__/unit/vector.test.ts > ensureVecIndex() > calls load(db) only once across multiple vector operations (singleton guard) 1ms
 ✓ lib/__tests__/unit/vector.test.ts > upsertVector() > calls db.prepare() with INSERT OR REPLACE INTO vec_index 2ms
 ✓ lib/__tests__/unit/vector.test.ts > upsertVector() > calls stmt.run() with chunkId string and Buffer embedding 1ms
 ✓ lib/__tests__/unit/vector.test.ts > upsertVector() > Buffer has the same byte length as Float32Array 1ms
 ✓ lib/__tests__/unit/vector.test.ts > upsertVector() > resolves without error for valid inputs 2ms
 ✓ lib/__tests__/unit/vector.test.ts > searchSimilar() > returns [] when db returns no rows 2ms
 ✓ lib/__tests__/unit/vector.test.ts > searchSimilar() > maps rows to VectorSearchResult with chunkId, distance, similarity 3ms
 ✓ lib/__tests__/unit/vector.test.ts > searchSimilar() > similarity = 1 - distance for each row 1ms
 ✓ lib/__tests__/unit/vector.test.ts > searchSimilar() > calls db.prepare with SELECT chunk_id, distance FROM vec_index 1ms
 ✓ lib/__tests__/unit/vector.test.ts > searchSimilar() > passes k as the LIMIT parameter 0ms
 ✓ lib/__tests__/unit/vector.test.ts > searchSimilar() > passes embedding as a Buffer 1ms
 ✓ lib/__tests__/unit/vector.test.ts > deleteVector() > calls db.prepare with DELETE FROM vec_index WHERE chunk_id = ? 1ms
 ✓ lib/__tests__/unit/vector.test.ts > deleteVector() > calls stmt.run with the chunkId 1ms
 ✓ lib/__tests__/unit/vector.test.ts > deleteVector() > resolves without error 1ms
 ✓ lib/__tests__/unit/vector.test.ts > findSimilarChunks() > returns [] when embed() returns empty (text too short) 2ms
 ✓ lib/__tests__/unit/vector.test.ts > findSimilarChunks() > returns [] when searchSimilar returns no rows 1ms
 ✓ lib/__tests__/unit/vector.test.ts > findSimilarChunks() > filters out results below minSimilarity 1ms
 ✓ lib/__tests__/unit/vector.test.ts > findSimilarChunks() > enriches results with content, sourceType, sourceId from content_chunks 3ms
 ✓ lib/__tests__/unit/vector.test.ts > findSimilarChunks() > skips chunks where content_chunks row is missing (GET returns null) 1ms
 ✓ lib/__tests__/unit/vector.test.ts > findSimilarChunks() > queries content_chunks with SELECT content, source_type, source_id 1ms
 ✓ lib/portfolio/__tests__/sprint25.test.ts > inferProjectType — high confidence (code markers) > detects TypeScript project from tsconfig.json 4ms
 ✓ lib/portfolio/__tests__/sprint25.test.ts > inferProjectType — high confidence (code markers) > detects Rust project from Cargo.toml 1ms
 ✓ lib/portfolio/__tests__/sprint25.test.ts > inferProjectType — high confidence (code markers) > detects Go project from go.mod 1ms
 ✓ lib/portfolio/__tests__/sprint25.test.ts > inferProjectType — high confidence (code markers) > detects Python project from pyproject.toml 1ms
 ✓ lib/portfolio/__tests__/sprint25.test.ts > inferProjectType — high confidence (code markers) > detects Java project from pom.xml 1ms
 ✓ lib/portfolio/__tests__/sprint25.test.ts > inferProjectType — high confidence (code markers) > detects .NET project from .csproj 1ms
 ✓ lib/portfolio/__tests__/sprint25.test.ts > inferProjectType — high confidence (code markers) > detects Node.js project from package.json 0ms
 ✓ lib/portfolio/__tests__/sprint25.test.ts > inferProjectType — medium confidence (content-based) > infers research from doc-heavy file distribution 0ms
 ✓ lib/portfolio/__tests__/sprint25.test.ts > inferProjectType — medium confidence (content-based) > infers business from office-heavy file distribution 1ms
 ✓ lib/portfolio/__tests__/sprint25.test.ts > inferProjectType — medium confidence (content-based) > infers creative from media-heavy file distribution 0ms
 ✓ lib/portfolio/__tests__/sprint25.test.ts > inferProjectType — low confidence (custom) > falls back to custom when no markers match 0ms
 ✓ lib/portfolio/__tests__/sprint25.test.ts > getDependencyWarnings > returns empty array for a clean directory 4ms
 ✓ lib/portfolio/__tests__/sprint25.test.ts > getDependencyWarnings > returns large-directory warning when a subdir exceeds threshold 1ms
 ✓ lib/portfolio/__tests__/sprint25.test.ts > getOnboardingQuestions — question selection by confidence > returns 2 confirming questions for high confidence code project 3ms
 ✓ lib/portfolio/__tests__/sprint25.test.ts > getOnboardingQuestions — question selection by confidence > returns 4 domain questions for medium confidence research 1ms
 ✓ lib/portfolio/__tests__/sprint25.test.ts > getOnboardingQuestions — question selection by confidence > returns 4 business questions for medium confidence business 1ms
 ✓ lib/portfolio/__tests__/sprint25.test.ts > getOnboardingQuestions — question selection by confidence > returns 4 creative questions for medium confidence creative 1ms
 ✓ lib/portfolio/__tests__/sprint25.test.ts > getOnboardingQuestions — question selection by confidence > returns 5 core questions for low confidence custom type 1ms
 ✓ lib/portfolio/__tests__/sprint25.test.ts > getOnboardingQuestions — question selection by confidence > all questions have non-empty id and question string 1ms
 ✓ lib/portfolio/__tests__/sprint25.test.ts > generateDnaFromAnswers — DNA structure > produces valid YAML string for code project 3ms
 ✓ lib/portfolio/__tests__/sprint25.test.ts > generateDnaFromAnswers — DNA structure > produces correct metrics for research project 1ms
 ✓ lib/portfolio/__tests__/sprint25.test.ts > generateDnaFromAnswers — DNA structure > produces correct metrics for custom project 0ms
 ✓ lib/portfolio/__tests__/sprint25.test.ts > generateDnaFromAnswers — DNA structure > always includes PROJECT_DNA.yaml and STATUS.md in documents 2ms
 ✓ lib/portfolio/__tests__/sprint25.test.ts > generateDnaFromAnswers — DNA structure > uses folder name as project name fallback when name is empty 0ms
 ✓ lib/portfolio/__tests__/sprint25.test.ts > generateDnaFromAnswers — DNA structure > uses purpose as identity.purpose when research_question is absent 0ms
 ✓ lib/portfolio/__tests__/sprint25.test.ts > Archive deletion guard logic > blocks deletion when verified_by_user = 0 0ms
 ✓ lib/portfolio/__tests__/sprint25.test.ts > Archive deletion guard logic > blocks deletion when verified_by_user = -1 (invalid) 0ms
 ✓ lib/portfolio/__tests__/sprint25.test.ts > Archive deletion guard logic > permits deletion only when verified_by_user = 1 0ms
 ✓ lib/portfolio/__tests__/sprint25.test.ts > Archive deletion guard logic > blocks deletion for non-integer truthy value (type coercion guard) 0ms
 ✓ lib/portfolio/__tests__/sprint25.test.ts > ProjectType label mapping > type 'code' maps to label 'Code' 0ms
 ✓ lib/portfolio/__tests__/sprint25.test.ts > ProjectType label mapping > type 'research' maps to label 'Research' 0ms
 ✓ lib/portfolio/__tests__/sprint25.test.ts > ProjectType label mapping > type 'business' maps to label 'Business' 0ms
 ✓ lib/portfolio/__tests__/sprint25.test.ts > ProjectType label mapping > type 'creative' maps to label 'Creative' 0ms
 ✓ lib/portfolio/__tests__/sprint25.test.ts > ProjectType label mapping > type 'custom' maps to label 'Custom' 0ms
 ✓ lib/__tests__/integration/phase3-integration.test.ts > Embedding pipeline (3A → 3B wiring) > persistEmbeddingsFull writes a content_chunks row for each record 4ms
 ✓ lib/__tests__/integration/phase3-integration.test.ts > Embedding pipeline (3A → 3B wiring) > persistEmbeddingsFull calls upsertVector for each record 6ms
 ✓ lib/__tests__/integration/phase3-integration.test.ts > Embedding pipeline (3A → 3B wiring) > persistEmbeddingsFull is a no-op for empty records array 1ms
 ✓ lib/__tests__/integration/phase3-integration.test.ts > Feedback loop (3E — calibration triggered at threshold) > triggers calibration after 100 feedback events 1ms
 ✓ lib/__tests__/integration/phase3-integration.test.ts > Feedback loop (3E — calibration triggered at threshold) > does not trigger calibration below 100 events 0ms
 ✓ lib/__tests__/integration/phase3-integration.test.ts > Suppress-then-hide cycle > isSuppressed returns true after 3 dismissals in 48h window 1ms
 ✓ lib/__tests__/integration/phase3-integration.test.ts > Suppress-then-hide cycle > rankAndFilter excludes suppressed chunks 1ms
 ✓ lib/__tests__/integration/phase3-integration.test.ts > Suppress-then-hide cycle > non-suppressed chunks are still surfaced after others are suppressed 1ms
 ✓ lib/__tests__/integration/phase3-integration.test.ts > Gate interception (3F wiring) > returns shouldIntercept: true when similar chunks exist above threshold 2ms
 ✓ lib/__tests__/integration/phase3-integration.test.ts > Gate interception (3F wiring) > returns shouldIntercept: false when no similar chunks exist 1ms
 ✓ lib/__tests__/integration/phase3-integration.test.ts > Surfacing max-2 cap (3E rankAndFilter) > returns at most 2 suggestions from 10 candidates 2ms
 ✓ lib/memory/__tests__/shimmer-query.test.ts > extractTokens > returns meaningful tokens, filtered and lowercased 6ms
 ✓ lib/memory/__tests__/shimmer-query.test.ts > extractTokens > strips punctuation 1ms
 ✓ lib/memory/__tests__/shimmer-query.test.ts > extractTokens > filters tokens shorter than 3 characters 2ms
 ✓ lib/memory/__tests__/shimmer-query.test.ts > extractTokens > returns empty array for empty string 2ms
 ✓ lib/memory/__tests__/shimmer-query.test.ts > extractTokens > deduplicates repeated tokens 1ms
 ✓ lib/memory/__tests__/shimmer-query.test.ts > queryShimmerMatches > returns empty array for input shorter than 10 chars 2ms
 ✓ lib/memory/__tests__/shimmer-query.test.ts > queryShimmerMatches > returns empty array when fewer than 3 meaningful tokens 1ms
 ✓ lib/memory/__tests__/shimmer-query.test.ts > queryShimmerMatches > returns matches for tokens found in messages FTS5 3ms
 ✓ lib/memory/__tests__/shimmer-query.test.ts > queryShimmerMatches > falls through to decisions when no message match 1ms
 ✓ lib/memory/__tests__/shimmer-query.test.ts > queryShimmerMatches > returns empty for tokens with no FTS5 matches 1ms
 ✓ lib/memory/__tests__/shimmer-query.test.ts > queryShimmerMatches > positions startIndex/endIndex correctly 1ms
 ✓ lib/memory/__tests__/shimmer-query.test.ts > queryShimmerMatches > deduplicates overlapping matches (first match wins) 1ms
 ✓ lib/memory/__tests__/shimmer-query.test.ts > queryShimmerMatches > limits to first 5 tokens (budget guard) 1ms
 ✓ lib/memory/__tests__/shimmer-query.test.ts > queryShimmerMatches > handles FTS5 query errors gracefully (skips bad tokens) 2ms
 ✓ lib/memory/__tests__/shimmer-query.test.ts > queryShimmerMatches > word boundary matching — does not match partial words 1ms
 ✓ lib/transit/learning/__tests__/registry.test.ts > storeInsight > calls db.prepare once and db.run once 4ms
 ✓ lib/transit/learning/__tests__/registry.test.ts > storeInsight > passes correct positional values to run() 2ms
 ✓ lib/transit/learning/__tests__/registry.test.ts > storeInsight > serializes adjustment as a JSON string 3ms
 ✓ lib/transit/learning/__tests__/registry.test.ts > storeInsight > rounds fractional confidence to integer 1ms
 ✓ lib/transit/learning/__tests__/registry.test.ts > storeInsight > uses UPSERT SQL (ON CONFLICT ... DO UPDATE) 1ms
 ✓ lib/transit/learning/__tests__/registry.test.ts > applyInsight > calls run() with afterState, a numeric timestamp, and the id 1ms
 ✓ lib/transit/learning/__tests__/registry.test.ts > applyInsight > SQL sets status = applied 0ms
 ✓ lib/transit/learning/__tests__/registry.test.ts > dismissInsight > calls run() with just the id 3ms
 ✓ lib/transit/learning/__tests__/registry.test.ts > dismissInsight > SQL sets status = dismissed 1ms
 ✓ lib/transit/learning/__tests__/registry.test.ts > rollbackInsight > returns beforeState when insight exists 1ms
 ✓ lib/transit/learning/__tests__/registry.test.ts > rollbackInsight > makes two DB calls: SELECT then UPDATE 1ms
 ✓ lib/transit/learning/__tests__/registry.test.ts > rollbackInsight > passes the insight id to the UPDATE run() call 0ms
 ✓ lib/transit/learning/__tests__/registry.test.ts > rollbackInsight > throws when insight is not found 1ms
 ✓ lib/transit/learning/__tests__/registry.test.ts > rollbackInsight > does not call UPDATE when insight not found 0ms
 ✓ lib/transit/learning/__tests__/registry.test.ts > decayExpiredInsights > returns the number of rows changed 0ms
 ✓ lib/transit/learning/__tests__/registry.test.ts > decayExpiredInsights > returns 0 when no rows expired 0ms
 ✓ lib/transit/learning/__tests__/registry.test.ts > decayExpiredInsights > passes a numeric timestamp as the first argument 0ms
 ✓ lib/transit/learning/__tests__/registry.test.ts > decayExpiredInsights > SQL sets status = expired and targets proposed and approved rows 1ms
 ✓ lib/transit/learning/__tests__/registry.test.ts > getAllInsights > returns empty array when DB returns no rows 1ms
 ✓ lib/transit/learning/__tests__/registry.test.ts > getAllInsights > deserializes DB rows into LearningInsight objects 1ms
 ✓ lib/transit/learning/__tests__/registry.test.ts > getAllInsights > parses adjustment JSON into an object (not a string) 0ms
 ✓ lib/transit/learning/__tests__/registry.test.ts > getAllInsights > preserves null after_state 0ms
 ✓ lib/transit/learning/__tests__/registry.test.ts > getAllInsights > preserves null applied_at 0ms
 ✓ lib/transit/learning/__tests__/registry.test.ts > getAllInsights > returns multiple rows in order 1ms
 ✓ lib/transit/learning/__tests__/registry.test.ts > getInsightsByStatus > returns empty array when DB returns no rows 0ms
 ✓ lib/transit/learning/__tests__/registry.test.ts > getInsightsByStatus > passes status value as a query argument 2ms
 ✓ lib/transit/learning/__tests__/registry.test.ts > getInsightsByStatus > deserializes rows into LearningInsight objects 1ms
 ✓ lib/transit/learning/__tests__/registry.test.ts > getInsightsByStatus > works for each valid status value 1ms
 ✓ lib/transit/__tests__/registry.test.ts > EVENT_REGISTRY > has at least 25 event type definitions 3ms
 ✓ lib/transit/__tests__/registry.test.ts > EVENT_REGISTRY > every definition has required fields: id, category, name, learnable, marker 12ms
 ✓ lib/transit/__tests__/registry.test.ts > EVENT_REGISTRY > every category is one of the 5 valid values 4ms
 ✓ lib/transit/__tests__/registry.test.ts > EVENT_REGISTRY > every marker shape matches the expected shape for its category 2ms
 ✓ lib/transit/__tests__/registry.test.ts > EVENT_REGISTRY > every marker size is one of: small | medium | large | landmark 2ms
 ✓ lib/transit/__tests__/registry.test.ts > EVENT_REGISTRY > no duplicate event type IDs 0ms
 ✓ lib/transit/__tests__/registry.test.ts > category coverage > has at least 1 flow event type 0ms
 ✓ lib/transit/__tests__/registry.test.ts > category coverage > has at least 1 quality event type 0ms
 ✓ lib/transit/__tests__/registry.test.ts > category coverage > has at least 1 system event type 1ms
 ✓ lib/transit/__tests__/registry.test.ts > category coverage > has at least 1 context event type 0ms
 ✓ lib/transit/__tests__/registry.test.ts > category coverage > has at least 1 cognitive event type 0ms
 ✓ lib/transit/__tests__/registry.test.ts > getEventType() > returns the correct definition for a known event type 1ms
 ✓ lib/transit/__tests__/registry.test.ts > getEventType() > returns undefined for an unknown event type 0ms
 ✓ lib/transit/__tests__/registry.test.ts > getEventType() > returns the correct definition for flow.message 0ms
 ✓ lib/transit/__tests__/registry.test.ts > getAllEventTypes() > returns the full registry array 0ms
 ✓ lib/transit/__tests__/registry.test.ts > getEventTypesByCategory() > returns only definitions for the requested category 0ms
 ✓ lib/transit/__tests__/registry.test.ts > getEventTypesByCategory() > returns empty array for an unknown category value 1ms
 ✓ lib/transit/__tests__/registry.test.ts > scrollbar landmark entries > flow.topic_shift has a scrollbar definition 0ms
 ✓ lib/transit/__tests__/registry.test.ts > scrollbar landmark entries > cognitive.artifact_generated has a scrollbar definition 0ms
 ✓ lib/transit/__tests__/registry.test.ts > scrollbar landmark entries > quality.interruption has a scrollbar definition 0ms
 ✓ lib/transit/__tests__/registry.test.ts > scrollbar landmark entries > system.gate_trigger has a scrollbar definition 0ms
 ✓ lib/transit/__tests__/registry.test.ts > scrollbar landmark entries > flow.branch_fork has a scrollbar definition 0ms
 ✓ lib/transit/__tests__/registry.test.ts > scrollbar landmark entries > flow.message has a scrollbar definition 0ms
 ✓ lib/transit/__tests__/registry.test.ts > scrollbar landmark entries > flow.message scrollbar has a user-only filter 0ms
 ✓ lib/decision-gate/__tests__/trigger-detector-s19.test.ts > detectAppendOnlyViolation > fires on UPDATE action_journal SET 4ms
 ✓ lib/decision-gate/__tests__/trigger-detector-s19.test.ts > detectAppendOnlyViolation > fires on DELETE FROM action_journal 1ms
 ✓ lib/decision-gate/__tests__/trigger-detector-s19.test.ts > detectAppendOnlyViolation > fires on DELETE FROM learning_insights 1ms
 ✓ lib/decision-gate/__tests__/trigger-detector-s19.test.ts > detectAppendOnlyViolation > fires on DROP TABLE action_journal 1ms
 ✓ lib/decision-gate/__tests__/trigger-detector-s19.test.ts > detectAppendOnlyViolation > fires on edit audit log 0ms
 ✓ lib/decision-gate/__tests__/trigger-detector-s19.test.ts > detectAppendOnlyViolation > fires on clear audit history 0ms
 ✓ lib/decision-gate/__tests__/trigger-detector-s19.test.ts > detectAppendOnlyViolation > does NOT fire on SELECT from action_journal 1ms
 ✓ lib/decision-gate/__tests__/trigger-detector-s19.test.ts > detectAppendOnlyViolation > does NOT fire on INSERT into action_journal 0ms
 ✓ lib/decision-gate/__tests__/trigger-detector-s19.test.ts > detectAppendOnlyViolation > does NOT fire when no assistant message 1ms
 ✓ lib/decision-gate/__tests__/trigger-detector-s19.test.ts > detectReversibilityMissing > fires on fs_write without journal mention 1ms
 ✓ lib/decision-gate/__tests__/trigger-detector-s19.test.ts > detectReversibilityMissing > fires on overwrite without backup mention 0ms
 ✓ lib/decision-gate/__tests__/trigger-detector-s19.test.ts > detectReversibilityMissing > does NOT fire when journal is mentioned alongside fs_write 0ms
 ✓ lib/decision-gate/__tests__/trigger-detector-s19.test.ts > detectReversibilityMissing > does NOT fire when undo is mentioned 0ms
 ✓ lib/decision-gate/__tests__/trigger-detector-s19.test.ts > detectReversibilityMissing > does NOT fire when backup is mentioned 0ms
 ✓ lib/decision-gate/__tests__/trigger-detector-s19.test.ts > detectReversibilityMissing > does NOT fire for normal assistant messages without file ops 0ms
 ✓ lib/decision-gate/__tests__/trigger-detector-s19.test.ts > detectReversibilityMissing > does NOT fire when no assistant message 0ms
 ✓ lib/decision-gate/__tests__/trigger-detector-s19.test.ts > detectDeepWorkInterruption > fires on status request during high-velocity session 0ms
 ✓ lib/decision-gate/__tests__/trigger-detector-s19.test.ts > detectDeepWorkInterruption > fires on progress update request during high-velocity session 0ms
 ✓ lib/decision-gate/__tests__/trigger-detector-s19.test.ts > detectDeepWorkInterruption > fires on summary request during high-velocity session 1ms
 ✓ lib/decision-gate/__tests__/trigger-detector-s19.test.ts > detectDeepWorkInterruption > does NOT fire during low-velocity session (< 6 messages) 0ms
 ✓ lib/decision-gate/__tests__/trigger-detector-s19.test.ts > detectDeepWorkInterruption > does NOT fire on normal task message during high-velocity session 1ms
 ✓ lib/decision-gate/__tests__/trigger-detector-s19.test.ts > detectDeepWorkInterruption > does NOT fire when no messages 0ms
 ✓ lib/ghost/__tests__/privacy.test.ts > Layer 1 — path exclusions > excludes .env files 4ms
 ✓ lib/ghost/__tests__/privacy.test.ts > Layer 1 — path exclusions > excludes .pem files 1ms
 ✓ lib/ghost/__tests__/privacy.test.ts > Layer 1 — path exclusions > excludes .key files 1ms
 ✓ lib/ghost/__tests__/privacy.test.ts > Layer 1 — path exclusions > excludes files in .ssh directory 2ms
 ✓ lib/ghost/__tests__/privacy.test.ts > Layer 1 — path exclusions > excludes files in secrets directory 1ms
 ✓ lib/ghost/__tests__/privacy.test.ts > Layer 1 — path exclusions > excludes files with "password" in the name 1ms
 ✓ lib/ghost/__tests__/privacy.test.ts > Layer 1 — path exclusions > excludes files with "secret" in the name 0ms
 ✓ lib/ghost/__tests__/privacy.test.ts > Layer 1 — path exclusions > excludes files with "token" in the name 1ms
 ✓ lib/ghost/__tests__/privacy.test.ts > Layer 1 — path exclusions > does NOT exclude a normal TypeScript file 1ms
 ✓ lib/ghost/__tests__/privacy.test.ts > Layer 1 — path exclusions > does NOT exclude a README in the project root 0ms
 ✓ lib/ghost/__tests__/privacy.test.ts > Layer 1 — content exclusions > excludes content containing BEGIN PRIVATE KEY 0ms
 ✓ lib/ghost/__tests__/privacy.test.ts > Layer 1 — content exclusions > excludes content containing BEGIN RSA PRIVATE KEY 0ms
 ✓ lib/ghost/__tests__/privacy.test.ts > Layer 1 — content exclusions > excludes content containing BEGIN OPENSSH PRIVATE KEY 0ms
 ✓ lib/ghost/__tests__/privacy.test.ts > Layer 1 — content exclusions > does NOT exclude normal source code 0ms
 ✓ lib/ghost/__tests__/privacy.test.ts > Luhn algorithm > validates a known-good Visa test number 0ms
 ✓ lib/ghost/__tests__/privacy.test.ts > Luhn algorithm > validates a known-good Mastercard test number 0ms
 ✓ lib/ghost/__tests__/privacy.test.ts > Luhn algorithm > rejects an invalid card number 0ms
 ✓ lib/ghost/__tests__/privacy.test.ts > Luhn algorithm > rejects all-same-digit sequences 2ms
 ✓ lib/ghost/__tests__/privacy.test.ts > Luhn algorithm > rejects sequential runs 1ms
 ✓ lib/ghost/__tests__/privacy.test.ts > Luhn algorithm > detects a valid card in text (with spaces) 0ms
 ✓ lib/ghost/__tests__/privacy.test.ts > Layer 2 — PII scanner > detects SSN pattern 1ms
 ✓ lib/ghost/__tests__/privacy.test.ts > Layer 2 — PII scanner > does NOT flag version strings as SSN 1ms
 ✓ lib/ghost/__tests__/privacy.test.ts > Layer 2 — PII scanner > detects valid credit card (Luhn pass) 0ms
 ✓ lib/ghost/__tests__/privacy.test.ts > Layer 2 — PII scanner > does NOT flag invalid credit card (Luhn fail) 1ms
 ✓ lib/ghost/__tests__/privacy.test.ts > Layer 2 — PII scanner > detects OpenAI/Anthropic sk- key 0ms
 ✓ lib/ghost/__tests__/privacy.test.ts > Layer 2 — PII scanner > detects GitHub personal access token (ghp_) 0ms
 ✓ lib/ghost/__tests__/privacy.test.ts > Layer 2 — PII scanner > detects AWS access key (AKIA) 0ms
 ✓ lib/ghost/__tests__/privacy.test.ts > Layer 2 — PII scanner > detects Slack xoxb token 0ms
 ✓ lib/ghost/__tests__/privacy.test.ts > Layer 2 — PII scanner > does NOT flag normal code without secrets 0ms
 ✓ lib/ghost/__tests__/privacy.test.ts > Layer 3 — contextual defaults > excludes files in medical directory 0ms
 ✓ lib/ghost/__tests__/privacy.test.ts > Layer 3 — contextual defaults > excludes files in legal directory 0ms
 ✓ lib/ghost/__tests__/privacy.test.ts > Layer 3 — contextual defaults > does NOT exclude files in normal project dirs 0ms
 ✓ lib/ghost/__tests__/privacy.test.ts > Layer 3 — contextual defaults > excludes email with attorney-client subject 0ms
 ✓ lib/ghost/__tests__/privacy.test.ts > Layer 3 — contextual defaults > excludes email with privileged subject 0ms
 ✓ lib/ghost/__tests__/privacy.test.ts > Layer 3 — contextual defaults > excludes email with confidential subject 0ms
 ✓ lib/ghost/__tests__/privacy.test.ts > Layer 3 — contextual defaults > does NOT exclude normal email subject 0ms
 ✓ lib/ghost/__tests__/privacy.test.ts > NOT_EXCLUDED constant > has excluded: false 2ms
 ✓ lib/__tests__/unit/warm-cache.test.ts > buildWarmCache() > queries content_chunks with SELECT id WHERE created_at > ? 5ms
 ✓ lib/__tests__/unit/warm-cache.test.ts > buildWarmCache() > passes a timestamp from ~30 days ago to the query 1ms
 ✓ lib/__tests__/unit/warm-cache.test.ts > buildWarmCache() > marks cache as ready after build 2ms
 ✓ lib/__tests__/unit/warm-cache.test.ts > buildWarmCache() > handles empty content_chunks result gracefully 2ms
 ✓ lib/__tests__/unit/warm-cache.test.ts > buildWarmCache() > loads embeddings from vec_index for returned chunk IDs 2ms
 ✓ lib/__tests__/unit/warm-cache.test.ts > buildWarmCache() > skips chunks whose vec_index entry is missing 2ms
 ✓ lib/__tests__/unit/warm-cache.test.ts > buildWarmCache() > calls ensureVecIndex before querying vec_index 1ms
 ✓ lib/__tests__/unit/warm-cache.test.ts > searchWarmCache() > returns [] before buildWarmCache() is called 1ms
 ✓ lib/__tests__/unit/warm-cache.test.ts > searchWarmCache() > returns results sorted by similarity descending 2ms
 ✓ lib/__tests__/unit/warm-cache.test.ts > searchWarmCache() > returns at most k results 2ms
 ✓ lib/__tests__/unit/warm-cache.test.ts > searchWarmCache() > result distance = 1 - similarity 1ms
 ✓ lib/__tests__/unit/warm-cache.test.ts > isWarmCacheReady() > returns false before buildWarmCache() is called 0ms
 ✓ lib/__tests__/unit/warm-cache.test.ts > isWarmCacheReady() > returns true after buildWarmCache() resolves 0ms
 ✓ lib/transit/__tests__/sankey.test.ts > getQualityColor > returns green for positive 4ms
 ✓ lib/transit/__tests__/sankey.test.ts > getQualityColor > returns frost for neutral 1ms
 ✓ lib/transit/__tests__/sankey.test.ts > getQualityColor > returns amber for attention 0ms
 ✓ lib/transit/__tests__/sankey.test.ts > getQualityColor > returns red for negative 1ms
 ✓ lib/transit/__tests__/sankey.test.ts > scaleLinkWidth > returns min width for 0 tokens 1ms
 ✓ lib/transit/__tests__/sankey.test.ts > scaleLinkWidth > returns max width for max tokens 0ms
 ✓ lib/transit/__tests__/sankey.test.ts > scaleLinkWidth > returns min width when maxTokenVolume is 0 0ms
 ✓ lib/transit/__tests__/sankey.test.ts > scaleLinkWidth > scales linearly for mid-range values 1ms
 ✓ lib/transit/__tests__/sankey.test.ts > buildSankeyGraph > returns single empty segment for empty conversation 5ms
 ✓ lib/transit/__tests__/sankey.test.ts > buildSankeyGraph > builds correct segments from 3 stations → 4 segments 3ms
 ✓ lib/transit/__tests__/sankey.test.ts > buildSankeyGraph > aggregates token counts correctly per segment 1ms
 ✓ lib/transit/__tests__/sankey.test.ts > buildSankeyGraph > quality signal reflects worst quality event in segment 1ms
 ✓ lib/transit/__tests__/sankey.test.ts > buildSankeyGraph > positive quality signal from copy_event when no negative events 1ms
 ✓ lib/transit/__tests__/sankey.test.ts > buildSankeyGraph > branch fork creates parallel segments 1ms
 ✓ lib/transit/__tests__/sankey.test.ts > buildSankeyGraph > no stations → one big segment spanning full conversation 1ms
 ✓ lib/transit/__tests__/sankey.test.ts > buildSankeyGraph > pure function: same inputs always produce same outputs 1ms
 ✓ lib/transit/__tests__/sankey.test.ts > buildSankeyGraph > builds links between consecutive trunk nodes 1ms
 ✓ lib/transit/__tests__/sankey.test.ts > buildSankeyGraph > link qualityColor matches source node quality signal color 0ms
 ✓ lib/agent-sdk/__tests__/action-journal.test.ts > journalBeforeWrite > returns an entry ID 5ms
 ✓ lib/agent-sdk/__tests__/action-journal.test.ts > journalBeforeWrite > captures null before_state for new files 1ms
 ✓ lib/agent-sdk/__tests__/action-journal.test.ts > journalBeforeWrite > captures existing file contents as before_state 1ms
 ✓ lib/agent-sdk/__tests__/action-journal.test.ts > journalBeforeWrite > sets action_type to file_write 1ms
 ✓ lib/agent-sdk/__tests__/action-journal.test.ts > journalBeforeWrite > sets reversible = 1 1ms
 ✓ lib/agent-sdk/__tests__/action-journal.test.ts > journalBeforeWrite > sets undone = 0 1ms
 ✓ lib/agent-sdk/__tests__/action-journal.test.ts > journalBeforeWrite > stores the session_id 1ms
 ✓ lib/agent-sdk/__tests__/action-journal.test.ts > journalAfterWrite > updates after_state with current file content 1ms
 ✓ lib/agent-sdk/__tests__/action-journal.test.ts > journalAfterWrite > does not throw when file does not exist after write 3ms
 ✓ lib/agent-sdk/__tests__/action-journal.test.ts > journalCommand > returns an entry ID 1ms
 ✓ lib/agent-sdk/__tests__/action-journal.test.ts > journalCommand > stores the command 0ms
 ✓ lib/agent-sdk/__tests__/action-journal.test.ts > journalCommand > sets reversible = 0 0ms
 ✓ lib/agent-sdk/__tests__/action-journal.test.ts > journalCommand > sets action_type to command for run_command tool 0ms
 ✓ lib/agent-sdk/__tests__/action-journal.test.ts > journalCommand > sets action_type to git_commit for git_commit tool 0ms
 ✓ lib/agent-sdk/__tests__/action-journal.test.ts > journalCommand > stores afterState when provided 0ms
 ✓ lib/agent-sdk/__tests__/action-journal.test.ts > undoAction > restores file contents from before_state 1ms
 ✓ lib/agent-sdk/__tests__/action-journal.test.ts > undoAction > deletes file when before_state is null (new file) 2ms
 ✓ lib/agent-sdk/__tests__/action-journal.test.ts > undoAction > marks entry as undone after successful undo 0ms
 ✓ lib/agent-sdk/__tests__/action-journal.test.ts > undoAction > returns failure when entry not found 0ms
 ✓ lib/agent-sdk/__tests__/action-journal.test.ts > undoAction > returns failure when already undone 0ms
 ✓ lib/agent-sdk/__tests__/action-journal.test.ts > undoAction > returns failure for non-reversible commands 0ms
 ✓ lib/agent-sdk/__tests__/action-journal.test.ts > getSessionActions > returns entries for the given session 2ms
 ✓ lib/agent-sdk/__tests__/action-journal.test.ts > getSessionActions > returns entries newest-first 1ms
 ✓ lib/agent-sdk/__tests__/action-journal.test.ts > getSessionActions > returns empty array when no entries exist 1ms
 ✓ lib/__tests__/unit/gate.test.ts > checkBeforeManifest > returns shouldIntercept=false when no matches found 8ms
 ✓ lib/__tests__/unit/gate.test.ts > checkBeforeManifest > returns shouldIntercept=true when matches found 1ms
 ✓ lib/__tests__/unit/gate.test.ts > checkBeforeManifest > passes combined title+description as queryText 3ms
 ✓ lib/__tests__/unit/gate.test.ts > checkBeforeManifest > uses alreadyBuiltGate threshold from loadThresholds 4ms
 ✓ lib/__tests__/unit/gate.test.ts > checkBeforeManifest > maps match fields to GateMatch shape 2ms
 ✓ lib/__tests__/unit/gate.test.ts > getOverrideCount > returns 0 when no settings row exists 1ms
 ✓ lib/__tests__/unit/gate.test.ts > getOverrideCount > returns parsed count from settings row 0ms
 ✓ lib/__tests__/unit/gate.test.ts > recordOverride > upserts count=1 on first override 2ms
 ✓ lib/__tests__/unit/gate.test.ts > recordOverride > does not call adjustThreshold on first override 1ms
 ✓ lib/__tests__/unit/gate.test.ts > recordOverride > does not call adjustThreshold on second override 1ms
 ✓ lib/__tests__/unit/gate.test.ts > recordOverride > calls adjustThreshold(alreadyBuiltGate, +0.05) on third override 1ms
 ✓ lib/__tests__/unit/gate.test.ts > recordOverride > resets counter (deletes settings row) after threshold hit 1ms
 ✓ lib/transit/learning/__tests__/insights.test.ts > calculateConfidence > returns 0 for sampleSize = 0 5ms
 ✓ lib/transit/learning/__tests__/insights.test.ts > calculateConfidence > base formula: min(sampleSize/20*100, 90) 1ms
 ✓ lib/transit/learning/__tests__/insights.test.ts > calculateConfidence > adds +5 recency boost when >50% of events are within 7 days 2ms
 ✓ lib/transit/learning/__tests__/insights.test.ts > calculateConfidence > does not add recency boost when ≤50% of events are recent 1ms
 ✓ lib/transit/learning/__tests__/insights.test.ts > calculateConfidence > adds +5 consistency boost when events span more than 1 conversation 1ms
 ✓ lib/transit/learning/__tests__/insights.test.ts > calculateConfidence > does not add consistency boost when all events are from one conversation 1ms
 ✓ lib/transit/learning/__tests__/insights.test.ts > calculateConfidence > stacks both recency and consistency boosts 1ms
 ✓ lib/transit/learning/__tests__/insights.test.ts > calculateConfidence > caps at 95 even with maximum base + both boosts 0ms
 ✓ lib/transit/learning/__tests__/insights.test.ts > calculateConfidence > handles empty events array with non-zero sampleSize (no boosts) 1ms
 ✓ lib/transit/learning/__tests__/insights.test.ts > calculateConfidence > is strictly increasing with sample size up to the cap 1ms
 ✓ lib/transit/learning/__tests__/insights.test.ts > generateInsights > returns [] for empty pattern array 2ms
 ✓ lib/transit/learning/__tests__/insights.test.ts > generateInsights > returns [] when all patterns have empty insights 1ms
 ✓ lib/transit/learning/__tests__/insights.test.ts > generateInsights > passes through a new insight when no existing insights exist 1ms
 ✓ lib/transit/learning/__tests__/insights.test.ts > generateInsights > flattens insights from multiple pattern results 1ms
 ✓ lib/transit/learning/__tests__/insights.test.ts > generateInsights > merges duplicate: replaces new insight id with existing id when same type+target exists 1ms
 ✓ lib/transit/learning/__tests__/insights.test.ts > generateInsights > appends conflict warning when an applied insight has a different proposed_value on same target 1ms
 ✓ lib/transit/learning/__tests__/insights.test.ts > generateInsights > proceeds without dedup when getAllInsights throws (registry not yet populated) 2ms
 ✓ lib/agent-sdk/__tests__/test-runner.test.ts > runTestRunner > parses passing test output correctly 7ms
 ✓ lib/agent-sdk/__tests__/test-runner.test.ts > runTestRunner > parses failing test output with 2 failures 2ms
 ✓ lib/agent-sdk/__tests__/test-runner.test.ts > runTestRunner > returns timeout error result on SIGTERM 1ms
 ✓ lib/agent-sdk/__tests__/test-runner.test.ts > runTestRunner > returns exec_error when no output is available 1ms
 ✓ lib/agent-sdk/__tests__/test-runner.test.ts > runTestRunner > passes filter argument through to pnpm 5ms
 ✓ lib/transit/learning/__tests__/regeneration.test.ts > classifyTaskType > returns "code" for code-related keywords 4ms
 ✓ lib/transit/learning/__tests__/regeneration.test.ts > classifyTaskType > returns "writing" for composition keywords 2ms
 ✓ lib/transit/learning/__tests__/regeneration.test.ts > classifyTaskType > returns "explanation" for question/explanation keywords 1ms
 ✓ lib/transit/learning/__tests__/regeneration.test.ts > classifyTaskType > returns "review" for review/audit keywords 2ms
 ✓ lib/transit/learning/__tests__/regeneration.test.ts > classifyTaskType > returns "debugging" for bug/fix keywords 1ms
 ✓ lib/transit/learning/__tests__/regeneration.test.ts > classifyTaskType > returns "general" for unmatched content 1ms
 ✓ lib/transit/learning/__tests__/regeneration.test.ts > classifyTaskType > is case-insensitive 0ms
 ✓ lib/transit/learning/__tests__/regeneration.test.ts > detectRegenerationPatterns — minimum sample gate > returns [] when 0 regen events 2ms
 ✓ lib/transit/learning/__tests__/regeneration.test.ts > detectRegenerationPatterns — minimum sample gate > returns [] when fewer than 10 regen events 1ms
 ✓ lib/transit/learning/__tests__/regeneration.test.ts > detectRegenerationPatterns — no pattern detected > returns [] when regen events are spread evenly (none exceed 30% threshold) 1ms
 ✓ lib/transit/learning/__tests__/regeneration.test.ts > detectRegenerationPatterns — no pattern detected > returns [] when a task type exceeds 30% but has fewer than 5 events 4ms
 ✓ lib/transit/learning/__tests__/regeneration.test.ts > detectRegenerationPatterns — pattern detected > detects a pattern when a task type has >30% of total regens 1ms
 ✓ lib/transit/learning/__tests__/regeneration.test.ts > detectRegenerationPatterns — pattern detected > uses flow event content when original_message_id resolves to a user message 1ms
 ✓ lib/transit/learning/__tests__/regeneration.test.ts > detectRegenerationPatterns — pattern detected > falls back to topic payload when no original_message_id is present 0ms
 ✓ lib/transit/learning/__tests__/regeneration.test.ts > detectRegenerationPatterns — pattern detected > can detect multiple task types simultaneously when both exceed threshold 2ms
 ✓ lib/transit/learning/__tests__/regeneration.test.ts > detectRegenerationPatterns — pattern detected > ignores assistant flow events for task type classification 1ms
 ✓ lib/transit/learning/__tests__/regeneration.test.ts > detectRegenerationPatterns — output shape > produces an insight with all required LearningInsight fields 2ms
 ✓ lib/transit/learning/__tests__/regeneration.test.ts > detectRegenerationPatterns — output shape > before_state is valid JSON containing task_type and regen_rate 1ms
 ✓ lib/transit/learning/__tests__/regeneration.test.ts > detectRegenerationPatterns — output shape > sets expires_at ~90 days from created_at 0ms
 ✓ lib/decision-gate/__tests__/override-policies.test.ts > createPolicy > creates a policy with required fields 6ms
 ✓ lib/decision-gate/__tests__/override-policies.test.ts > createPolicy > stores category for category-scoped policies 1ms
 ✓ lib/decision-gate/__tests__/override-policies.test.ts > createPolicy > allows multiple policies for the same trigger 3ms
 ✓ lib/decision-gate/__tests__/override-policies.test.ts > getPolicies > returns all policies across all triggers 1ms
 ✓ lib/decision-gate/__tests__/override-policies.test.ts > getPolicies > returns empty array when none exist 1ms
 ✓ lib/decision-gate/__tests__/override-policies.test.ts > getPoliciesForTrigger > filters by trigger type 1ms
 ✓ lib/decision-gate/__tests__/override-policies.test.ts > deletePolicy > removes the policy from storage 1ms
 ✓ lib/decision-gate/__tests__/override-policies.test.ts > deletePolicy > is idempotent (double-delete does not throw) 2ms
 ✓ lib/decision-gate/__tests__/override-policies.test.ts > deleteAllPolicies > removes every policy 1ms
 ✓ lib/decision-gate/__tests__/override-policies.test.ts > hasActivePolicy — always scope > returns true regardless of category 1ms
 ✓ lib/decision-gate/__tests__/override-policies.test.ts > hasActivePolicy — always scope > does not delete the policy on match (permanent) 1ms
 ✓ lib/decision-gate/__tests__/override-policies.test.ts > hasActivePolicy — always scope > returns false for a different trigger type 0ms
 ✓ lib/decision-gate/__tests__/override-policies.test.ts > hasActivePolicy — once scope (self-destruct) > returns true on first check 0ms
 ✓ lib/decision-gate/__tests__/override-policies.test.ts > hasActivePolicy — once scope (self-destruct) > auto-deletes after first positive match 1ms
 ✓ lib/decision-gate/__tests__/override-policies.test.ts > hasActivePolicy — once scope (self-destruct) > returns false on second check after self-destruct 1ms
 ✓ lib/decision-gate/__tests__/override-policies.test.ts > hasActivePolicy — category scope > matches when provided category equals policy.category 0ms
 ✓ lib/decision-gate/__tests__/override-policies.test.ts > hasActivePolicy — category scope > does not match when category differs 0ms
 ✓ lib/decision-gate/__tests__/override-policies.test.ts > hasActivePolicy — category scope > does not match when no category provided (category scope requires match) 0ms
 ✓ lib/decision-gate/__tests__/override-policies.test.ts > hasActivePolicy — expiry > never-expiring policy (expires_at null) always matches 0ms
 ✓ lib/transit/learning/__tests__/verbosity.test.ts > detectVerbosityPatterns — minimum sample gate > returns [] when 0 interruption events 4ms
 ✓ lib/transit/learning/__tests__/verbosity.test.ts > detectVerbosityPatterns — minimum sample gate > returns [] when fewer than 10 interruption events 1ms
 ✓ lib/transit/learning/__tests__/verbosity.test.ts > detectVerbosityPatterns — minimum sample gate > returns [] when 10+ events but fewer than 10 have usable token data 1ms
 ✓ lib/transit/learning/__tests__/verbosity.test.ts > detectVerbosityPatterns — no pattern detected > returns [] when interruptions are spread evenly across all 4 buckets 2ms
 ✓ lib/transit/learning/__tests__/verbosity.test.ts > detectVerbosityPatterns — no pattern detected > returns [] when the largest bucket has exactly 50% (not >50%) 1ms
 ✓ lib/transit/learning/__tests__/verbosity.test.ts > detectVerbosityPatterns — pattern detected > detects a pattern when one bucket exceeds 50% of total interruptions 3ms
 ✓ lib/transit/learning/__tests__/verbosity.test.ts > detectVerbosityPatterns — pattern detected > detects pattern in the 500–1k bucket 1ms
 ✓ lib/transit/learning/__tests__/verbosity.test.ts > detectVerbosityPatterns — pattern detected > detects pattern in the 2k+ bucket 1ms
 ✓ lib/transit/learning/__tests__/verbosity.test.ts > detectVerbosityPatterns — pattern detected > returns [] when dominating bucket has fewer than 5 events 1ms
 ✓ lib/transit/learning/__tests__/verbosity.test.ts > detectVerbosityPatterns — proposed_value formula > sets proposed_value to Math.round(median * 0.9) 1ms
 ✓ lib/transit/learning/__tests__/verbosity.test.ts > detectVerbosityPatterns — proposed_value formula > never proposes max_tokens below 256 1ms
 ✓ lib/transit/learning/__tests__/verbosity.test.ts > detectVerbosityPatterns — token payload handling > falls back to estimated_total_tokens when tokens_generated_before_stop absent 2ms
 ✓ lib/transit/learning/__tests__/verbosity.test.ts > detectVerbosityPatterns — token payload handling > prefers tokens_generated_before_stop over estimated_total_tokens 1ms
 ✓ lib/transit/learning/__tests__/verbosity.test.ts > detectVerbosityPatterns — output shape > produces an insight with all required LearningInsight fields 3ms
 ✓ lib/transit/learning/__tests__/verbosity.test.ts > detectVerbosityPatterns — output shape > sets expires_at ~90 days from created_at 1ms
 ✓ lib/transit/learning/__tests__/verbosity.test.ts > detectVerbosityPatterns — output shape > before_state is valid JSON containing max_tokens 4ms
stdout | lib/__tests__/integration/phase4-integration.test.ts > Performance — sync analysis path timing > sync path (no Haiku) completes well under 100ms on 20-message conversation
[perf] sync analyze() on 20-message conversation: 0ms

stdout | lib/__tests__/integration/phase4-integration.test.ts > Performance — sync analysis path timing > haiku inference path is called only when all sync checks pass
[perf] full analyze() path (sync + mocked Haiku): 1ms

 ✓ lib/__tests__/integration/phase4-integration.test.ts > Decision Gate — all 5 live triggers fire correctly > repeated_question fires after 3 messages on the same topic 5ms
 ✓ lib/__tests__/integration/phase4-integration.test.ts > Decision Gate — all 5 live triggers fire correctly > sacred_principle_risk fires on "just for now" language 1ms
 ✓ lib/__tests__/integration/phase4-integration.test.ts > Decision Gate — all 5 live triggers fire correctly > irreversible_action fires on "deploy to production" 2ms
 ✓ lib/__tests__/integration/phase4-integration.test.ts > Decision Gate — all 5 live triggers fire correctly > contradicts_prior fires when message matches prior KERNL decision 2ms
 ✓ lib/__tests__/integration/phase4-integration.test.ts > Decision Gate — all 5 live triggers fire correctly > low_confidence fires when Claude expresses uncertainty 2+ times 3ms
 ✓ lib/__tests__/integration/phase4-integration.test.ts > Decision Gate — false positive testing (10 normal scenarios) > does not fire on a general architecture discussion 4ms
 ✓ lib/__tests__/integration/phase4-integration.test.ts > Decision Gate — false positive testing (10 normal scenarios) > does not fire on a code review request 2ms
 ✓ lib/__tests__/integration/phase4-integration.test.ts > Decision Gate — false positive testing (10 normal scenarios) > does not fire on a simple factual question 1ms
 ✓ lib/__tests__/integration/phase4-integration.test.ts > Decision Gate — false positive testing (10 normal scenarios) > does not fire on a bug fix discussion 2ms
 ✓ lib/__tests__/integration/phase4-integration.test.ts > Decision Gate — false positive testing (10 normal scenarios) > does not fire on a status update message 1ms
 ✓ lib/__tests__/integration/phase4-integration.test.ts > Decision Gate — false positive testing (10 normal scenarios) > does not fire on a learning or educational question 1ms
 ✓ lib/__tests__/integration/phase4-integration.test.ts > Decision Gate — false positive testing (10 normal scenarios) > does not fire on a best practices question 1ms
 ✓ lib/__tests__/integration/phase4-integration.test.ts > Decision Gate — false positive testing (10 normal scenarios) > does not fire on a design pattern question 1ms
 ✓ lib/__tests__/integration/phase4-integration.test.ts > Decision Gate — false positive testing (10 normal scenarios) > does not fire on a testing discussion 1ms
 ✓ lib/__tests__/integration/phase4-integration.test.ts > Decision Gate — false positive testing (10 normal scenarios) > does not fire on a documentation question 1ms
 ✓ lib/__tests__/integration/phase4-integration.test.ts > Lock state machine — acquire → dismiss → mandatory > lock is inactive by default 0ms
 ✓ lib/__tests__/integration/phase4-integration.test.ts > Lock state machine — acquire → dismiss → mandatory > acquireLock activates the lock with trigger and reason 0ms
 ✓ lib/__tests__/integration/phase4-integration.test.ts > Lock state machine — acquire → dismiss → mandatory > dismissLock below 3 releases the lock but preserves dismissCount 0ms
 ✓ lib/__tests__/integration/phase4-integration.test.ts > Lock state machine — acquire → dismiss → mandatory > 3 dismissals makes the gate mandatory and keeps it locked 0ms
 ✓ lib/__tests__/integration/phase4-integration.test.ts > Lock state machine — acquire → dismiss → mandatory > API returns 423 signal when lock is active 0ms
 ✓ lib/__tests__/integration/phase4-integration.test.ts > Lock state machine — acquire → dismiss → mandatory > API returns 200 signal after lock is released 0ms
 ✓ lib/__tests__/integration/phase4-integration.test.ts > Mandatory gate — rationale enforcement > 3 dismissals makes gate mandatory 0ms
 ✓ lib/__tests__/integration/phase4-integration.test.ts > Mandatory gate — rationale enforcement > mandatory gate stays locked after the 3rd dismissal 0ms
 ✓ lib/__tests__/integration/phase4-integration.test.ts > Mandatory gate — rationale enforcement > override without rationale (< 20 chars) should be rejected by API route logic 0ms
 ✓ lib/__tests__/integration/phase4-integration.test.ts > Mandatory gate — rationale enforcement > override with valid rationale (≥ 20 chars) passes validation 0ms
 ✓ lib/__tests__/integration/phase4-integration.test.ts > KERNL logging — approvals and overrides write correct schema > approval writes to decisions table with correct fields 1ms
 ✓ lib/__tests__/integration/phase4-integration.test.ts > KERNL logging — approvals and overrides write correct schema > override writes to decisions table with provided rationale 0ms
 ✓ lib/__tests__/integration/phase4-integration.test.ts > KERNL logging — approvals and overrides write correct schema > releaseLock is called after KERNL write (not before) 0ms
 ✓ lib/__tests__/integration/phase4-integration.test.ts > getValueBoost() — Phase 4 real implementation > returns 1.0 when chunk is not found in content_chunks 0ms
 ✓ lib/__tests__/integration/phase4-integration.test.ts > getValueBoost() — Phase 4 real implementation > returns 1.0 when chunk exists but its thread has no decisions 0ms
 ✓ lib/__tests__/integration/phase4-integration.test.ts > getValueBoost() — Phase 4 real implementation > returns 1.5 when chunk source thread has a logged KERNL decision 0ms
 ✓ lib/__tests__/integration/phase4-integration.test.ts > getValueBoost() — Phase 4 real implementation > fails open (returns 1.0) on DB error — never penalises a chunk 0ms
 ✓ lib/__tests__/integration/phase4-integration.test.ts > Performance — sync analysis path timing > sync path (no Haiku) completes well under 100ms on 20-message conversation 3ms
 ✓ lib/__tests__/integration/phase4-integration.test.ts > Performance — sync analysis path timing > haiku inference path is called only when all sync checks pass 2ms
 ✓ lib/focus/__tests__/interrupt-gate.test.ts > shouldInterrupt — idle focus (all pass) > allows low severity 3ms
 ✓ lib/focus/__tests__/interrupt-gate.test.ts > shouldInterrupt — idle focus (all pass) > allows medium severity 1ms
 ✓ lib/focus/__tests__/interrupt-gate.test.ts > shouldInterrupt — idle focus (all pass) > allows critical severity 1ms
 ✓ lib/focus/__tests__/interrupt-gate.test.ts > shouldInterrupt — browsing focus (medium+ pass) > blocks low severity 1ms
 ✓ lib/focus/__tests__/interrupt-gate.test.ts > shouldInterrupt — browsing focus (medium+ pass) > allows medium severity 0ms
 ✓ lib/focus/__tests__/interrupt-gate.test.ts > shouldInterrupt — browsing focus (medium+ pass) > allows high severity 0ms
 ✓ lib/focus/__tests__/interrupt-gate.test.ts > shouldInterrupt — composing focus (high+ pass) > blocks low severity 1ms
 ✓ lib/focus/__tests__/interrupt-gate.test.ts > shouldInterrupt — composing focus (high+ pass) > blocks medium severity 0ms
 ✓ lib/focus/__tests__/interrupt-gate.test.ts > shouldInterrupt — composing focus (high+ pass) > allows high severity 1ms
 ✓ lib/focus/__tests__/interrupt-gate.test.ts > shouldInterrupt — composing focus (high+ pass) > allows critical severity 0ms
 ✓ lib/focus/__tests__/interrupt-gate.test.ts > shouldInterrupt — deep_work focus (critical only) > blocks low severity 0ms
 ✓ lib/focus/__tests__/interrupt-gate.test.ts > shouldInterrupt — deep_work focus (critical only) > blocks medium severity 0ms
 ✓ lib/focus/__tests__/interrupt-gate.test.ts > shouldInterrupt — deep_work focus (critical only) > blocks high severity 0ms
 ✓ lib/focus/__tests__/interrupt-gate.test.ts > shouldInterrupt — deep_work focus (critical only) > allows critical severity 0ms
 ✓ lib/focus/__tests__/interrupt-gate.test.ts > shouldInterrupt — status_update always passes > passes during deep_work 0ms
 ✓ lib/focus/__tests__/interrupt-gate.test.ts > shouldInterrupt — budget exhausted > blocks non-critical when budget exhausted 0ms
 ✓ lib/focus/__tests__/interrupt-gate.test.ts > shouldInterrupt — budget exhausted > allows critical regardless of budget exhaustion 0ms
 ✓ lib/focus/__tests__/interrupt-gate.test.ts > queue management > blocked interrupts appear in queue 0ms
 ✓ lib/focus/__tests__/interrupt-gate.test.ts > queue management > allowed interrupts do not appear in queue 0ms
 ✓ lib/focus/__tests__/interrupt-gate.test.ts > queue management > clearInterruptQueue empties the queue 2ms
 ✓ lib/focus/__tests__/interrupt-gate.test.ts > onQueueDrain > drain callback fires when focus drops and queue has items 2ms
 ✓ lib/focus/__tests__/interrupt-gate.test.ts > onQueueDrain > returns unsubscribe that stops drain callbacks 1ms
 ✓ lib/transit/__tests__/topic-detector.test.ts > detectTopicShift > returns no shift for highly similar consecutive messages 4ms
 ✓ lib/transit/__tests__/topic-detector.test.ts > detectTopicShift > returns no shift when messages share most keywords 1ms
 ✓ lib/transit/__tests__/topic-detector.test.ts > detectTopicShift > detects topic shift between completely unrelated messages 2ms
 ✓ lib/transit/__tests__/topic-detector.test.ts > detectTopicShift > detects topic shift from coding to travel planning 3ms
 ✓ lib/transit/__tests__/topic-detector.test.ts > detectTopicShift > returns no shift for previous message with fewer than 3 meaningful tokens 1ms
 ✓ lib/transit/__tests__/topic-detector.test.ts > detectTopicShift > returns no shift for current message with fewer than 3 meaningful tokens 0ms
 ✓ lib/transit/__tests__/topic-detector.test.ts > detectTopicShift > returns no shift when both messages are too short 0ms
 ✓ lib/transit/__tests__/topic-detector.test.ts > detectTopicShift > respects custom threshold — higher threshold catches more shifts 0ms
 ✓ lib/transit/__tests__/topic-detector.test.ts > detectTopicShift > inferredTopic is capped at 60 chars when shift is detected 1ms
 ✓ lib/transit/__tests__/topic-detector.test.ts > detectTopicShift > inferredTopic is empty string when no shift detected 0ms
 ✓ lib/transit/__tests__/topic-detector.test.ts > detectTopicShift > similarity is always in [0, 1] range 1ms
 ✓ lib/focus/__tests__/attention-budget.test.ts > initial state > starts with full daily budget 3ms
 ✓ lib/focus/__tests__/attention-budget.test.ts > initial state > budget is not exhausted at start 1ms
 ✓ lib/focus/__tests__/attention-budget.test.ts > initial state > history is empty at start 2ms
 ✓ lib/focus/__tests__/attention-budget.test.ts > spendAttention > returns true and deducts ghost_suggestion cost 1ms
 ✓ lib/focus/__tests__/attention-budget.test.ts > spendAttention > returns true and deducts gate_mandatory cost 0ms
 ✓ lib/focus/__tests__/attention-budget.test.ts > spendAttention > records spend in history 1ms
 ✓ lib/focus/__tests__/attention-budget.test.ts > spendAttention > returns false when budget is exhausted 1ms
 ✓ lib/focus/__tests__/attention-budget.test.ts > spendAttention > does not deduct cost when budget is exhausted 0ms
 ✓ lib/focus/__tests__/attention-budget.test.ts > spendAttention > critical_alert always passes regardless of exhaustion 1ms
 ✓ lib/focus/__tests__/attention-budget.test.ts > isBudgetExhausted > returns false when budget remains 0ms
 ✓ lib/focus/__tests__/attention-budget.test.ts > isBudgetExhausted > returns true when remaining reaches 0 0ms
 ✓ lib/focus/__tests__/attention-budget.test.ts > resetDailyBudget > restores full budget after spending 0ms
 ✓ lib/focus/__tests__/attention-budget.test.ts > resetDailyBudget > clears spend history 0ms
 ✓ lib/focus/__tests__/attention-budget.test.ts > getAttentionTooltip > returns correct format at full budget 0ms
 ✓ lib/focus/__tests__/attention-budget.test.ts > getAttentionTooltip > reflects spent attention 0ms
 ✓ lib/focus/__tests__/attention-budget.test.ts > ATTENTION_COSTS > ghost_suggestion costs less than status_notification 0ms
 ✓ lib/focus/__tests__/attention-budget.test.ts > ATTENTION_COSTS > critical_alert is the highest cost 0ms
 ✓ lib/focus/__tests__/attention-budget.test.ts > ATTENTION_COSTS > all costs are positive integers 1ms
 ✓ lib/transit/__tests__/stations.test.ts > resolveTemplate > replaces a single payload token 4ms
 ✓ lib/transit/__tests__/stations.test.ts > resolveTemplate > replaces multiple payload tokens 1ms
 ✓ lib/transit/__tests__/stations.test.ts > resolveTemplate > falls back to the key name when payload field is absent 0ms
 ✓ lib/transit/__tests__/stations.test.ts > resolveTemplate > returns static template unchanged when no tokens present 2ms
 ✓ lib/transit/__tests__/stations.test.ts > resolveTemplate > handles numeric payload values 0ms
 ✓ lib/transit/__tests__/stations.test.ts > generateStations > generates a station from a topic_shift event with station config 3ms
 ✓ lib/transit/__tests__/stations.test.ts > generateStations > generates a station from an artifact_generated event 1ms
 ✓ lib/transit/__tests__/stations.test.ts > generateStations > skips events with no station config in the registry entry 0ms
 ✓ lib/transit/__tests__/stations.test.ts > generateStations > skips events with null config (unknown event type) 1ms
 ✓ lib/transit/__tests__/stations.test.ts > generateStations > returns stations sorted ascending by messageIndex 2ms
 ✓ lib/transit/__tests__/stations.test.ts > generateStations > marks transit.manual_station events as manual source 1ms
 ✓ lib/transit/__tests__/stations.test.ts > generateStations > returns empty array for empty event list 0ms
 ✓ lib/transit/__tests__/stations.test.ts > generateStations > mixes auto and manual stations in correct index order 1ms
 ✓ lib/agent-sdk/__tests__/kernl-search.test.ts > runKernlSearch > runs FTS query and returns structured results 6ms
 ✓ lib/agent-sdk/__tests__/kernl-search.test.ts > runKernlSearch > returns empty results for an empty query 4ms
 ✓ lib/agent-sdk/__tests__/kernl-search.test.ts > runKernlSearch > returns empty results when FTS table does not exist 2ms
 ✓ lib/agent-sdk/__tests__/kernl-search.test.ts > runKernlSearch > escapes special FTS5 characters in the query 2ms
 ✓ lib/agent-sdk/__tests__/kernl-search.test.ts > runKernlSearch > caps max_results at 100 1ms
 ✓ lib/__tests__/unit/eos/character.test.ts > analyzeCharacters > detects zero-width space (U+200B) 5ms
 ✓ lib/__tests__/unit/eos/character.test.ts > analyzeCharacters > detects BOM character (U+FEFF) 1ms
 ✓ lib/__tests__/unit/eos/character.test.ts > analyzeCharacters > caps invisible char reports at 10 per type 1ms
 ✓ lib/__tests__/unit/eos/character.test.ts > analyzeCharacters > returns no issues for clean content 3ms
 ✓ lib/__tests__/unit/eos/character.test.ts > analyzeCharacters > detects Cyrillic lookalike in identifier position 1ms
 ✓ lib/__tests__/unit/eos/character.test.ts > analyzeCharacters > does not flag homoglyphs inside string literals 1ms
 ✓ lib/__tests__/unit/eos/character.test.ts > analyzeCharacters > detects curly double quotes 1ms
 ✓ lib/__tests__/unit/eos/character.test.ts > analyzeCharacters > detects curly single quotes 1ms
 ✓ lib/__tests__/unit/eos/character.test.ts > analyzeCharacters > detects Greek question mark (U+037E) as APOCALYPSE 1ms
 ✓ lib/__tests__/unit/eos/character.test.ts > analyzeCharacters > detects mixed tab/space indentation 2ms
 ✓ lib/__tests__/unit/eos/character.test.ts > analyzeCharacters > does not flag purely tab-indented files 1ms
 ✓ lib/__tests__/unit/eos/character.test.ts > analyzeCharacters > does not flag purely space-indented files 1ms
 ✓ lib/__tests__/unit/eos/character.test.ts > analyzeCharacters > includes correct 1-based line number 0ms
 ✓ lib/__tests__/unit/eos/patterns.test.ts > detectMemoryLeaks > flags setInterval with no clearInterval 6ms
 ✓ lib/__tests__/unit/eos/patterns.test.ts > detectMemoryLeaks > does not flag setInterval when clearInterval is present 1ms
 ✓ lib/__tests__/unit/eos/patterns.test.ts > detectMemoryLeaks > does not flag commented-out setInterval 1ms
 ✓ lib/__tests__/unit/eos/patterns.test.ts > detectMemoryLeaks > reports correct line number 1ms
 ✓ lib/__tests__/unit/eos/patterns.test.ts > detectMemoryLeaks > flags multiple setInterval calls in same file 1ms
 ✓ lib/__tests__/unit/eos/patterns.test.ts > detectEventListenerLeaks > flags addEventListener with no removeEventListener 1ms
 ✓ lib/__tests__/unit/eos/patterns.test.ts > detectEventListenerLeaks > does not flag when removeEventListener is present 1ms
 ✓ lib/__tests__/unit/eos/patterns.test.ts > detectEventListenerLeaks > includes event name in message 0ms
 ✓ lib/__tests__/unit/eos/patterns.test.ts > detectEventListenerLeaks > caps at 5 issues per file 1ms
 ✓ lib/__tests__/unit/eos/patterns.test.ts > detectEventListenerLeaks > skips commented-out addEventListener lines 1ms
 ✓ components/transit/__tests__/ZoomController.test.tsx > ZoomController: initial state > starts at Z2 (subway map) by default 3ms
 ✓ components/transit/__tests__/ZoomController.test.tsx > ZoomController: initial state > starts with no focus 1ms
 ✓ components/transit/__tests__/ZoomController.test.tsx > ZoomController: zoom transitions > Z2 → Z1 sets previousZoom to Z2 1ms
 ✓ components/transit/__tests__/ZoomController.test.tsx > ZoomController: zoom transitions > same zoom level is a no-op 1ms
 ✓ components/transit/__tests__/ZoomController.test.tsx > ZoomController: zoom transitions > finishing transition clears previousZoom 1ms
 ✓ components/transit/__tests__/ZoomController.test.tsx > ZoomController: zoom transitions > rapid zoom changes update previousZoom correctly 0ms
 ✓ components/transit/__tests__/ZoomController.test.tsx > ZoomController: focus preservation > zoomToSegment sets focusIndex and targets Z2 0ms
 ✓ components/transit/__tests__/ZoomController.test.tsx > ZoomController: focus preservation > zoomToMessage sets focusMessageId and targets Z3 0ms
 ✓ components/transit/__tests__/ZoomController.test.tsx > ZoomController: focus preservation > zoomToSegment clears previous focusMessageId 1ms
 ✓ components/transit/__tests__/ZoomController.test.tsx > ZoomController: constants > transition duration is 300ms 0ms
 ✓ components/transit/__tests__/ZoomController.test.tsx > ZoomController: constants > zoom order is Z1 → Z2 → Z3 1ms
 ✓ components/transit/__tests__/ZoomController.test.tsx > ZoomController: constants > all three zoom levels are represented 3ms
 ✓ lib/agent-sdk/__tests__/shim-readonly-audit.test.ts > runShimReadonlyAudit > returns error result for nonexistent path 5ms
 ✓ lib/agent-sdk/__tests__/shim-readonly-audit.test.ts > runShimReadonlyAudit > scans a single file via scanFiles 6ms
 ✓ lib/agent-sdk/__tests__/shim-readonly-audit.test.ts > runShimReadonlyAudit > scans a directory via scan with deep mode 2ms
 ✓ lib/agent-sdk/__tests__/shim-readonly-audit.test.ts > runShimReadonlyAudit > assigns correct grades for score ranges 2ms
 ✓ lib/__tests__/unit/shim/job-context.test.ts > extractContext > complexity = 100 - healthScore, clamped to 0–100 5ms
 ✓ lib/__tests__/unit/shim/job-context.test.ts > extractContext > complexity is 0 when healthScore is 100 1ms
 ✓ lib/__tests__/unit/shim/job-context.test.ts > extractContext > complexity is 100 when healthScore is 0 0ms
 ✓ lib/__tests__/unit/shim/job-context.test.ts > extractContext > maintainability is close to 100 with no warnings 1ms
 ✓ lib/__tests__/unit/shim/job-context.test.ts > extractContext > maintainability decreases with higher warning density 1ms
 ✓ lib/__tests__/unit/shim/job-context.test.ts > extractContext > maintainability is clamped to 0 at extreme warning density 1ms
 ✓ lib/__tests__/unit/shim/job-context.test.ts > extractContext > linesOfCode = fileCount × 100 0ms
 ✓ lib/__tests__/unit/shim/job-context.test.ts > extractContext > linesOfCode is 0 when manifest has no files 0ms
 ✓ lib/__tests__/unit/shim/job-context.test.ts > extractContextFromScore > complexity = 100 - healthScore 1ms
 ✓ lib/__tests__/unit/shim/job-context.test.ts > extractContextFromScore > maintainability = healthScore 0ms
 ✓ lib/__tests__/unit/shim/job-context.test.ts > extractContextFromScore > linesOfCode = fileCount × 100 0ms
 ✓ lib/__tests__/unit/shim/job-context.test.ts > extractContextFromScore > all values clamped to 0–100 1ms
 ✓ lib/__tests__/unit/artifacts/detector.test.ts > detectArtifact > returns null for a message with no code blocks 3ms
 ✓ lib/__tests__/unit/artifacts/detector.test.ts > detectArtifact > returns null for a code block below the minimum length threshold 1ms
 ✓ lib/__tests__/unit/artifacts/detector.test.ts > detectArtifact > detects a TypeScript code block and resolves type to code 3ms
 ✓ lib/__tests__/unit/artifacts/detector.test.ts > detectArtifact > resolves jsx language tag to react type 1ms
 ✓ lib/__tests__/unit/artifacts/detector.test.ts > detectArtifact > resolves tsx language tag to react type 1ms
 ✓ lib/__tests__/unit/artifacts/detector.test.ts > detectArtifact > resolves html language tag to html type 0ms
 ✓ lib/__tests__/unit/artifacts/detector.test.ts > detectArtifact > resolves markdown language tag to markdown type 0ms
 ✓ lib/__tests__/unit/artifacts/detector.test.ts > detectArtifact > resolves mermaid language tag to mermaid type 0ms
 ✓ lib/__tests__/unit/artifacts/detector.test.ts > detectArtifact > picks the largest block when multiple code blocks are present 2ms
 ✓ lib/__tests__/unit/artifacts/detector.test.ts > detectArtifact > generates a unique id for each detected artifact 2ms
 ✓ lib/__tests__/unit/artifacts/detector.test.ts > detectArtifact > falls back to language "text" and type "unknown" for a bare fence 0ms
 ✓ lib/__tests__/unit/eos/batch.test.ts > processBatch > processes all items and returns results 6ms
 ✓ lib/__tests__/unit/eos/batch.test.ts > processBatch > captures errors without aborting the batch 2ms
 ✓ lib/__tests__/unit/eos/batch.test.ts > processBatch > processes in waves of batchSize 1ms
 ✓ lib/__tests__/unit/eos/batch.test.ts > processBatch > defaults to batchSize 10 2ms
 ✓ lib/__tests__/unit/eos/batch.test.ts > processBatch > handles empty input gracefully 1ms
 ✓ lib/__tests__/unit/eos/batch.test.ts > processBatch > captures non-Error rejections as string 1ms
 ✓ lib/__tests__/unit/context-provider.test.ts > DEFAULT_CONTEXT_STATE > has null activeProject by default 3ms
 ✓ lib/__tests__/unit/context-provider.test.ts > DEFAULT_CONTEXT_STATE > has sessionNumber 0 by default 1ms
 ✓ lib/__tests__/unit/context-provider.test.ts > DEFAULT_CONTEXT_STATE > has sessionDurationMs 0 by default 0ms
 ✓ lib/__tests__/unit/context-provider.test.ts > DEFAULT_CONTEXT_STATE > has empty recentDecisions by default 2ms
 ✓ lib/__tests__/unit/context-provider.test.ts > DEFAULT_CONTEXT_STATE > has kernlStatus "indexed" by default 1ms
 ✓ lib/__tests__/unit/context-provider.test.ts > DEFAULT_CONTEXT_STATE > has aegisProfile "IDLE" by default 1ms
 ✓ lib/__tests__/unit/context-provider.test.ts > DEFAULT_CONTEXT_STATE > has pendingSuggestions 0 by default 0ms
 ✓ lib/__tests__/unit/context-provider.test.ts > ContextPanelState type conformance > accepts a fully populated state object 3ms
 ✓ lib/__tests__/unit/context-provider.test.ts > ContextPanelState type conformance > accepts all valid kernlStatus values 1ms
 ✓ lib/__tests__/unit/context-provider.test.ts > ContextPanelState type conformance > allows null activeProject 0ms
 ✓ lib/__tests__/unit/context-provider.test.ts > ContextPanelState type conformance > allows null path in KERNLProject 0ms
 ✓ lib/__tests__/unit/context-provider.test.ts > KERNLDecision > stores timestamp as a number 0ms
 ✓ components/transit/__tests__/SubwayMap.test.tsx > indexToX > maps index 0 to paddingX 3ms
 ✓ components/transit/__tests__/SubwayMap.test.tsx > indexToX > maps last index to width - paddingX 1ms
 ✓ components/transit/__tests__/SubwayMap.test.tsx > indexToX > maps middle index to the center of the usable range 0ms
 ✓ components/transit/__tests__/SubwayMap.test.tsx > indexToX > centers when totalMessages is 1 (single message edge case) 1ms
 ✓ components/transit/__tests__/SubwayMap.test.tsx > indexToX > is strictly monotone — higher index yields higher X 2ms
 ✓ components/transit/__tests__/SubwayMap.test.tsx > indexToX > uses SVG_PADDING_X default (40) when paddingX is omitted 0ms
 ✓ components/transit/__tests__/SubwayMap.test.tsx > extractBranchSegments > returns empty array when no fork events exist 1ms
 ✓ components/transit/__tests__/SubwayMap.test.tsx > extractBranchSegments > produces one segment per fork event 0ms
 ✓ components/transit/__tests__/SubwayMap.test.tsx > extractBranchSegments > marks active fork as isActive = true 0ms
 ✓ components/transit/__tests__/SubwayMap.test.tsx > extractBranchSegments > marks inactive fork as isActive = false 0ms
 ✓ components/transit/__tests__/SubwayMap.test.tsx > extractBranchSegments > segment forkX < endX (forward direction) 0ms
 ✓ components/transit/__tests__/SubwayMap.test.tsx > extractBranchSegments > trunkY matches the trackY argument passed in 0ms
 ✓ components/transit/__tests__/SubwayMap.test.tsx > extractBranchSegments > label matches payload branch_type 0ms
 ✓ lib/agent-sdk/__tests__/markdown-linter.test.ts > runMarkdownLinter > returns empty violations for a clean markdown file 5ms
 ✓ lib/agent-sdk/__tests__/markdown-linter.test.ts > runMarkdownLinter > detects no-missing-h1 when file has no H1 1ms
 ✓ lib/agent-sdk/__tests__/markdown-linter.test.ts > runMarkdownLinter > detects consistent-list-markers when * and - are mixed 1ms
 ✓ lib/agent-sdk/__tests__/markdown-linter.test.ts > runMarkdownLinter > detects no-trailing-whitespace 1ms
 ✓ lib/agent-sdk/__tests__/markdown-linter.test.ts > runMarkdownLinter > detects blank-before-header when header immediately follows text 0ms
 ✓ lib/agent-sdk/__tests__/markdown-linter.test.ts > runMarkdownLinter > returns fileCount=0 for nonexistent path 0ms
 ✓ components/transit/__tests__/EventMarkers.test.tsx > markerSizePx > maps "small" to 8px 2ms
 ✓ components/transit/__tests__/EventMarkers.test.tsx > markerSizePx > maps "medium" to 12px 0ms
 ✓ components/transit/__tests__/EventMarkers.test.tsx > markerSizePx > maps "large" to 16px 0ms
 ✓ components/transit/__tests__/EventMarkers.test.tsx > markerSizePx > maps "landmark" to 20px 1ms
 ✓ components/transit/__tests__/EventMarkers.test.tsx > markerSizePx > produces strictly increasing sizes across the hierarchy 1ms
 ✓ components/transit/__tests__/EventMarkers.test.tsx > renderMarkerShape > returns a non-null element for "circle" shape 1ms
 ✓ components/transit/__tests__/EventMarkers.test.tsx > renderMarkerShape > passes size and color props through for "circle" 1ms
 ✓ components/transit/__tests__/EventMarkers.test.tsx > renderMarkerShape > returns a non-null element for "diamond" shape 0ms
 ✓ components/transit/__tests__/EventMarkers.test.tsx > renderMarkerShape > returns a non-null element for "square" shape 1ms
 ✓ components/transit/__tests__/EventMarkers.test.tsx > renderMarkerShape > returns a non-null element for "triangle" shape 1ms
 ✓ components/transit/__tests__/EventMarkers.test.tsx > renderMarkerShape > returns a non-null element for "hexagon" shape 0ms
 ✓ components/transit/__tests__/EventMarkers.test.tsx > renderMarkerShape > each shape returns a distinct element type 0ms
 ✓ components/transit/__tests__/EventMarkers.test.tsx > renderMarkerShape > correctly passes different colors per shape 0ms
 ✓ components/transit/__tests__/EventMarkers.test.tsx > renderMarkerShape > correctly passes different sizes 0ms
 ✓ lib/__tests__/unit/eos/health-score.test.ts > computeHealthScore > returns 100 for a clean scan 3ms
 ✓ lib/__tests__/unit/eos/health-score.test.ts > computeHealthScore > applies critical weight of 8 1ms
 ✓ lib/__tests__/unit/eos/health-score.test.ts > computeHealthScore > applies warning weight of 2 0ms
 ✓ lib/__tests__/unit/eos/health-score.test.ts > computeHealthScore > info issues have no weight 1ms
 ✓ lib/__tests__/unit/eos/health-score.test.ts > computeHealthScore > applies dependency cycle penalty of 10 each 0ms
 ✓ lib/__tests__/unit/eos/health-score.test.ts > computeHealthScore > combines all penalties correctly 0ms
 ✓ lib/__tests__/unit/eos/health-score.test.ts > computeHealthScore > clamps score at 0 (never negative) 0ms
 ✓ lib/__tests__/unit/eos/health-score.test.ts > computeHealthScore > clamps score at 100 (never above) 0ms
 ✓ lib/__tests__/unit/eos/health-score.test.ts > computeHealthScore > grades correctly: excellent ≥ 90 0ms
 ✓ lib/__tests__/unit/eos/health-score.test.ts > computeHealthScore > grades correctly: good 70–89 0ms
 ✓ lib/__tests__/unit/eos/health-score.test.ts > computeHealthScore > grades correctly: attention 50–69 0ms
 ✓ lib/__tests__/unit/eos/health-score.test.ts > computeHealthScore > grades correctly: critical < 50 0ms
 ✓ lib/__tests__/unit/eos/health-score.test.ts > computeHealthScore > returns correct counts 0ms
 ✓ lib/agent-sdk/__tests__/sprint-12-haiku-routing.test.ts > Sprint 12.0 — Haiku routing: auto-title > defaults to claude-haiku-4-5-20251001 when no model override is provided 2ms
 ✓ lib/agent-sdk/__tests__/sprint-12-haiku-routing.test.ts > Sprint 12.0 — Haiku routing: auto-title > accepts a model field on the AutoTitleRequest interface 0ms
 ✓ lib/agent-sdk/__tests__/sprint-12-haiku-routing.test.ts > Sprint 12.0 — Haiku routing: auto-title > passes model variable to client.messages.create (not a hardcoded string) 0ms
 ✓ lib/agent-sdk/__tests__/sprint-12-haiku-routing.test.ts > Sprint 12.0 — Haiku routing: Ghost generateSummary > generateSummary defaults to claude-haiku-4-5-20251001 1ms
 ✓ lib/agent-sdk/__tests__/sprint-12-haiku-routing.test.ts > Sprint 12.0 — Haiku routing: Ghost generateSummary > generateSummary accepts a model parameter 0ms
 ✓ lib/agent-sdk/__tests__/sprint-12-haiku-routing.test.ts > Sprint 12.0 — Haiku routing: Ghost generateSummary > passes model variable to anthropic.messages.create 0ms
 ✓ lib/agent-sdk/__tests__/sprint-12-haiku-routing.test.ts > Sprint 12.0 — Haiku routing: batch-executor > BATCH_MODEL is set to claude-haiku-4-5-20251001 0ms
 ✓ lib/agent-sdk/__tests__/sprint-12-haiku-routing.test.ts > Sprint 12.0 — Haiku routing: batch-executor > uses BATCH_MODEL in batch create request 0ms
 ✓ lib/agent-sdk/__tests__/sprint-12-haiku-routing.test.ts > Sprint 12.0 — Sonnet stays on strategic chat > strategic chat route uses claude-sonnet-4-5 0ms
 ✓ lib/agent-sdk/__tests__/sprint-12-haiku-routing.test.ts > Sprint 12.0 — Sonnet stays on strategic chat > chat route does NOT hardcode Haiku 0ms
 ✓ components/transit/__tests__/SankeyView.test.tsx > SankeyView layout: indexToX > centers single-message conversations 2ms
 ✓ components/transit/__tests__/SankeyView.test.tsx > SankeyView layout: indexToX > first message starts at PADDING_X 0ms
 ✓ components/transit/__tests__/SankeyView.test.tsx > SankeyView layout: indexToX > last message ends at width - PADDING_X 0ms
 ✓ components/transit/__tests__/SankeyView.test.tsx > SankeyView layout: indexToX > middle message is centered between padding 1ms
 ✓ components/transit/__tests__/SankeyView.test.tsx > SankeyView layout: indexToX > scales proportionally with width 0ms
 ✓ components/transit/__tests__/SankeyView.test.tsx > SankeyView layout: node height > returns MIN_NODE_HEIGHT for 0 tokens 1ms
 ✓ components/transit/__tests__/SankeyView.test.tsx > SankeyView layout: node height > returns MAX_NODE_HEIGHT for max tokens 0ms
 ✓ components/transit/__tests__/SankeyView.test.tsx > SankeyView layout: node height > returns MIN_NODE_HEIGHT when maxTokens is 0 0ms
 ✓ components/transit/__tests__/SankeyView.test.tsx > SankeyView layout: node height > scales linearly for half-token count 1ms
 ✓ components/transit/__tests__/SankeyView.test.tsx > SankeyView layout: link width boundaries > never returns below MIN_LINK_WIDTH 1ms
 ✓ components/transit/__tests__/SankeyView.test.tsx > SankeyView layout: link width boundaries > never exceeds MAX_LINK_WIDTH for normal inputs 0ms
 ✓ components/transit/__tests__/SankeyView.test.tsx > SankeyView layout: link width boundaries > handles equal source and max gracefully 0ms
 ✓ lib/__tests__/unit/artifacts/store.test.ts > useArtifactStore > starts with no active artifact 3ms
 ✓ lib/__tests__/unit/artifacts/store.test.ts > useArtifactStore > setArtifact opens the panel with the given artifact 1ms
 ✓ lib/__tests__/unit/artifacts/store.test.ts > useArtifactStore > setArtifact replaces the previous artifact 1ms
 ✓ lib/__tests__/unit/artifacts/store.test.ts > useArtifactStore > clearArtifact closes the panel 1ms
 ✓ lib/__tests__/unit/artifacts/store.test.ts > useArtifactStore > clearArtifact is idempotent when already null 2ms
 ✓ lib/__tests__/unit/artifacts/store.test.ts > useArtifactStore > stores the full artifact including optional threadId 1ms
 ✓ lib/__tests__/unit/artifacts/store.test.ts > useArtifactStore > stores react and html artifact types correctly 0ms
 ✓ components/transit/__tests__/ScrollbarLandmarks.test.tsx > evaluateFilter > returns true when payload value matches filter (single-quote literal) 2ms
 ✓ components/transit/__tests__/ScrollbarLandmarks.test.tsx > evaluateFilter > returns false when payload value does not match filter 0ms
 ✓ components/transit/__tests__/ScrollbarLandmarks.test.tsx > evaluateFilter > returns true for unknown / unparseable filter pattern (safe pass-through) 0ms
 ✓ components/transit/__tests__/ScrollbarLandmarks.test.tsx > evaluateFilter > returns true when the filter key is missing from payload (key mismatch) 0ms
 ✓ components/transit/__tests__/ScrollbarLandmarks.test.tsx > evaluateFilter > handles double-quote string literals in filter expression 0ms
 ✓ components/transit/__tests__/ScrollbarLandmarks.test.tsx > landmark position formula > positions mid-conversation event at 50% (index 5 of 11) 0ms
 ✓ components/transit/__tests__/ScrollbarLandmarks.test.tsx > landmark position formula > positions first message at 0% 0ms
 ✓ components/transit/__tests__/ScrollbarLandmarks.test.tsx > landmark position formula > positions last message at 100% 0ms
 ✓ components/transit/__tests__/ScrollbarLandmarks.test.tsx > landmark position formula > positions single-message conversation at 50% 0ms
 ✓ components/transit/__tests__/ScrollbarLandmarks.test.tsx > landmark position formula > clamps out-of-range indices to [0, 100] 0ms
 ✓ lib/agent-sdk/__tests__/failure-modes-shim-loop.test.ts > detectShimLoop > returns false when fewer than 3 calls exist 2ms
 ✓ lib/agent-sdk/__tests__/failure-modes-shim-loop.test.ts > detectShimLoop > returns false when scores are improving (no loop) 0ms
 ✓ lib/agent-sdk/__tests__/failure-modes-shim-loop.test.ts > detectShimLoop > returns true when scores are flat (loop detected) 0ms
 ✓ lib/agent-sdk/__tests__/failure-modes-shim-loop.test.ts > detectShimLoop > returns true when scores are declining (loop detected) 0ms
 ✓ lib/agent-sdk/__tests__/failure-modes-shim-loop.test.ts > detectShimLoop > returns true when second step improves but third does not 0ms
 ✓ lib/agent-sdk/__tests__/failure-modes-shim-loop.test.ts > detectShimLoop > returns true when first step flat and second step declines 0ms
 ✓ lib/agent-sdk/__tests__/failure-modes-shim-loop.test.ts > detectShimLoop > mixed files: 3 improving calls on file A, 3 flat calls on file B → true (B triggers) 0ms
 ✓ lib/agent-sdk/__tests__/failure-modes-shim-loop.test.ts > detectShimLoop > mixed files: 3 improving calls on file A, 3 improving calls on file B → false 0ms
 ✓ lib/agent-sdk/__tests__/failure-modes-shim-loop.test.ts > detectShimLoop > only considers the most recently seen file, not all files 0ms

 Test Files  5 failed | 75 passed (80)
      Tests  13 failed | 1551 passed (1564)
   Start at  16:28:28
   Duration  13.25s (transform 14.57s, setup 47.69s, import 22.78s, tests 7.37s, environment 34ms)

