EXIT:
